2018-04-10 11:03:01,440 INFO    :  * Running on http://0.0.0.0:6000/ (Press CTRL+C to quit)
2018-04-10 11:03:13,823 ERROR   : Exception on /function/test [POST]
Traceback (most recent call last):
  File "/usr/lib/python2.7/dist-packages/flask/app.py", line 1817, in wsgi_app
    response = self.full_dispatch_request()
  File "/usr/lib/python2.7/dist-packages/flask/app.py", line 1477, in full_dispatch_request
    rv = self.handle_user_exception(e)
  File "/usr/lib/python2.7/dist-packages/flask/app.py", line 1381, in handle_user_exception
    reraise(exc_type, exc_value, tb)
  File "/usr/lib/python2.7/dist-packages/flask/app.py", line 1475, in full_dispatch_request
    rv = self.dispatch_request()
  File "/usr/lib/python2.7/dist-packages/flask/app.py", line 1461, in dispatch_request
    return self.view_functions[rule.endpoint](**req.view_args)
  File "main.py", line 113, in test
    return json.dumps(resp_dict,sort_keys=True,indent=4,mimetype='application/json')
  File "/usr/lib/python2.7/json/__init__.py", line 251, in dumps
    sort_keys=sort_keys, **kw).encode(obj)
TypeError: __init__() got an unexpected keyword argument 'mimetype'
2018-04-10 11:03:13,921 INFO    : 211.103.220.74 - - [10/Apr/2018 11:03:13] "POST /function/test HTTP/1.1" 500 -
2018-04-10 11:03:34,058 INFO    : 211.103.220.74 - - [10/Apr/2018 11:03:34] "GET /function/view_project HTTP/1.1" 200 -
2018-04-10 11:03:41,072 INFO    : I get a new_project request and I will do it
2018-04-10 11:03:41,072 INFO    : I am finding id and name from request
2018-04-10 11:03:41,072 INFO    : I get them successfully
2018-04-10 11:03:41,073 INFO    : I am checking is the id in request already exist
2018-04-10 11:03:41,090 INFO    : I have done the check_id.sh
2018-04-10 11:03:41,090 WARNING : id is already exsit
2018-04-10 11:03:41,090 ERROR   : new_project failed
2018-04-10 11:03:41,090 WARNING : new_project ok
2018-04-10 11:03:41,091 INFO    : 211.103.220.74 - - [10/Apr/2018 11:03:41] "POST /ctl/new_project HTTP/1.1" 200 -
2018-04-10 11:04:26,502 INFO    : I get a new_project request and I will do it
2018-04-10 11:04:26,502 INFO    : I am finding id and name from request
2018-04-10 11:04:26,503 INFO    : I get them successfully
2018-04-10 11:04:26,503 INFO    : I am checking is the id in request already exist
2018-04-10 11:04:26,520 INFO    : I have done the check_id.sh
2018-04-10 11:04:26,521 INFO    : id not exsit
2018-04-10 11:04:26,521 WARNING : new_project ok
2018-04-10 11:04:26,521 INFO    : 211.103.220.74 - - [10/Apr/2018 11:04:26] "POST /ctl/new_project HTTP/1.1" 200 -
2018-04-10 11:21:40,279 INFO    :  * Running on http://0.0.0.0:6000/ (Press CTRL+C to quit)
2018-04-10 11:21:45,251 INFO    : new_project request
2018-04-10 11:21:45,251 INFO    : get id and name
2018-04-10 11:21:45,251 INFO    : success
2018-04-10 11:21:45,251 INFO    : check id
2018-04-10 11:21:45,269 INFO    : check_id.sh done
2018-04-10 11:21:45,270 INFO    : id not exsit
2018-04-10 11:21:45,270 WARNING : new_project ok
2018-04-10 11:21:45,270 INFO    : 211.103.220.74 - - [10/Apr/2018 11:21:45] "POST /ctl/new_project HTTP/1.1" 200 -
2018-04-10 11:24:05,566 INFO    : new_project request
2018-04-10 11:24:05,566 INFO    : get id and name
2018-04-10 11:24:05,566 WARNING : failed
2018-04-10 11:24:05,566 INFO    : 211.103.220.74 - - [10/Apr/2018 11:24:05] "POST /ctl/new_project HTTP/1.1" 200 -
2018-04-10 11:24:05,568 INFO    : new_project request
2018-04-10 11:24:05,568 INFO    : get id and name
2018-04-10 11:24:05,568 WARNING : failed
2018-04-10 11:24:05,569 INFO    : 211.103.220.74 - - [10/Apr/2018 11:24:05] "POST /ctl/new_project HTTP/1.1" 200 -
2018-04-10 11:24:05,594 INFO    : new_project request
2018-04-10 11:24:05,594 INFO    : get id and name
2018-04-10 11:24:05,594 WARNING : failed
2018-04-10 11:24:05,594 INFO    : 211.103.220.74 - - [10/Apr/2018 11:24:05] "POST /ctl/new_project HTTP/1.1" 200 -
2018-04-10 11:24:05,594 INFO    : new_project request
2018-04-10 11:24:05,595 INFO    : get id and name
2018-04-10 11:24:05,595 WARNING : failed
2018-04-10 11:24:05,595 INFO    : 211.103.220.74 - - [10/Apr/2018 11:24:05] "POST /ctl/new_project HTTP/1.1" 200 -
2018-04-10 11:24:05,595 INFO    : new_project request
2018-04-10 11:24:05,595 INFO    : get id and name
2018-04-10 11:24:05,596 WARNING : failed
2018-04-10 11:24:05,596 INFO    : 211.103.220.74 - - [10/Apr/2018 11:24:05] "POST /ctl/new_project HTTP/1.1" 200 -
2018-04-10 11:24:05,596 INFO    : new_project request
2018-04-10 11:24:05,596 INFO    : get id and name
2018-04-10 11:24:05,596 WARNING : failed
2018-04-10 11:24:05,597 INFO    : 211.103.220.74 - - [10/Apr/2018 11:24:05] "POST /ctl/new_project HTTP/1.1" 200 -
2018-04-10 11:24:05,597 INFO    : new_project request
2018-04-10 11:24:05,597 INFO    : get id and name
2018-04-10 11:24:05,597 WARNING : failed
2018-04-10 11:24:05,598 INFO    : 211.103.220.74 - - [10/Apr/2018 11:24:05] "POST /ctl/new_project HTTP/1.1" 200 -
2018-04-10 11:24:05,598 INFO    : new_project request
2018-04-10 11:24:05,598 INFO    : get id and name
2018-04-10 11:24:05,598 WARNING : failed
2018-04-10 11:24:05,599 INFO    : 211.103.220.74 - - [10/Apr/2018 11:24:05] "POST /ctl/new_project HTTP/1.1" 200 -
2018-04-10 11:24:05,599 INFO    : new_project request
2018-04-10 11:24:05,599 INFO    : get id and name
2018-04-10 11:24:05,599 WARNING : failed
2018-04-10 11:24:05,600 INFO    : 211.103.220.74 - - [10/Apr/2018 11:24:05] "POST /ctl/new_project HTTP/1.1" 200 -
2018-04-10 11:24:05,600 INFO    : new_project request
2018-04-10 11:24:05,600 INFO    : get id and name
2018-04-10 11:24:05,600 WARNING : failed
2018-04-10 11:24:05,600 INFO    : 211.103.220.74 - - [10/Apr/2018 11:24:05] "POST /ctl/new_project HTTP/1.1" 200 -
2018-04-10 11:24:05,601 INFO    : new_project request
2018-04-10 11:24:05,601 INFO    : get id and name
2018-04-10 11:24:05,601 WARNING : failed
2018-04-10 11:24:05,601 INFO    : 211.103.220.74 - - [10/Apr/2018 11:24:05] "POST /ctl/new_project HTTP/1.1" 200 -
2018-04-10 11:24:05,602 INFO    : new_project request
2018-04-10 11:24:05,602 INFO    : get id and name
2018-04-10 11:24:05,602 WARNING : failed
2018-04-10 11:24:05,602 INFO    : 211.103.220.74 - - [10/Apr/2018 11:24:05] "POST /ctl/new_project HTTP/1.1" 200 -
2018-04-10 11:24:05,603 INFO    : new_project request
2018-04-10 11:24:05,603 INFO    : get id and name
2018-04-10 11:24:05,603 WARNING : failed
2018-04-10 11:24:05,603 INFO    : 211.103.220.74 - - [10/Apr/2018 11:24:05] "POST /ctl/new_project HTTP/1.1" 200 -
2018-04-10 11:24:05,604 INFO    : new_project request
2018-04-10 11:24:05,604 INFO    : get id and name
2018-04-10 11:24:05,604 WARNING : failed
2018-04-10 11:24:05,604 INFO    : 211.103.220.74 - - [10/Apr/2018 11:24:05] "POST /ctl/new_project HTTP/1.1" 200 -
2018-04-10 11:24:05,604 INFO    : new_project request
2018-04-10 11:24:05,605 INFO    : get id and name
2018-04-10 11:24:05,605 WARNING : failed
2018-04-10 11:24:05,605 INFO    : 211.103.220.74 - - [10/Apr/2018 11:24:05] "POST /ctl/new_project HTTP/1.1" 200 -
2018-04-10 11:24:05,605 INFO    : new_project request
2018-04-10 11:24:05,605 INFO    : get id and name
2018-04-10 11:24:05,605 WARNING : failed
2018-04-10 11:24:05,606 INFO    : 211.103.220.74 - - [10/Apr/2018 11:24:05] "POST /ctl/new_project HTTP/1.1" 200 -
2018-04-10 11:24:05,606 INFO    : new_project request
2018-04-10 11:24:05,606 INFO    : get id and name
2018-04-10 11:24:05,606 WARNING : failed
2018-04-10 11:24:05,607 INFO    : 211.103.220.74 - - [10/Apr/2018 11:24:05] "POST /ctl/new_project HTTP/1.1" 200 -
2018-04-10 11:24:05,607 INFO    : new_project request
2018-04-10 11:24:05,607 INFO    : get id and name
2018-04-10 11:24:05,607 WARNING : failed
2018-04-10 11:24:05,607 INFO    : 211.103.220.74 - - [10/Apr/2018 11:24:05] "POST /ctl/new_project HTTP/1.1" 200 -
2018-04-10 11:24:05,608 INFO    : new_project request
2018-04-10 11:24:05,608 INFO    : get id and name
2018-04-10 11:24:05,608 WARNING : failed
2018-04-10 11:24:05,608 INFO    : 211.103.220.74 - - [10/Apr/2018 11:24:05] "POST /ctl/new_project HTTP/1.1" 200 -
2018-04-10 11:24:05,609 INFO    : new_project request
2018-04-10 11:24:05,609 INFO    : get id and name
2018-04-10 11:24:05,609 WARNING : failed
2018-04-10 11:24:05,609 INFO    : 211.103.220.74 - - [10/Apr/2018 11:24:05] "POST /ctl/new_project HTTP/1.1" 200 -
2018-04-10 11:24:05,610 INFO    : new_project request
2018-04-10 11:24:05,610 INFO    : get id and name
2018-04-10 11:24:05,610 WARNING : failed
2018-04-10 11:24:05,610 INFO    : 211.103.220.74 - - [10/Apr/2018 11:24:05] "POST /ctl/new_project HTTP/1.1" 200 -
2018-04-10 11:24:05,610 INFO    : new_project request
2018-04-10 11:24:05,611 INFO    : get id and name
2018-04-10 11:24:05,611 WARNING : failed
2018-04-10 11:24:05,611 INFO    : 211.103.220.74 - - [10/Apr/2018 11:24:05] "POST /ctl/new_project HTTP/1.1" 200 -
2018-04-10 11:24:05,611 INFO    : new_project request
2018-04-10 11:24:05,611 INFO    : get id and name
2018-04-10 11:24:05,612 WARNING : failed
2018-04-10 11:24:05,612 INFO    : 211.103.220.74 - - [10/Apr/2018 11:24:05] "POST /ctl/new_project HTTP/1.1" 200 -
2018-04-10 11:24:05,612 INFO    : new_project request
2018-04-10 11:24:05,612 INFO    : get id and name
2018-04-10 11:24:05,612 WARNING : failed
2018-04-10 11:24:05,613 INFO    : 211.103.220.74 - - [10/Apr/2018 11:24:05] "POST /ctl/new_project HTTP/1.1" 200 -
2018-04-10 11:24:05,613 INFO    : new_project request
2018-04-10 11:24:05,613 INFO    : get id and name
2018-04-10 11:24:05,613 WARNING : failed
2018-04-10 11:24:05,613 INFO    : 211.103.220.74 - - [10/Apr/2018 11:24:05] "POST /ctl/new_project HTTP/1.1" 200 -
2018-04-10 11:24:05,614 INFO    : new_project request
2018-04-10 11:24:05,614 INFO    : get id and name
2018-04-10 11:24:05,614 WARNING : failed
2018-04-10 11:24:05,614 INFO    : 211.103.220.74 - - [10/Apr/2018 11:24:05] "POST /ctl/new_project HTTP/1.1" 200 -
2018-04-10 11:24:05,615 INFO    : new_project request
2018-04-10 11:24:05,615 INFO    : get id and name
2018-04-10 11:24:05,615 WARNING : failed
2018-04-10 11:24:05,615 INFO    : 211.103.220.74 - - [10/Apr/2018 11:24:05] "POST /ctl/new_project HTTP/1.1" 200 -
2018-04-10 11:24:05,616 INFO    : new_project request
2018-04-10 11:24:05,616 INFO    : get id and name
2018-04-10 11:24:05,616 WARNING : failed
2018-04-10 11:24:05,616 INFO    : 211.103.220.74 - - [10/Apr/2018 11:24:05] "POST /ctl/new_project HTTP/1.1" 200 -
2018-04-10 11:24:05,616 INFO    : new_project request
2018-04-10 11:24:05,617 INFO    : get id and name
2018-04-10 11:24:05,617 WARNING : failed
2018-04-10 11:24:05,617 INFO    : 211.103.220.74 - - [10/Apr/2018 11:24:05] "POST /ctl/new_project HTTP/1.1" 200 -
2018-04-10 11:24:05,617 INFO    : new_project request
2018-04-10 11:24:05,617 INFO    : get id and name
2018-04-10 11:24:05,618 WARNING : failed
2018-04-10 11:24:05,618 INFO    : 211.103.220.74 - - [10/Apr/2018 11:24:05] "POST /ctl/new_project HTTP/1.1" 200 -
2018-04-10 11:24:05,618 INFO    : new_project request
2018-04-10 11:24:05,618 INFO    : get id and name
2018-04-10 11:24:05,618 WARNING : failed
2018-04-10 11:24:05,619 INFO    : 211.103.220.74 - - [10/Apr/2018 11:24:05] "POST /ctl/new_project HTTP/1.1" 200 -
2018-04-10 11:24:05,619 INFO    : new_project request
2018-04-10 11:24:05,619 INFO    : get id and name
2018-04-10 11:24:05,619 WARNING : failed
2018-04-10 11:24:05,620 INFO    : 211.103.220.74 - - [10/Apr/2018 11:24:05] "POST /ctl/new_project HTTP/1.1" 200 -
2018-04-10 11:24:05,620 INFO    : new_project request
2018-04-10 11:24:05,620 INFO    : get id and name
2018-04-10 11:24:05,620 WARNING : failed
2018-04-10 11:24:05,620 INFO    : 211.103.220.74 - - [10/Apr/2018 11:24:05] "POST /ctl/new_project HTTP/1.1" 200 -
2018-04-10 11:24:05,621 INFO    : new_project request
2018-04-10 11:24:05,621 INFO    : get id and name
2018-04-10 11:24:05,621 WARNING : failed
2018-04-10 11:24:05,621 INFO    : 211.103.220.74 - - [10/Apr/2018 11:24:05] "POST /ctl/new_project HTTP/1.1" 200 -
2018-04-10 11:24:05,622 INFO    : new_project request
2018-04-10 11:24:05,622 INFO    : get id and name
2018-04-10 11:24:05,622 WARNING : failed
2018-04-10 11:24:05,622 INFO    : 211.103.220.74 - - [10/Apr/2018 11:24:05] "POST /ctl/new_project HTTP/1.1" 200 -
2018-04-10 11:24:05,623 INFO    : new_project request
2018-04-10 11:24:05,623 INFO    : get id and name
2018-04-10 11:24:05,623 WARNING : failed
2018-04-10 11:24:05,623 INFO    : 211.103.220.74 - - [10/Apr/2018 11:24:05] "POST /ctl/new_project HTTP/1.1" 200 -
2018-04-10 11:24:05,623 INFO    : new_project request
2018-04-10 11:24:05,623 INFO    : get id and name
2018-04-10 11:24:05,624 WARNING : failed
2018-04-10 11:24:05,624 INFO    : 211.103.220.74 - - [10/Apr/2018 11:24:05] "POST /ctl/new_project HTTP/1.1" 200 -
2018-04-10 11:24:05,624 INFO    : new_project request
2018-04-10 11:24:05,624 INFO    : get id and name
2018-04-10 11:24:05,625 WARNING : failed
2018-04-10 11:24:05,625 INFO    : 211.103.220.74 - - [10/Apr/2018 11:24:05] "POST /ctl/new_project HTTP/1.1" 200 -
2018-04-10 11:24:05,625 INFO    : new_project request
2018-04-10 11:24:05,625 INFO    : get id and name
2018-04-10 11:24:05,625 WARNING : failed
2018-04-10 11:24:05,626 INFO    : 211.103.220.74 - - [10/Apr/2018 11:24:05] "POST /ctl/new_project HTTP/1.1" 200 -
2018-04-10 11:24:05,626 INFO    : new_project request
2018-04-10 11:24:05,626 INFO    : get id and name
2018-04-10 11:24:05,626 WARNING : failed
2018-04-10 11:24:05,627 INFO    : 211.103.220.74 - - [10/Apr/2018 11:24:05] "POST /ctl/new_project HTTP/1.1" 200 -
2018-04-10 11:24:05,627 INFO    : new_project request
2018-04-10 11:24:05,627 INFO    : get id and name
2018-04-10 11:24:05,627 WARNING : failed
2018-04-10 11:24:05,627 INFO    : 211.103.220.74 - - [10/Apr/2018 11:24:05] "POST /ctl/new_project HTTP/1.1" 200 -
2018-04-10 11:24:05,628 INFO    : new_project request
2018-04-10 11:24:05,628 INFO    : get id and name
2018-04-10 11:24:05,628 WARNING : failed
2018-04-10 11:24:05,628 INFO    : 211.103.220.74 - - [10/Apr/2018 11:24:05] "POST /ctl/new_project HTTP/1.1" 200 -
2018-04-10 11:24:05,629 INFO    : new_project request
2018-04-10 11:24:05,629 INFO    : get id and name
2018-04-10 11:24:05,629 WARNING : failed
2018-04-10 11:24:05,629 INFO    : 211.103.220.74 - - [10/Apr/2018 11:24:05] "POST /ctl/new_project HTTP/1.1" 200 -
2018-04-10 11:24:05,630 INFO    : new_project request
2018-04-10 11:24:05,630 INFO    : get id and name
2018-04-10 11:24:05,630 WARNING : failed
2018-04-10 11:24:05,630 INFO    : 211.103.220.74 - - [10/Apr/2018 11:24:05] "POST /ctl/new_project HTTP/1.1" 200 -
2018-04-10 11:24:05,630 INFO    : new_project request
2018-04-10 11:24:05,631 INFO    : get id and name
2018-04-10 11:24:05,631 WARNING : failed
2018-04-10 11:24:05,631 INFO    : 211.103.220.74 - - [10/Apr/2018 11:24:05] "POST /ctl/new_project HTTP/1.1" 200 -
2018-04-10 11:24:05,631 INFO    : new_project request
2018-04-10 11:24:05,631 INFO    : get id and name
2018-04-10 11:24:05,632 WARNING : failed
2018-04-10 11:24:05,632 INFO    : 211.103.220.74 - - [10/Apr/2018 11:24:05] "POST /ctl/new_project HTTP/1.1" 200 -
2018-04-10 11:24:05,632 INFO    : new_project request
2018-04-10 11:24:05,632 INFO    : get id and name
2018-04-10 11:24:05,632 WARNING : failed
2018-04-10 11:24:05,633 INFO    : 211.103.220.74 - - [10/Apr/2018 11:24:05] "POST /ctl/new_project HTTP/1.1" 200 -
2018-04-10 11:24:05,633 INFO    : new_project request
2018-04-10 11:24:05,633 INFO    : get id and name
2018-04-10 11:24:05,633 WARNING : failed
2018-04-10 11:24:05,634 INFO    : 211.103.220.74 - - [10/Apr/2018 11:24:05] "POST /ctl/new_project HTTP/1.1" 200 -
2018-04-10 11:24:05,634 INFO    : new_project request
2018-04-10 11:24:05,634 INFO    : get id and name
2018-04-10 11:24:05,634 WARNING : failed
2018-04-10 11:24:05,634 INFO    : 211.103.220.74 - - [10/Apr/2018 11:24:05] "POST /ctl/new_project HTTP/1.1" 200 -
2018-04-10 11:24:05,635 INFO    : new_project request
2018-04-10 11:24:05,635 INFO    : get id and name
2018-04-10 11:24:05,635 WARNING : failed
2018-04-10 11:24:05,635 INFO    : 211.103.220.74 - - [10/Apr/2018 11:24:05] "POST /ctl/new_project HTTP/1.1" 200 -
2018-04-10 11:24:05,636 INFO    : new_project request
2018-04-10 11:24:05,636 INFO    : get id and name
2018-04-10 11:24:05,636 WARNING : failed
2018-04-10 11:24:05,636 INFO    : 211.103.220.74 - - [10/Apr/2018 11:24:05] "POST /ctl/new_project HTTP/1.1" 200 -
2018-04-10 11:24:05,637 INFO    : new_project request
2018-04-10 11:24:05,637 INFO    : get id and name
2018-04-10 11:24:05,637 WARNING : failed
2018-04-10 11:24:05,637 INFO    : 211.103.220.74 - - [10/Apr/2018 11:24:05] "POST /ctl/new_project HTTP/1.1" 200 -
2018-04-10 11:24:05,637 INFO    : new_project request
2018-04-10 11:24:05,638 INFO    : get id and name
2018-04-10 11:24:05,638 WARNING : failed
2018-04-10 11:24:05,638 INFO    : 211.103.220.74 - - [10/Apr/2018 11:24:05] "POST /ctl/new_project HTTP/1.1" 200 -
2018-04-10 11:24:05,638 INFO    : new_project request
2018-04-10 11:24:05,638 INFO    : get id and name
2018-04-10 11:24:05,638 WARNING : failed
2018-04-10 11:24:05,639 INFO    : 211.103.220.74 - - [10/Apr/2018 11:24:05] "POST /ctl/new_project HTTP/1.1" 200 -
2018-04-10 11:24:05,639 INFO    : new_project request
2018-04-10 11:24:05,639 INFO    : get id and name
2018-04-10 11:24:05,639 WARNING : failed
2018-04-10 11:24:05,640 INFO    : 211.103.220.74 - - [10/Apr/2018 11:24:05] "POST /ctl/new_project HTTP/1.1" 200 -
2018-04-10 11:24:05,640 INFO    : new_project request
2018-04-10 11:24:05,640 INFO    : get id and name
2018-04-10 11:24:05,640 WARNING : failed
2018-04-10 11:24:05,640 INFO    : 211.103.220.74 - - [10/Apr/2018 11:24:05] "POST /ctl/new_project HTTP/1.1" 200 -
2018-04-10 11:24:05,641 INFO    : new_project request
2018-04-10 11:24:05,641 INFO    : get id and name
2018-04-10 11:24:05,641 WARNING : failed
2018-04-10 11:24:05,641 INFO    : 211.103.220.74 - - [10/Apr/2018 11:24:05] "POST /ctl/new_project HTTP/1.1" 200 -
2018-04-10 11:24:05,642 INFO    : new_project request
2018-04-10 11:24:05,642 INFO    : get id and name
2018-04-10 11:24:05,642 WARNING : failed
2018-04-10 11:24:05,642 INFO    : 211.103.220.74 - - [10/Apr/2018 11:24:05] "POST /ctl/new_project HTTP/1.1" 200 -
2018-04-10 11:24:05,643 INFO    : new_project request
2018-04-10 11:24:05,643 INFO    : get id and name
2018-04-10 11:24:05,643 WARNING : failed
2018-04-10 11:24:05,643 INFO    : 211.103.220.74 - - [10/Apr/2018 11:24:05] "POST /ctl/new_project HTTP/1.1" 200 -
2018-04-10 11:24:05,644 INFO    : new_project request
2018-04-10 11:24:05,644 INFO    : get id and name
2018-04-10 11:24:05,644 WARNING : failed
2018-04-10 11:24:05,644 INFO    : 211.103.220.74 - - [10/Apr/2018 11:24:05] "POST /ctl/new_project HTTP/1.1" 200 -
2018-04-10 11:24:05,644 INFO    : new_project request
2018-04-10 11:24:05,645 INFO    : get id and name
2018-04-10 11:24:05,645 WARNING : failed
2018-04-10 11:24:05,645 INFO    : 211.103.220.74 - - [10/Apr/2018 11:24:05] "POST /ctl/new_project HTTP/1.1" 200 -
2018-04-10 11:24:05,645 INFO    : new_project request
2018-04-10 11:24:05,645 INFO    : get id and name
2018-04-10 11:24:05,645 WARNING : failed
2018-04-10 11:24:05,646 INFO    : 211.103.220.74 - - [10/Apr/2018 11:24:05] "POST /ctl/new_project HTTP/1.1" 200 -
2018-04-10 11:24:05,646 INFO    : new_project request
2018-04-10 11:24:05,646 INFO    : get id and name
2018-04-10 11:24:05,646 WARNING : failed
2018-04-10 11:24:05,647 INFO    : 211.103.220.74 - - [10/Apr/2018 11:24:05] "POST /ctl/new_project HTTP/1.1" 200 -
2018-04-10 11:24:05,647 INFO    : new_project request
2018-04-10 11:24:05,647 INFO    : get id and name
2018-04-10 11:24:05,647 WARNING : failed
2018-04-10 11:24:05,647 INFO    : 211.103.220.74 - - [10/Apr/2018 11:24:05] "POST /ctl/new_project HTTP/1.1" 200 -
2018-04-10 11:24:05,648 INFO    : new_project request
2018-04-10 11:24:05,648 INFO    : get id and name
2018-04-10 11:24:05,648 WARNING : failed
2018-04-10 11:24:05,648 INFO    : 211.103.220.74 - - [10/Apr/2018 11:24:05] "POST /ctl/new_project HTTP/1.1" 200 -
2018-04-10 11:24:05,649 INFO    : new_project request
2018-04-10 11:24:05,649 INFO    : get id and name
2018-04-10 11:24:05,649 WARNING : failed
2018-04-10 11:24:05,649 INFO    : 211.103.220.74 - - [10/Apr/2018 11:24:05] "POST /ctl/new_project HTTP/1.1" 200 -
2018-04-10 11:24:05,650 INFO    : new_project request
2018-04-10 11:24:05,650 INFO    : get id and name
2018-04-10 11:24:05,650 WARNING : failed
2018-04-10 11:24:05,650 INFO    : 211.103.220.74 - - [10/Apr/2018 11:24:05] "POST /ctl/new_project HTTP/1.1" 200 -
2018-04-10 11:24:05,650 INFO    : new_project request
2018-04-10 11:24:05,651 INFO    : get id and name
2018-04-10 11:24:05,651 WARNING : failed
2018-04-10 11:24:05,651 INFO    : 211.103.220.74 - - [10/Apr/2018 11:24:05] "POST /ctl/new_project HTTP/1.1" 200 -
2018-04-10 11:24:05,651 INFO    : new_project request
2018-04-10 11:24:05,651 INFO    : get id and name
2018-04-10 11:24:05,651 WARNING : failed
2018-04-10 11:24:05,652 INFO    : 211.103.220.74 - - [10/Apr/2018 11:24:05] "POST /ctl/new_project HTTP/1.1" 200 -
2018-04-10 11:24:05,652 INFO    : new_project request
2018-04-10 11:24:05,652 INFO    : get id and name
2018-04-10 11:24:05,652 WARNING : failed
2018-04-10 11:24:05,653 INFO    : 211.103.220.74 - - [10/Apr/2018 11:24:05] "POST /ctl/new_project HTTP/1.1" 200 -
2018-04-10 11:24:05,653 INFO    : new_project request
2018-04-10 11:24:05,653 INFO    : get id and name
2018-04-10 11:24:05,653 WARNING : failed
2018-04-10 11:24:05,654 INFO    : 211.103.220.74 - - [10/Apr/2018 11:24:05] "POST /ctl/new_project HTTP/1.1" 200 -
2018-04-10 11:24:05,654 INFO    : new_project request
2018-04-10 11:24:05,654 INFO    : get id and name
2018-04-10 11:24:05,654 WARNING : failed
2018-04-10 11:24:05,654 INFO    : 211.103.220.74 - - [10/Apr/2018 11:24:05] "POST /ctl/new_project HTTP/1.1" 200 -
2018-04-10 11:24:05,655 INFO    : new_project request
2018-04-10 11:24:05,655 INFO    : get id and name
2018-04-10 11:24:05,655 WARNING : failed
2018-04-10 11:24:05,655 INFO    : 211.103.220.74 - - [10/Apr/2018 11:24:05] "POST /ctl/new_project HTTP/1.1" 200 -
2018-04-10 11:24:05,656 INFO    : new_project request
2018-04-10 11:24:05,656 INFO    : get id and name
2018-04-10 11:24:05,656 WARNING : failed
2018-04-10 11:24:05,656 INFO    : 211.103.220.74 - - [10/Apr/2018 11:24:05] "POST /ctl/new_project HTTP/1.1" 200 -
2018-04-10 11:24:05,657 INFO    : new_project request
2018-04-10 11:24:05,657 INFO    : get id and name
2018-04-10 11:24:05,657 WARNING : failed
2018-04-10 11:24:05,657 INFO    : 211.103.220.74 - - [10/Apr/2018 11:24:05] "POST /ctl/new_project HTTP/1.1" 200 -
2018-04-10 11:24:05,658 INFO    : new_project request
2018-04-10 11:24:05,658 INFO    : get id and name
2018-04-10 11:24:05,658 WARNING : failed
2018-04-10 11:24:05,658 INFO    : 211.103.220.74 - - [10/Apr/2018 11:24:05] "POST /ctl/new_project HTTP/1.1" 200 -
2018-04-10 11:24:05,659 INFO    : new_project request
2018-04-10 11:24:05,659 INFO    : get id and name
2018-04-10 11:24:05,659 WARNING : failed
2018-04-10 11:24:05,659 INFO    : 211.103.220.74 - - [10/Apr/2018 11:24:05] "POST /ctl/new_project HTTP/1.1" 200 -
2018-04-10 11:24:05,660 INFO    : new_project request
2018-04-10 11:24:05,660 INFO    : get id and name
2018-04-10 11:24:05,660 WARNING : failed
2018-04-10 11:24:05,660 INFO    : 211.103.220.74 - - [10/Apr/2018 11:24:05] "POST /ctl/new_project HTTP/1.1" 200 -
2018-04-10 11:24:05,660 INFO    : new_project request
2018-04-10 11:24:05,661 INFO    : get id and name
2018-04-10 11:24:05,661 WARNING : failed
2018-04-10 11:24:05,661 INFO    : 211.103.220.74 - - [10/Apr/2018 11:24:05] "POST /ctl/new_project HTTP/1.1" 200 -
2018-04-10 11:24:05,661 INFO    : new_project request
2018-04-10 11:24:05,662 INFO    : get id and name
2018-04-10 11:24:05,662 WARNING : failed
2018-04-10 11:24:05,663 INFO    : 211.103.220.74 - - [10/Apr/2018 11:24:05] "POST /ctl/new_project HTTP/1.1" 200 -
2018-04-10 11:24:05,664 INFO    : new_project request
2018-04-10 11:24:05,664 INFO    : get id and name
2018-04-10 11:24:05,664 WARNING : failed
2018-04-10 11:24:05,664 INFO    : 211.103.220.74 - - [10/Apr/2018 11:24:05] "POST /ctl/new_project HTTP/1.1" 200 -
2018-04-10 11:24:05,664 INFO    : new_project request
2018-04-10 11:24:05,665 INFO    : get id and name
2018-04-10 11:24:05,665 WARNING : failed
2018-04-10 11:24:05,665 INFO    : 211.103.220.74 - - [10/Apr/2018 11:24:05] "POST /ctl/new_project HTTP/1.1" 200 -
2018-04-10 11:24:05,665 INFO    : new_project request
2018-04-10 11:24:05,665 INFO    : get id and name
2018-04-10 11:24:05,666 WARNING : failed
2018-04-10 11:24:05,666 INFO    : 211.103.220.74 - - [10/Apr/2018 11:24:05] "POST /ctl/new_project HTTP/1.1" 200 -
2018-04-10 11:24:05,666 INFO    : new_project request
2018-04-10 11:24:05,666 INFO    : get id and name
2018-04-10 11:24:05,666 WARNING : failed
2018-04-10 11:24:05,667 INFO    : 211.103.220.74 - - [10/Apr/2018 11:24:05] "POST /ctl/new_project HTTP/1.1" 200 -
2018-04-10 11:24:05,667 INFO    : new_project request
2018-04-10 11:24:05,667 INFO    : get id and name
2018-04-10 11:24:05,667 WARNING : failed
2018-04-10 11:24:05,668 INFO    : 211.103.220.74 - - [10/Apr/2018 11:24:05] "POST /ctl/new_project HTTP/1.1" 200 -
2018-04-10 11:24:05,668 INFO    : new_project request
2018-04-10 11:24:05,668 INFO    : get id and name
2018-04-10 11:24:05,668 WARNING : failed
2018-04-10 11:24:05,668 INFO    : 211.103.220.74 - - [10/Apr/2018 11:24:05] "POST /ctl/new_project HTTP/1.1" 200 -
2018-04-10 11:24:05,669 INFO    : new_project request
2018-04-10 11:24:05,669 INFO    : get id and name
2018-04-10 11:24:05,669 WARNING : failed
2018-04-10 11:24:05,669 INFO    : 211.103.220.74 - - [10/Apr/2018 11:24:05] "POST /ctl/new_project HTTP/1.1" 200 -
2018-04-10 11:24:05,670 INFO    : new_project request
2018-04-10 11:24:05,670 INFO    : get id and name
2018-04-10 11:24:05,670 WARNING : failed
2018-04-10 11:24:05,670 INFO    : 211.103.220.74 - - [10/Apr/2018 11:24:05] "POST /ctl/new_project HTTP/1.1" 200 -
2018-04-10 11:24:05,671 INFO    : new_project request
2018-04-10 11:24:05,671 INFO    : get id and name
2018-04-10 11:24:05,671 WARNING : failed
2018-04-10 11:24:05,671 INFO    : 211.103.220.74 - - [10/Apr/2018 11:24:05] "POST /ctl/new_project HTTP/1.1" 200 -
2018-04-10 11:24:05,671 INFO    : new_project request
2018-04-10 11:24:05,672 INFO    : get id and name
2018-04-10 11:24:05,672 WARNING : failed
2018-04-10 11:24:05,672 INFO    : 211.103.220.74 - - [10/Apr/2018 11:24:05] "POST /ctl/new_project HTTP/1.1" 200 -
2018-04-10 11:24:05,672 INFO    : new_project request
2018-04-10 11:24:05,672 INFO    : get id and name
2018-04-10 11:24:05,672 WARNING : failed
2018-04-10 11:24:05,673 INFO    : 211.103.220.74 - - [10/Apr/2018 11:24:05] "POST /ctl/new_project HTTP/1.1" 200 -
2018-04-10 11:24:05,673 INFO    : new_project request
2018-04-10 11:24:05,673 INFO    : get id and name
2018-04-10 11:24:05,673 WARNING : failed
2018-04-10 11:24:05,674 INFO    : 211.103.220.74 - - [10/Apr/2018 11:24:05] "POST /ctl/new_project HTTP/1.1" 200 -
2018-04-10 11:24:05,674 INFO    : new_project request
2018-04-10 11:24:05,674 INFO    : get id and name
2018-04-10 11:24:05,674 WARNING : failed
2018-04-10 11:24:05,675 INFO    : 211.103.220.74 - - [10/Apr/2018 11:24:05] "POST /ctl/new_project HTTP/1.1" 200 -
2018-04-10 11:24:05,675 INFO    : new_project request
2018-04-10 11:24:05,675 INFO    : get id and name
2018-04-10 11:24:05,675 WARNING : failed
2018-04-10 11:24:05,676 INFO    : 211.103.220.74 - - [10/Apr/2018 11:24:05] "POST /ctl/new_project HTTP/1.1" 200 -
2018-04-10 11:24:05,676 INFO    : new_project request
2018-04-10 11:24:05,676 INFO    : get id and name
2018-04-10 11:24:05,676 WARNING : failed
2018-04-10 11:24:05,676 INFO    : 211.103.220.74 - - [10/Apr/2018 11:24:05] "POST /ctl/new_project HTTP/1.1" 200 -
2018-04-10 11:24:05,677 INFO    : new_project request
2018-04-10 11:24:05,677 INFO    : get id and name
2018-04-10 11:24:05,677 WARNING : failed
2018-04-10 11:24:05,677 INFO    : 211.103.220.74 - - [10/Apr/2018 11:24:05] "POST /ctl/new_project HTTP/1.1" 200 -
2018-04-10 11:24:05,678 INFO    : new_project request
2018-04-10 11:24:05,678 INFO    : get id and name
2018-04-10 11:24:05,678 WARNING : failed
2018-04-10 11:24:05,678 INFO    : 211.103.220.74 - - [10/Apr/2018 11:24:05] "POST /ctl/new_project HTTP/1.1" 200 -
2018-04-10 11:24:05,679 INFO    : new_project request
2018-04-10 11:24:05,679 INFO    : get id and name
2018-04-10 11:24:05,679 WARNING : failed
2018-04-10 11:24:05,679 INFO    : 211.103.220.74 - - [10/Apr/2018 11:24:05] "POST /ctl/new_project HTTP/1.1" 200 -
2018-04-10 11:24:05,679 INFO    : new_project request
2018-04-10 11:24:05,680 INFO    : get id and name
2018-04-10 11:24:05,680 WARNING : failed
2018-04-10 11:24:05,680 INFO    : 211.103.220.74 - - [10/Apr/2018 11:24:05] "POST /ctl/new_project HTTP/1.1" 200 -
2018-04-10 11:24:05,680 INFO    : new_project request
2018-04-10 11:24:05,680 INFO    : get id and name
2018-04-10 11:24:05,681 WARNING : failed
2018-04-10 11:24:05,681 INFO    : 211.103.220.74 - - [10/Apr/2018 11:24:05] "POST /ctl/new_project HTTP/1.1" 200 -
2018-04-10 11:24:05,681 INFO    : new_project request
2018-04-10 11:24:05,681 INFO    : get id and name
2018-04-10 11:24:05,681 WARNING : failed
2018-04-10 11:24:05,682 INFO    : 211.103.220.74 - - [10/Apr/2018 11:24:05] "POST /ctl/new_project HTTP/1.1" 200 -
2018-04-10 11:24:05,682 INFO    : new_project request
2018-04-10 11:24:05,682 INFO    : get id and name
2018-04-10 11:24:05,682 WARNING : failed
2018-04-10 11:24:05,683 INFO    : 211.103.220.74 - - [10/Apr/2018 11:24:05] "POST /ctl/new_project HTTP/1.1" 200 -
2018-04-10 11:24:05,683 INFO    : new_project request
2018-04-10 11:24:05,683 INFO    : get id and name
2018-04-10 11:24:05,683 WARNING : failed
2018-04-10 11:24:05,683 INFO    : 211.103.220.74 - - [10/Apr/2018 11:24:05] "POST /ctl/new_project HTTP/1.1" 200 -
2018-04-10 11:24:05,684 INFO    : new_project request
2018-04-10 11:24:05,684 INFO    : get id and name
2018-04-10 11:24:05,684 WARNING : failed
2018-04-10 11:24:05,684 INFO    : 211.103.220.74 - - [10/Apr/2018 11:24:05] "POST /ctl/new_project HTTP/1.1" 200 -
2018-04-10 11:24:05,685 INFO    : new_project request
2018-04-10 11:24:05,685 INFO    : get id and name
2018-04-10 11:24:05,685 WARNING : failed
2018-04-10 11:24:05,685 INFO    : 211.103.220.74 - - [10/Apr/2018 11:24:05] "POST /ctl/new_project HTTP/1.1" 200 -
2018-04-10 11:24:05,686 INFO    : new_project request
2018-04-10 11:24:05,686 INFO    : get id and name
2018-04-10 11:24:05,686 WARNING : failed
2018-04-10 11:24:05,686 INFO    : 211.103.220.74 - - [10/Apr/2018 11:24:05] "POST /ctl/new_project HTTP/1.1" 200 -
2018-04-10 11:24:05,686 INFO    : new_project request
2018-04-10 11:24:05,687 INFO    : get id and name
2018-04-10 11:24:05,687 WARNING : failed
2018-04-10 11:24:05,687 INFO    : 211.103.220.74 - - [10/Apr/2018 11:24:05] "POST /ctl/new_project HTTP/1.1" 200 -
2018-04-10 11:24:05,687 INFO    : new_project request
2018-04-10 11:24:05,687 INFO    : get id and name
2018-04-10 11:24:05,687 WARNING : failed
2018-04-10 11:24:05,688 INFO    : 211.103.220.74 - - [10/Apr/2018 11:24:05] "POST /ctl/new_project HTTP/1.1" 200 -
2018-04-10 11:24:05,688 INFO    : new_project request
2018-04-10 11:24:05,688 INFO    : get id and name
2018-04-10 11:24:05,688 WARNING : failed
2018-04-10 11:24:05,689 INFO    : 211.103.220.74 - - [10/Apr/2018 11:24:05] "POST /ctl/new_project HTTP/1.1" 200 -
2018-04-10 11:24:05,689 INFO    : new_project request
2018-04-10 11:24:05,689 INFO    : get id and name
2018-04-10 11:24:05,689 WARNING : failed
2018-04-10 11:24:05,689 INFO    : 211.103.220.74 - - [10/Apr/2018 11:24:05] "POST /ctl/new_project HTTP/1.1" 200 -
2018-04-10 11:24:05,690 INFO    : new_project request
2018-04-10 11:24:05,690 INFO    : get id and name
2018-04-10 11:24:05,690 WARNING : failed
2018-04-10 11:24:05,690 INFO    : 211.103.220.74 - - [10/Apr/2018 11:24:05] "POST /ctl/new_project HTTP/1.1" 200 -
2018-04-10 11:24:05,691 INFO    : new_project request
2018-04-10 11:24:05,691 INFO    : get id and name
2018-04-10 11:24:05,691 WARNING : failed
2018-04-10 11:24:05,691 INFO    : 211.103.220.74 - - [10/Apr/2018 11:24:05] "POST /ctl/new_project HTTP/1.1" 200 -
2018-04-10 11:24:05,692 INFO    : new_project request
2018-04-10 11:24:05,692 INFO    : get id and name
2018-04-10 11:24:05,692 WARNING : failed
2018-04-10 11:24:05,692 INFO    : 211.103.220.74 - - [10/Apr/2018 11:24:05] "POST /ctl/new_project HTTP/1.1" 200 -
2018-04-10 11:24:05,692 INFO    : new_project request
2018-04-10 11:24:05,693 INFO    : get id and name
2018-04-10 11:24:05,693 WARNING : failed
2018-04-10 11:24:05,693 INFO    : 211.103.220.74 - - [10/Apr/2018 11:24:05] "POST /ctl/new_project HTTP/1.1" 200 -
2018-04-10 11:24:05,693 INFO    : new_project request
2018-04-10 11:24:05,693 INFO    : get id and name
2018-04-10 11:24:05,693 WARNING : failed
2018-04-10 11:24:05,694 INFO    : 211.103.220.74 - - [10/Apr/2018 11:24:05] "POST /ctl/new_project HTTP/1.1" 200 -
2018-04-10 11:24:05,694 INFO    : new_project request
2018-04-10 11:24:05,694 INFO    : get id and name
2018-04-10 11:24:05,694 WARNING : failed
2018-04-10 11:24:05,695 INFO    : 211.103.220.74 - - [10/Apr/2018 11:24:05] "POST /ctl/new_project HTTP/1.1" 200 -
2018-04-10 11:24:05,695 INFO    : new_project request
2018-04-10 11:24:05,695 INFO    : get id and name
2018-04-10 11:24:05,695 WARNING : failed
2018-04-10 11:24:05,695 INFO    : 211.103.220.74 - - [10/Apr/2018 11:24:05] "POST /ctl/new_project HTTP/1.1" 200 -
2018-04-10 11:24:05,696 INFO    : new_project request
2018-04-10 11:24:05,696 INFO    : get id and name
2018-04-10 11:24:05,696 WARNING : failed
2018-04-10 11:24:05,696 INFO    : 211.103.220.74 - - [10/Apr/2018 11:24:05] "POST /ctl/new_project HTTP/1.1" 200 -
2018-04-10 11:24:05,697 INFO    : new_project request
2018-04-10 11:24:05,697 INFO    : get id and name
2018-04-10 11:24:05,697 WARNING : failed
2018-04-10 11:24:05,697 INFO    : 211.103.220.74 - - [10/Apr/2018 11:24:05] "POST /ctl/new_project HTTP/1.1" 200 -
2018-04-10 11:24:05,698 INFO    : new_project request
2018-04-10 11:24:05,698 INFO    : get id and name
2018-04-10 11:24:05,698 WARNING : failed
2018-04-10 11:24:05,698 INFO    : 211.103.220.74 - - [10/Apr/2018 11:24:05] "POST /ctl/new_project HTTP/1.1" 200 -
2018-04-10 11:24:05,699 INFO    : new_project request
2018-04-10 11:24:05,699 INFO    : get id and name
2018-04-10 11:24:05,699 WARNING : failed
2018-04-10 11:24:05,699 INFO    : 211.103.220.74 - - [10/Apr/2018 11:24:05] "POST /ctl/new_project HTTP/1.1" 200 -
2018-04-10 11:24:05,699 INFO    : new_project request
2018-04-10 11:24:05,700 INFO    : get id and name
2018-04-10 11:24:05,700 WARNING : failed
2018-04-10 11:24:05,700 INFO    : 211.103.220.74 - - [10/Apr/2018 11:24:05] "POST /ctl/new_project HTTP/1.1" 200 -
2018-04-10 11:24:05,700 INFO    : new_project request
2018-04-10 11:24:05,700 INFO    : get id and name
2018-04-10 11:24:05,700 WARNING : failed
2018-04-10 11:24:05,701 INFO    : 211.103.220.74 - - [10/Apr/2018 11:24:05] "POST /ctl/new_project HTTP/1.1" 200 -
2018-04-10 11:24:05,701 INFO    : new_project request
2018-04-10 11:24:05,701 INFO    : get id and name
2018-04-10 11:24:05,701 WARNING : failed
2018-04-10 11:24:05,702 INFO    : 211.103.220.74 - - [10/Apr/2018 11:24:05] "POST /ctl/new_project HTTP/1.1" 200 -
2018-04-10 11:24:05,702 INFO    : new_project request
2018-04-10 11:24:05,702 INFO    : get id and name
2018-04-10 11:24:05,702 WARNING : failed
2018-04-10 11:24:05,703 INFO    : 211.103.220.74 - - [10/Apr/2018 11:24:05] "POST /ctl/new_project HTTP/1.1" 200 -
2018-04-10 11:24:05,703 INFO    : new_project request
2018-04-10 11:24:05,703 INFO    : get id and name
2018-04-10 11:24:05,703 WARNING : failed
2018-04-10 11:24:05,703 INFO    : 211.103.220.74 - - [10/Apr/2018 11:24:05] "POST /ctl/new_project HTTP/1.1" 200 -
2018-04-10 11:24:05,704 INFO    : new_project request
2018-04-10 11:24:05,704 INFO    : get id and name
2018-04-10 11:24:05,704 WARNING : failed
2018-04-10 11:24:05,704 INFO    : 211.103.220.74 - - [10/Apr/2018 11:24:05] "POST /ctl/new_project HTTP/1.1" 200 -
2018-04-10 11:24:05,705 INFO    : new_project request
2018-04-10 11:24:05,705 INFO    : get id and name
2018-04-10 11:24:05,705 WARNING : failed
2018-04-10 11:24:05,705 INFO    : 211.103.220.74 - - [10/Apr/2018 11:24:05] "POST /ctl/new_project HTTP/1.1" 200 -
2018-04-10 11:24:05,706 INFO    : new_project request
2018-04-10 11:24:05,706 INFO    : get id and name
2018-04-10 11:24:05,706 WARNING : failed
2018-04-10 11:24:05,706 INFO    : 211.103.220.74 - - [10/Apr/2018 11:24:05] "POST /ctl/new_project HTTP/1.1" 200 -
2018-04-10 11:24:05,707 INFO    : new_project request
2018-04-10 11:24:05,707 INFO    : get id and name
2018-04-10 11:24:05,707 WARNING : failed
2018-04-10 11:24:05,707 INFO    : 211.103.220.74 - - [10/Apr/2018 11:24:05] "POST /ctl/new_project HTTP/1.1" 200 -
2018-04-10 11:24:05,707 INFO    : new_project request
2018-04-10 11:24:05,708 INFO    : get id and name
2018-04-10 11:24:05,708 WARNING : failed
2018-04-10 11:24:05,708 INFO    : 211.103.220.74 - - [10/Apr/2018 11:24:05] "POST /ctl/new_project HTTP/1.1" 200 -
2018-04-10 11:24:05,708 INFO    : new_project request
2018-04-10 11:24:05,708 INFO    : get id and name
2018-04-10 11:24:05,709 WARNING : failed
2018-04-10 11:24:05,709 INFO    : 211.103.220.74 - - [10/Apr/2018 11:24:05] "POST /ctl/new_project HTTP/1.1" 200 -
2018-04-10 11:24:05,709 INFO    : new_project request
2018-04-10 11:24:05,709 INFO    : get id and name
2018-04-10 11:24:05,709 WARNING : failed
2018-04-10 11:24:05,710 INFO    : 211.103.220.74 - - [10/Apr/2018 11:24:05] "POST /ctl/new_project HTTP/1.1" 200 -
2018-04-10 11:24:05,710 INFO    : new_project request
2018-04-10 11:24:05,710 INFO    : get id and name
2018-04-10 11:24:05,710 WARNING : failed
2018-04-10 11:24:05,711 INFO    : 211.103.220.74 - - [10/Apr/2018 11:24:05] "POST /ctl/new_project HTTP/1.1" 200 -
2018-04-10 11:24:05,711 INFO    : new_project request
2018-04-10 11:24:05,711 INFO    : get id and name
2018-04-10 11:24:05,711 WARNING : failed
2018-04-10 11:24:05,711 INFO    : 211.103.220.74 - - [10/Apr/2018 11:24:05] "POST /ctl/new_project HTTP/1.1" 200 -
2018-04-10 11:24:05,712 INFO    : new_project request
2018-04-10 11:24:05,712 INFO    : get id and name
2018-04-10 11:24:05,712 WARNING : failed
2018-04-10 11:24:05,712 INFO    : 211.103.220.74 - - [10/Apr/2018 11:24:05] "POST /ctl/new_project HTTP/1.1" 200 -
2018-04-10 11:24:05,713 INFO    : new_project request
2018-04-10 11:24:05,713 INFO    : get id and name
2018-04-10 11:24:05,713 WARNING : failed
2018-04-10 11:24:05,713 INFO    : 211.103.220.74 - - [10/Apr/2018 11:24:05] "POST /ctl/new_project HTTP/1.1" 200 -
2018-04-10 11:24:05,714 INFO    : new_project request
2018-04-10 11:24:05,714 INFO    : get id and name
2018-04-10 11:24:05,714 WARNING : failed
2018-04-10 11:24:05,714 INFO    : 211.103.220.74 - - [10/Apr/2018 11:24:05] "POST /ctl/new_project HTTP/1.1" 200 -
2018-04-10 11:24:05,715 INFO    : new_project request
2018-04-10 11:24:05,715 INFO    : get id and name
2018-04-10 11:24:05,715 WARNING : failed
2018-04-10 11:24:05,715 INFO    : 211.103.220.74 - - [10/Apr/2018 11:24:05] "POST /ctl/new_project HTTP/1.1" 200 -
2018-04-10 11:24:05,715 INFO    : new_project request
2018-04-10 11:24:05,716 INFO    : get id and name
2018-04-10 11:24:05,716 WARNING : failed
2018-04-10 11:24:05,716 INFO    : 211.103.220.74 - - [10/Apr/2018 11:24:05] "POST /ctl/new_project HTTP/1.1" 200 -
2018-04-10 11:24:05,716 INFO    : new_project request
2018-04-10 11:24:05,717 INFO    : get id and name
2018-04-10 11:24:05,717 WARNING : failed
2018-04-10 11:24:05,717 INFO    : 211.103.220.74 - - [10/Apr/2018 11:24:05] "POST /ctl/new_project HTTP/1.1" 200 -
2018-04-10 11:24:05,717 INFO    : new_project request
2018-04-10 11:24:05,717 INFO    : get id and name
2018-04-10 11:24:05,718 WARNING : failed
2018-04-10 11:24:05,718 INFO    : 211.103.220.74 - - [10/Apr/2018 11:24:05] "POST /ctl/new_project HTTP/1.1" 200 -
2018-04-10 11:24:05,718 INFO    : new_project request
2018-04-10 11:24:05,718 INFO    : get id and name
2018-04-10 11:24:05,719 WARNING : failed
2018-04-10 11:24:05,719 INFO    : 211.103.220.74 - - [10/Apr/2018 11:24:05] "POST /ctl/new_project HTTP/1.1" 200 -
2018-04-10 11:24:05,719 INFO    : new_project request
2018-04-10 11:24:05,719 INFO    : get id and name
2018-04-10 11:24:05,719 WARNING : failed
2018-04-10 11:24:05,720 INFO    : 211.103.220.74 - - [10/Apr/2018 11:24:05] "POST /ctl/new_project HTTP/1.1" 200 -
2018-04-10 11:24:05,720 INFO    : new_project request
2018-04-10 11:24:05,720 INFO    : get id and name
2018-04-10 11:24:05,720 WARNING : failed
2018-04-10 11:24:05,721 INFO    : 211.103.220.74 - - [10/Apr/2018 11:24:05] "POST /ctl/new_project HTTP/1.1" 200 -
2018-04-10 11:24:05,721 INFO    : new_project request
2018-04-10 11:24:05,721 INFO    : get id and name
2018-04-10 11:24:05,721 WARNING : failed
2018-04-10 11:24:05,722 INFO    : 211.103.220.74 - - [10/Apr/2018 11:24:05] "POST /ctl/new_project HTTP/1.1" 200 -
2018-04-10 11:24:05,722 INFO    : new_project request
2018-04-10 11:24:05,722 INFO    : get id and name
2018-04-10 11:24:05,722 WARNING : failed
2018-04-10 11:24:05,723 INFO    : 211.103.220.74 - - [10/Apr/2018 11:24:05] "POST /ctl/new_project HTTP/1.1" 200 -
2018-04-10 11:24:05,723 INFO    : new_project request
2018-04-10 11:24:05,723 INFO    : get id and name
2018-04-10 11:24:05,723 WARNING : failed
2018-04-10 11:24:05,723 INFO    : 211.103.220.74 - - [10/Apr/2018 11:24:05] "POST /ctl/new_project HTTP/1.1" 200 -
2018-04-10 11:24:05,724 INFO    : new_project request
2018-04-10 11:24:05,724 INFO    : get id and name
2018-04-10 11:24:05,724 WARNING : failed
2018-04-10 11:24:05,724 INFO    : 211.103.220.74 - - [10/Apr/2018 11:24:05] "POST /ctl/new_project HTTP/1.1" 200 -
2018-04-10 11:24:05,725 INFO    : new_project request
2018-04-10 11:24:05,725 INFO    : get id and name
2018-04-10 11:24:05,725 WARNING : failed
2018-04-10 11:24:05,725 INFO    : 211.103.220.74 - - [10/Apr/2018 11:24:05] "POST /ctl/new_project HTTP/1.1" 200 -
2018-04-10 11:24:05,742 INFO    : new_project request
2018-04-10 11:24:05,742 INFO    : get id and name
2018-04-10 11:24:05,742 WARNING : failed
2018-04-10 11:24:05,742 INFO    : 211.103.220.74 - - [10/Apr/2018 11:24:05] "POST /ctl/new_project HTTP/1.1" 200 -
2018-04-10 11:24:05,743 INFO    : new_project request
2018-04-10 11:24:05,743 INFO    : get id and name
2018-04-10 11:24:05,743 WARNING : failed
2018-04-10 11:24:05,743 INFO    : 211.103.220.74 - - [10/Apr/2018 11:24:05] "POST /ctl/new_project HTTP/1.1" 200 -
2018-04-10 11:24:05,750 INFO    : new_project request
2018-04-10 11:24:05,750 INFO    : get id and name
2018-04-10 11:24:05,751 WARNING : failed
2018-04-10 11:24:05,751 INFO    : 211.103.220.74 - - [10/Apr/2018 11:24:05] "POST /ctl/new_project HTTP/1.1" 200 -
2018-04-10 11:24:05,754 INFO    : new_project request
2018-04-10 11:24:05,754 INFO    : get id and name
2018-04-10 11:24:05,754 WARNING : failed
2018-04-10 11:24:05,754 INFO    : 211.103.220.74 - - [10/Apr/2018 11:24:05] "POST /ctl/new_project HTTP/1.1" 200 -
2018-04-10 11:24:05,755 INFO    : new_project request
2018-04-10 11:24:05,755 INFO    : get id and name
2018-04-10 11:24:05,755 WARNING : failed
2018-04-10 11:24:05,755 INFO    : 211.103.220.74 - - [10/Apr/2018 11:24:05] "POST /ctl/new_project HTTP/1.1" 200 -
2018-04-10 11:24:05,812 INFO    : new_project request
2018-04-10 11:24:05,813 INFO    : get id and name
2018-04-10 11:24:05,813 WARNING : failed
2018-04-10 11:24:05,813 INFO    : 211.103.220.74 - - [10/Apr/2018 11:24:05] "POST /ctl/new_project HTTP/1.1" 200 -
2018-04-10 11:24:05,813 INFO    : new_project request
2018-04-10 11:24:05,814 INFO    : get id and name
2018-04-10 11:24:05,814 WARNING : failed
2018-04-10 11:24:05,814 INFO    : 211.103.220.74 - - [10/Apr/2018 11:24:05] "POST /ctl/new_project HTTP/1.1" 200 -
2018-04-10 11:24:05,814 INFO    : new_project request
2018-04-10 11:24:05,814 INFO    : get id and name
2018-04-10 11:24:05,814 WARNING : failed
2018-04-10 11:24:05,815 INFO    : 211.103.220.74 - - [10/Apr/2018 11:24:05] "POST /ctl/new_project HTTP/1.1" 200 -
2018-04-10 11:24:05,843 INFO    : new_project request
2018-04-10 11:24:05,843 INFO    : get id and name
2018-04-10 11:24:05,843 WARNING : failed
2018-04-10 11:24:05,844 INFO    : 211.103.220.74 - - [10/Apr/2018 11:24:05] "POST /ctl/new_project HTTP/1.1" 200 -
2018-04-10 11:24:05,844 INFO    : new_project request
2018-04-10 11:24:05,844 INFO    : get id and name
2018-04-10 11:24:05,844 WARNING : failed
2018-04-10 11:24:05,844 INFO    : 211.103.220.74 - - [10/Apr/2018 11:24:05] "POST /ctl/new_project HTTP/1.1" 200 -
2018-04-10 11:24:05,845 INFO    : new_project request
2018-04-10 11:24:05,845 INFO    : get id and name
2018-04-10 11:24:05,845 WARNING : failed
2018-04-10 11:24:05,845 INFO    : 211.103.220.74 - - [10/Apr/2018 11:24:05] "POST /ctl/new_project HTTP/1.1" 200 -
2018-04-10 11:24:05,846 INFO    : new_project request
2018-04-10 11:24:05,846 INFO    : get id and name
2018-04-10 11:24:05,846 WARNING : failed
2018-04-10 11:24:05,846 INFO    : 211.103.220.74 - - [10/Apr/2018 11:24:05] "POST /ctl/new_project HTTP/1.1" 200 -
2018-04-10 11:24:05,847 INFO    : new_project request
2018-04-10 11:24:05,847 INFO    : get id and name
2018-04-10 11:24:05,847 WARNING : failed
2018-04-10 11:24:05,847 INFO    : 211.103.220.74 - - [10/Apr/2018 11:24:05] "POST /ctl/new_project HTTP/1.1" 200 -
2018-04-10 11:24:05,848 INFO    : new_project request
2018-04-10 11:24:05,848 INFO    : get id and name
2018-04-10 11:24:05,848 WARNING : failed
2018-04-10 11:24:05,848 INFO    : 211.103.220.74 - - [10/Apr/2018 11:24:05] "POST /ctl/new_project HTTP/1.1" 200 -
2018-04-10 11:24:05,848 INFO    : new_project request
2018-04-10 11:24:05,849 INFO    : get id and name
2018-04-10 11:24:05,849 WARNING : failed
2018-04-10 11:24:05,849 INFO    : 211.103.220.74 - - [10/Apr/2018 11:24:05] "POST /ctl/new_project HTTP/1.1" 200 -
2018-04-10 11:24:05,849 INFO    : new_project request
2018-04-10 11:24:05,849 INFO    : get id and name
2018-04-10 11:24:05,849 WARNING : failed
2018-04-10 11:24:05,850 INFO    : 211.103.220.74 - - [10/Apr/2018 11:24:05] "POST /ctl/new_project HTTP/1.1" 200 -
2018-04-10 11:24:05,850 INFO    : new_project request
2018-04-10 11:24:05,850 INFO    : get id and name
2018-04-10 11:24:05,850 WARNING : failed
2018-04-10 11:24:05,851 INFO    : 211.103.220.74 - - [10/Apr/2018 11:24:05] "POST /ctl/new_project HTTP/1.1" 200 -
2018-04-10 11:24:05,851 INFO    : new_project request
2018-04-10 11:24:05,851 INFO    : get id and name
2018-04-10 11:24:05,851 WARNING : failed
2018-04-10 11:24:05,852 INFO    : 211.103.220.74 - - [10/Apr/2018 11:24:05] "POST /ctl/new_project HTTP/1.1" 200 -
2018-04-10 11:24:05,852 INFO    : new_project request
2018-04-10 11:24:05,852 INFO    : get id and name
2018-04-10 11:24:05,852 WARNING : failed
2018-04-10 11:24:05,852 INFO    : 211.103.220.74 - - [10/Apr/2018 11:24:05] "POST /ctl/new_project HTTP/1.1" 200 -
2018-04-10 11:24:05,853 INFO    : new_project request
2018-04-10 11:24:05,853 INFO    : get id and name
2018-04-10 11:24:05,853 WARNING : failed
2018-04-10 11:24:05,853 INFO    : 211.103.220.74 - - [10/Apr/2018 11:24:05] "POST /ctl/new_project HTTP/1.1" 200 -
2018-04-10 11:24:05,854 INFO    : new_project request
2018-04-10 11:24:05,854 INFO    : get id and name
2018-04-10 11:24:05,854 WARNING : failed
2018-04-10 11:24:05,854 INFO    : 211.103.220.74 - - [10/Apr/2018 11:24:05] "POST /ctl/new_project HTTP/1.1" 200 -
2018-04-10 11:24:05,855 INFO    : new_project request
2018-04-10 11:24:05,855 INFO    : get id and name
2018-04-10 11:24:05,855 WARNING : failed
2018-04-10 11:24:05,855 INFO    : 211.103.220.74 - - [10/Apr/2018 11:24:05] "POST /ctl/new_project HTTP/1.1" 200 -
2018-04-10 11:24:05,859 INFO    : new_project request
2018-04-10 11:24:05,859 INFO    : get id and name
2018-04-10 11:24:05,859 WARNING : failed
2018-04-10 11:24:05,859 INFO    : 211.103.220.74 - - [10/Apr/2018 11:24:05] "POST /ctl/new_project HTTP/1.1" 200 -
2018-04-10 11:24:05,860 INFO    : new_project request
2018-04-10 11:24:05,860 INFO    : get id and name
2018-04-10 11:24:05,860 WARNING : failed
2018-04-10 11:24:05,860 INFO    : 211.103.220.74 - - [10/Apr/2018 11:24:05] "POST /ctl/new_project HTTP/1.1" 200 -
2018-04-10 11:24:05,861 INFO    : new_project request
2018-04-10 11:24:05,861 INFO    : get id and name
2018-04-10 11:24:05,861 WARNING : failed
2018-04-10 11:24:05,861 INFO    : 211.103.220.74 - - [10/Apr/2018 11:24:05] "POST /ctl/new_project HTTP/1.1" 200 -
2018-04-10 11:24:05,862 INFO    : new_project request
2018-04-10 11:24:05,862 INFO    : get id and name
2018-04-10 11:24:05,862 WARNING : failed
2018-04-10 11:24:05,862 INFO    : 211.103.220.74 - - [10/Apr/2018 11:24:05] "POST /ctl/new_project HTTP/1.1" 200 -
2018-04-10 11:24:05,863 INFO    : new_project request
2018-04-10 11:24:05,863 INFO    : get id and name
2018-04-10 11:24:05,863 WARNING : failed
2018-04-10 11:24:05,863 INFO    : 211.103.220.74 - - [10/Apr/2018 11:24:05] "POST /ctl/new_project HTTP/1.1" 200 -
2018-04-10 11:24:05,864 INFO    : new_project request
2018-04-10 11:24:05,864 INFO    : get id and name
2018-04-10 11:24:05,864 WARNING : failed
2018-04-10 11:24:05,864 INFO    : 211.103.220.74 - - [10/Apr/2018 11:24:05] "POST /ctl/new_project HTTP/1.1" 200 -
2018-04-10 11:24:05,864 INFO    : new_project request
2018-04-10 11:24:05,865 INFO    : get id and name
2018-04-10 11:24:05,865 WARNING : failed
2018-04-10 11:24:05,865 INFO    : 211.103.220.74 - - [10/Apr/2018 11:24:05] "POST /ctl/new_project HTTP/1.1" 200 -
2018-04-10 11:24:05,865 INFO    : new_project request
2018-04-10 11:24:05,865 INFO    : get id and name
2018-04-10 11:24:05,865 WARNING : failed
2018-04-10 11:24:05,866 INFO    : 211.103.220.74 - - [10/Apr/2018 11:24:05] "POST /ctl/new_project HTTP/1.1" 200 -
2018-04-10 11:24:05,866 INFO    : new_project request
2018-04-10 11:24:05,866 INFO    : get id and name
2018-04-10 11:24:05,866 WARNING : failed
2018-04-10 11:24:05,867 INFO    : 211.103.220.74 - - [10/Apr/2018 11:24:05] "POST /ctl/new_project HTTP/1.1" 200 -
2018-04-10 11:24:05,867 INFO    : new_project request
2018-04-10 11:24:05,867 INFO    : get id and name
2018-04-10 11:24:05,867 WARNING : failed
2018-04-10 11:24:05,867 INFO    : 211.103.220.74 - - [10/Apr/2018 11:24:05] "POST /ctl/new_project HTTP/1.1" 200 -
2018-04-10 11:24:05,868 INFO    : new_project request
2018-04-10 11:24:05,868 INFO    : get id and name
2018-04-10 11:24:05,868 WARNING : failed
2018-04-10 11:24:05,869 INFO    : 211.103.220.74 - - [10/Apr/2018 11:24:05] "POST /ctl/new_project HTTP/1.1" 200 -
2018-04-10 11:24:05,869 INFO    : new_project request
2018-04-10 11:24:05,869 INFO    : get id and name
2018-04-10 11:24:05,869 WARNING : failed
2018-04-10 11:24:05,870 INFO    : 211.103.220.74 - - [10/Apr/2018 11:24:05] "POST /ctl/new_project HTTP/1.1" 200 -
2018-04-10 11:24:05,870 INFO    : new_project request
2018-04-10 11:24:05,870 INFO    : get id and name
2018-04-10 11:24:05,870 WARNING : failed
2018-04-10 11:24:05,871 INFO    : 211.103.220.74 - - [10/Apr/2018 11:24:05] "POST /ctl/new_project HTTP/1.1" 200 -
2018-04-10 11:24:05,871 INFO    : new_project request
2018-04-10 11:24:05,871 INFO    : get id and name
2018-04-10 11:24:05,871 WARNING : failed
2018-04-10 11:24:05,872 INFO    : 211.103.220.74 - - [10/Apr/2018 11:24:05] "POST /ctl/new_project HTTP/1.1" 200 -
2018-04-10 11:24:05,872 INFO    : new_project request
2018-04-10 11:24:05,872 INFO    : get id and name
2018-04-10 11:24:05,872 WARNING : failed
2018-04-10 11:24:05,873 INFO    : 211.103.220.74 - - [10/Apr/2018 11:24:05] "POST /ctl/new_project HTTP/1.1" 200 -
2018-04-10 11:24:05,873 INFO    : new_project request
2018-04-10 11:24:05,873 INFO    : get id and name
2018-04-10 11:24:05,873 WARNING : failed
2018-04-10 11:24:05,874 INFO    : 211.103.220.74 - - [10/Apr/2018 11:24:05] "POST /ctl/new_project HTTP/1.1" 200 -
2018-04-10 11:24:05,874 INFO    : new_project request
2018-04-10 11:24:05,874 INFO    : get id and name
2018-04-10 11:24:05,874 WARNING : failed
2018-04-10 11:24:05,875 INFO    : 211.103.220.74 - - [10/Apr/2018 11:24:05] "POST /ctl/new_project HTTP/1.1" 200 -
2018-04-10 11:24:05,875 INFO    : new_project request
2018-04-10 11:24:05,875 INFO    : get id and name
2018-04-10 11:24:05,875 WARNING : failed
2018-04-10 11:24:05,875 INFO    : 211.103.220.74 - - [10/Apr/2018 11:24:05] "POST /ctl/new_project HTTP/1.1" 200 -
2018-04-10 11:24:05,876 INFO    : new_project request
2018-04-10 11:24:05,876 INFO    : get id and name
2018-04-10 11:24:05,876 WARNING : failed
2018-04-10 11:24:05,877 INFO    : 211.103.220.74 - - [10/Apr/2018 11:24:05] "POST /ctl/new_project HTTP/1.1" 200 -
2018-04-10 11:24:05,877 INFO    : new_project request
2018-04-10 11:24:05,877 INFO    : get id and name
2018-04-10 11:24:05,877 WARNING : failed
2018-04-10 11:24:05,877 INFO    : 211.103.220.74 - - [10/Apr/2018 11:24:05] "POST /ctl/new_project HTTP/1.1" 200 -
2018-04-10 11:24:05,878 INFO    : new_project request
2018-04-10 11:24:05,878 INFO    : get id and name
2018-04-10 11:24:05,878 WARNING : failed
2018-04-10 11:24:05,878 INFO    : 211.103.220.74 - - [10/Apr/2018 11:24:05] "POST /ctl/new_project HTTP/1.1" 200 -
2018-04-10 11:24:05,879 INFO    : new_project request
2018-04-10 11:24:05,879 INFO    : get id and name
2018-04-10 11:24:05,879 WARNING : failed
2018-04-10 11:24:05,879 INFO    : 211.103.220.74 - - [10/Apr/2018 11:24:05] "POST /ctl/new_project HTTP/1.1" 200 -
2018-04-10 11:24:05,880 INFO    : new_project request
2018-04-10 11:24:05,880 INFO    : get id and name
2018-04-10 11:24:05,880 WARNING : failed
2018-04-10 11:24:05,880 INFO    : 211.103.220.74 - - [10/Apr/2018 11:24:05] "POST /ctl/new_project HTTP/1.1" 200 -
2018-04-10 11:24:05,881 INFO    : new_project request
2018-04-10 11:24:05,881 INFO    : get id and name
2018-04-10 11:24:05,881 WARNING : failed
2018-04-10 11:24:05,881 INFO    : 211.103.220.74 - - [10/Apr/2018 11:24:05] "POST /ctl/new_project HTTP/1.1" 200 -
2018-04-10 11:24:05,881 INFO    : new_project request
2018-04-10 11:24:05,882 INFO    : get id and name
2018-04-10 11:24:05,882 WARNING : failed
2018-04-10 11:24:05,882 INFO    : 211.103.220.74 - - [10/Apr/2018 11:24:05] "POST /ctl/new_project HTTP/1.1" 200 -
2018-04-10 11:24:05,882 INFO    : new_project request
2018-04-10 11:24:05,882 INFO    : get id and name
2018-04-10 11:24:05,883 WARNING : failed
2018-04-10 11:24:05,883 INFO    : 211.103.220.74 - - [10/Apr/2018 11:24:05] "POST /ctl/new_project HTTP/1.1" 200 -
2018-04-10 11:24:05,883 INFO    : new_project request
2018-04-10 11:24:05,883 INFO    : get id and name
2018-04-10 11:24:05,883 WARNING : failed
2018-04-10 11:24:05,884 INFO    : 211.103.220.74 - - [10/Apr/2018 11:24:05] "POST /ctl/new_project HTTP/1.1" 200 -
2018-04-10 11:24:05,884 INFO    : new_project request
2018-04-10 11:24:05,884 INFO    : get id and name
2018-04-10 11:24:05,884 WARNING : failed
2018-04-10 11:24:05,885 INFO    : 211.103.220.74 - - [10/Apr/2018 11:24:05] "POST /ctl/new_project HTTP/1.1" 200 -
2018-04-10 11:24:05,885 INFO    : new_project request
2018-04-10 11:24:05,885 INFO    : get id and name
2018-04-10 11:24:05,885 WARNING : failed
2018-04-10 11:24:05,885 INFO    : 211.103.220.74 - - [10/Apr/2018 11:24:05] "POST /ctl/new_project HTTP/1.1" 200 -
2018-04-10 11:24:05,886 INFO    : new_project request
2018-04-10 11:24:05,886 INFO    : get id and name
2018-04-10 11:24:05,886 WARNING : failed
2018-04-10 11:24:05,886 INFO    : 211.103.220.74 - - [10/Apr/2018 11:24:05] "POST /ctl/new_project HTTP/1.1" 200 -
2018-04-10 11:24:05,887 INFO    : new_project request
2018-04-10 11:24:05,887 INFO    : get id and name
2018-04-10 11:24:05,887 WARNING : failed
2018-04-10 11:24:05,887 INFO    : 211.103.220.74 - - [10/Apr/2018 11:24:05] "POST /ctl/new_project HTTP/1.1" 200 -
2018-04-10 11:24:05,888 INFO    : new_project request
2018-04-10 11:24:05,888 INFO    : get id and name
2018-04-10 11:24:05,888 WARNING : failed
2018-04-10 11:24:05,888 INFO    : 211.103.220.74 - - [10/Apr/2018 11:24:05] "POST /ctl/new_project HTTP/1.1" 200 -
2018-04-10 11:24:05,889 INFO    : new_project request
2018-04-10 11:24:05,889 INFO    : get id and name
2018-04-10 11:24:05,889 WARNING : failed
2018-04-10 11:24:05,889 INFO    : 211.103.220.74 - - [10/Apr/2018 11:24:05] "POST /ctl/new_project HTTP/1.1" 200 -
2018-04-10 11:24:05,890 INFO    : new_project request
2018-04-10 11:24:05,890 INFO    : get id and name
2018-04-10 11:24:05,890 WARNING : failed
2018-04-10 11:24:05,890 INFO    : 211.103.220.74 - - [10/Apr/2018 11:24:05] "POST /ctl/new_project HTTP/1.1" 200 -
2018-04-10 11:24:05,891 INFO    : new_project request
2018-04-10 11:24:05,891 INFO    : get id and name
2018-04-10 11:24:05,891 WARNING : failed
2018-04-10 11:24:05,891 INFO    : 211.103.220.74 - - [10/Apr/2018 11:24:05] "POST /ctl/new_project HTTP/1.1" 200 -
2018-04-10 11:24:05,891 INFO    : new_project request
2018-04-10 11:24:05,892 INFO    : get id and name
2018-04-10 11:24:05,892 WARNING : failed
2018-04-10 11:24:05,892 INFO    : 211.103.220.74 - - [10/Apr/2018 11:24:05] "POST /ctl/new_project HTTP/1.1" 200 -
2018-04-10 11:24:05,892 INFO    : new_project request
2018-04-10 11:24:05,892 INFO    : get id and name
2018-04-10 11:24:05,893 WARNING : failed
2018-04-10 11:24:05,893 INFO    : 211.103.220.74 - - [10/Apr/2018 11:24:05] "POST /ctl/new_project HTTP/1.1" 200 -
2018-04-10 11:24:05,893 INFO    : new_project request
2018-04-10 11:24:05,893 INFO    : get id and name
2018-04-10 11:24:05,893 WARNING : failed
2018-04-10 11:24:05,894 INFO    : 211.103.220.74 - - [10/Apr/2018 11:24:05] "POST /ctl/new_project HTTP/1.1" 200 -
2018-04-10 11:24:05,894 INFO    : new_project request
2018-04-10 11:24:05,894 INFO    : get id and name
2018-04-10 11:24:05,894 WARNING : failed
2018-04-10 11:24:05,895 INFO    : 211.103.220.74 - - [10/Apr/2018 11:24:05] "POST /ctl/new_project HTTP/1.1" 200 -
2018-04-10 11:24:05,895 INFO    : new_project request
2018-04-10 11:24:05,895 INFO    : get id and name
2018-04-10 11:24:05,895 WARNING : failed
2018-04-10 11:24:05,896 INFO    : 211.103.220.74 - - [10/Apr/2018 11:24:05] "POST /ctl/new_project HTTP/1.1" 200 -
2018-04-10 11:24:05,896 INFO    : new_project request
2018-04-10 11:24:05,896 INFO    : get id and name
2018-04-10 11:24:05,896 WARNING : failed
2018-04-10 11:24:05,897 INFO    : 211.103.220.74 - - [10/Apr/2018 11:24:05] "POST /ctl/new_project HTTP/1.1" 200 -
2018-04-10 11:24:05,901 INFO    : new_project request
2018-04-10 11:24:05,901 INFO    : get id and name
2018-04-10 11:24:05,901 WARNING : failed
2018-04-10 11:24:05,901 INFO    : 211.103.220.74 - - [10/Apr/2018 11:24:05] "POST /ctl/new_project HTTP/1.1" 200 -
2018-04-10 11:24:05,902 INFO    : new_project request
2018-04-10 11:24:05,902 INFO    : get id and name
2018-04-10 11:24:05,902 WARNING : failed
2018-04-10 11:24:05,902 INFO    : 211.103.220.74 - - [10/Apr/2018 11:24:05] "POST /ctl/new_project HTTP/1.1" 200 -
2018-04-10 11:24:05,903 INFO    : new_project request
2018-04-10 11:24:05,903 INFO    : get id and name
2018-04-10 11:24:05,903 WARNING : failed
2018-04-10 11:24:05,903 INFO    : 211.103.220.74 - - [10/Apr/2018 11:24:05] "POST /ctl/new_project HTTP/1.1" 200 -
2018-04-10 11:24:05,907 INFO    : new_project request
2018-04-10 11:24:05,907 INFO    : get id and name
2018-04-10 11:24:05,907 WARNING : failed
2018-04-10 11:24:05,907 INFO    : 211.103.220.74 - - [10/Apr/2018 11:24:05] "POST /ctl/new_project HTTP/1.1" 200 -
2018-04-10 11:24:05,908 INFO    : new_project request
2018-04-10 11:24:05,908 INFO    : get id and name
2018-04-10 11:24:05,908 WARNING : failed
2018-04-10 11:24:05,908 INFO    : 211.103.220.74 - - [10/Apr/2018 11:24:05] "POST /ctl/new_project HTTP/1.1" 200 -
2018-04-10 11:24:05,909 INFO    : new_project request
2018-04-10 11:24:05,909 INFO    : get id and name
2018-04-10 11:24:05,909 WARNING : failed
2018-04-10 11:24:05,909 INFO    : 211.103.220.74 - - [10/Apr/2018 11:24:05] "POST /ctl/new_project HTTP/1.1" 200 -
2018-04-10 11:24:05,910 INFO    : new_project request
2018-04-10 11:24:05,910 INFO    : get id and name
2018-04-10 11:24:05,910 WARNING : failed
2018-04-10 11:24:05,910 INFO    : 211.103.220.74 - - [10/Apr/2018 11:24:05] "POST /ctl/new_project HTTP/1.1" 200 -
2018-04-10 11:24:05,911 INFO    : new_project request
2018-04-10 11:24:05,911 INFO    : get id and name
2018-04-10 11:24:05,911 WARNING : failed
2018-04-10 11:24:05,911 INFO    : 211.103.220.74 - - [10/Apr/2018 11:24:05] "POST /ctl/new_project HTTP/1.1" 200 -
2018-04-10 11:24:05,912 INFO    : new_project request
2018-04-10 11:24:05,912 INFO    : get id and name
2018-04-10 11:24:05,912 WARNING : failed
2018-04-10 11:24:05,912 INFO    : 211.103.220.74 - - [10/Apr/2018 11:24:05] "POST /ctl/new_project HTTP/1.1" 200 -
2018-04-10 11:24:05,915 INFO    : new_project request
2018-04-10 11:24:05,915 INFO    : get id and name
2018-04-10 11:24:05,915 WARNING : failed
2018-04-10 11:24:05,915 INFO    : 211.103.220.74 - - [10/Apr/2018 11:24:05] "POST /ctl/new_project HTTP/1.1" 200 -
2018-04-10 11:24:05,916 INFO    : new_project request
2018-04-10 11:24:05,916 INFO    : get id and name
2018-04-10 11:24:05,916 WARNING : failed
2018-04-10 11:24:05,916 INFO    : 211.103.220.74 - - [10/Apr/2018 11:24:05] "POST /ctl/new_project HTTP/1.1" 200 -
2018-04-10 11:24:05,918 INFO    : new_project request
2018-04-10 11:24:05,918 INFO    : get id and name
2018-04-10 11:24:05,918 WARNING : failed
2018-04-10 11:24:05,919 INFO    : 211.103.220.74 - - [10/Apr/2018 11:24:05] "POST /ctl/new_project HTTP/1.1" 200 -
2018-04-10 11:24:05,921 INFO    : new_project request
2018-04-10 11:24:05,921 INFO    : get id and name
2018-04-10 11:24:05,921 WARNING : failed
2018-04-10 11:24:05,922 INFO    : 211.103.220.74 - - [10/Apr/2018 11:24:05] "POST /ctl/new_project HTTP/1.1" 200 -
2018-04-10 11:24:05,922 INFO    : new_project request
2018-04-10 11:24:05,922 INFO    : get id and name
2018-04-10 11:24:05,922 WARNING : failed
2018-04-10 11:24:05,922 INFO    : 211.103.220.74 - - [10/Apr/2018 11:24:05] "POST /ctl/new_project HTTP/1.1" 200 -
2018-04-10 11:24:05,924 INFO    : new_project request
2018-04-10 11:24:05,924 INFO    : get id and name
2018-04-10 11:24:05,924 WARNING : failed
2018-04-10 11:24:05,925 INFO    : 211.103.220.74 - - [10/Apr/2018 11:24:05] "POST /ctl/new_project HTTP/1.1" 200 -
2018-04-10 11:24:05,925 INFO    : new_project request
2018-04-10 11:24:05,925 INFO    : get id and name
2018-04-10 11:24:05,925 WARNING : failed
2018-04-10 11:24:05,926 INFO    : 211.103.220.74 - - [10/Apr/2018 11:24:05] "POST /ctl/new_project HTTP/1.1" 200 -
2018-04-10 11:24:05,926 INFO    : new_project request
2018-04-10 11:24:05,926 INFO    : get id and name
2018-04-10 11:24:05,926 WARNING : failed
2018-04-10 11:24:05,927 INFO    : 211.103.220.74 - - [10/Apr/2018 11:24:05] "POST /ctl/new_project HTTP/1.1" 200 -
2018-04-10 11:24:05,933 INFO    : new_project request
2018-04-10 11:24:05,933 INFO    : get id and name
2018-04-10 11:24:05,933 WARNING : failed
2018-04-10 11:24:05,934 INFO    : 211.103.220.74 - - [10/Apr/2018 11:24:05] "POST /ctl/new_project HTTP/1.1" 200 -
2018-04-10 11:24:05,934 INFO    : new_project request
2018-04-10 11:24:05,934 INFO    : get id and name
2018-04-10 11:24:05,934 WARNING : failed
2018-04-10 11:24:05,935 INFO    : 211.103.220.74 - - [10/Apr/2018 11:24:05] "POST /ctl/new_project HTTP/1.1" 200 -
2018-04-10 11:24:05,935 INFO    : new_project request
2018-04-10 11:24:05,935 INFO    : get id and name
2018-04-10 11:24:05,935 WARNING : failed
2018-04-10 11:24:05,936 INFO    : 211.103.220.74 - - [10/Apr/2018 11:24:05] "POST /ctl/new_project HTTP/1.1" 200 -
2018-04-10 11:24:05,936 INFO    : new_project request
2018-04-10 11:24:05,936 INFO    : get id and name
2018-04-10 11:24:05,936 WARNING : failed
2018-04-10 11:24:05,937 INFO    : 211.103.220.74 - - [10/Apr/2018 11:24:05] "POST /ctl/new_project HTTP/1.1" 200 -
2018-04-10 11:24:05,937 INFO    : new_project request
2018-04-10 11:24:05,937 INFO    : get id and name
2018-04-10 11:24:05,937 WARNING : failed
2018-04-10 11:24:05,938 INFO    : 211.103.220.74 - - [10/Apr/2018 11:24:05] "POST /ctl/new_project HTTP/1.1" 200 -
2018-04-10 11:24:05,938 INFO    : new_project request
2018-04-10 11:24:05,938 INFO    : get id and name
2018-04-10 11:24:05,938 WARNING : failed
2018-04-10 11:24:05,939 INFO    : 211.103.220.74 - - [10/Apr/2018 11:24:05] "POST /ctl/new_project HTTP/1.1" 200 -
2018-04-10 11:24:05,939 INFO    : new_project request
2018-04-10 11:24:05,939 INFO    : get id and name
2018-04-10 11:24:05,940 WARNING : failed
2018-04-10 11:24:05,940 INFO    : 211.103.220.74 - - [10/Apr/2018 11:24:05] "POST /ctl/new_project HTTP/1.1" 200 -
2018-04-10 11:24:05,943 INFO    : new_project request
2018-04-10 11:24:05,943 INFO    : get id and name
2018-04-10 11:24:05,943 WARNING : failed
2018-04-10 11:24:05,944 INFO    : 211.103.220.74 - - [10/Apr/2018 11:24:05] "POST /ctl/new_project HTTP/1.1" 200 -
2018-04-10 11:24:05,944 INFO    : new_project request
2018-04-10 11:24:05,944 INFO    : get id and name
2018-04-10 11:24:05,944 WARNING : failed
2018-04-10 11:24:05,945 INFO    : 211.103.220.74 - - [10/Apr/2018 11:24:05] "POST /ctl/new_project HTTP/1.1" 200 -
2018-04-10 11:24:05,945 INFO    : new_project request
2018-04-10 11:24:05,945 INFO    : get id and name
2018-04-10 11:24:05,945 WARNING : failed
2018-04-10 11:24:05,945 INFO    : 211.103.220.74 - - [10/Apr/2018 11:24:05] "POST /ctl/new_project HTTP/1.1" 200 -
2018-04-10 11:24:05,946 INFO    : new_project request
2018-04-10 11:24:05,946 INFO    : get id and name
2018-04-10 11:24:05,946 WARNING : failed
2018-04-10 11:24:05,946 INFO    : 211.103.220.74 - - [10/Apr/2018 11:24:05] "POST /ctl/new_project HTTP/1.1" 200 -
2018-04-10 11:24:05,947 INFO    : new_project request
2018-04-10 11:24:05,947 INFO    : get id and name
2018-04-10 11:24:05,947 WARNING : failed
2018-04-10 11:24:05,947 INFO    : 211.103.220.74 - - [10/Apr/2018 11:24:05] "POST /ctl/new_project HTTP/1.1" 200 -
2018-04-10 11:24:05,948 INFO    : new_project request
2018-04-10 11:24:05,948 INFO    : get id and name
2018-04-10 11:24:05,948 WARNING : failed
2018-04-10 11:24:05,948 INFO    : 211.103.220.74 - - [10/Apr/2018 11:24:05] "POST /ctl/new_project HTTP/1.1" 200 -
2018-04-10 11:24:05,949 INFO    : new_project request
2018-04-10 11:24:05,949 INFO    : get id and name
2018-04-10 11:24:05,949 WARNING : failed
2018-04-10 11:24:05,949 INFO    : 211.103.220.74 - - [10/Apr/2018 11:24:05] "POST /ctl/new_project HTTP/1.1" 200 -
2018-04-10 11:24:05,949 INFO    : new_project request
2018-04-10 11:24:05,950 INFO    : get id and name
2018-04-10 11:24:05,950 WARNING : failed
2018-04-10 11:24:05,950 INFO    : 211.103.220.74 - - [10/Apr/2018 11:24:05] "POST /ctl/new_project HTTP/1.1" 200 -
2018-04-10 11:24:05,950 INFO    : new_project request
2018-04-10 11:24:05,951 INFO    : get id and name
2018-04-10 11:24:05,951 WARNING : failed
2018-04-10 11:24:05,951 INFO    : 211.103.220.74 - - [10/Apr/2018 11:24:05] "POST /ctl/new_project HTTP/1.1" 200 -
2018-04-10 11:24:05,951 INFO    : new_project request
2018-04-10 11:24:05,951 INFO    : get id and name
2018-04-10 11:24:05,951 WARNING : failed
2018-04-10 11:24:05,952 INFO    : 211.103.220.74 - - [10/Apr/2018 11:24:05] "POST /ctl/new_project HTTP/1.1" 200 -
2018-04-10 11:24:05,952 INFO    : new_project request
2018-04-10 11:24:05,952 INFO    : get id and name
2018-04-10 11:24:05,952 WARNING : failed
2018-04-10 11:24:05,953 INFO    : 211.103.220.74 - - [10/Apr/2018 11:24:05] "POST /ctl/new_project HTTP/1.1" 200 -
2018-04-10 11:24:05,953 INFO    : new_project request
2018-04-10 11:24:05,953 INFO    : get id and name
2018-04-10 11:24:05,953 WARNING : failed
2018-04-10 11:24:05,954 INFO    : 211.103.220.74 - - [10/Apr/2018 11:24:05] "POST /ctl/new_project HTTP/1.1" 200 -
2018-04-10 11:24:05,954 INFO    : new_project request
2018-04-10 11:24:05,954 INFO    : get id and name
2018-04-10 11:24:05,954 WARNING : failed
2018-04-10 11:24:05,954 INFO    : 211.103.220.74 - - [10/Apr/2018 11:24:05] "POST /ctl/new_project HTTP/1.1" 200 -
2018-04-10 11:24:05,955 INFO    : new_project request
2018-04-10 11:24:05,955 INFO    : get id and name
2018-04-10 11:24:05,955 WARNING : failed
2018-04-10 11:24:05,955 INFO    : 211.103.220.74 - - [10/Apr/2018 11:24:05] "POST /ctl/new_project HTTP/1.1" 200 -
2018-04-10 11:24:05,956 INFO    : new_project request
2018-04-10 11:24:05,956 INFO    : get id and name
2018-04-10 11:24:05,956 WARNING : failed
2018-04-10 11:24:05,956 INFO    : 211.103.220.74 - - [10/Apr/2018 11:24:05] "POST /ctl/new_project HTTP/1.1" 200 -
2018-04-10 11:24:05,957 INFO    : new_project request
2018-04-10 11:24:05,957 INFO    : get id and name
2018-04-10 11:24:05,957 WARNING : failed
2018-04-10 11:24:05,957 INFO    : 211.103.220.74 - - [10/Apr/2018 11:24:05] "POST /ctl/new_project HTTP/1.1" 200 -
2018-04-10 11:24:05,957 INFO    : new_project request
2018-04-10 11:24:05,958 INFO    : get id and name
2018-04-10 11:24:05,958 WARNING : failed
2018-04-10 11:24:05,958 INFO    : 211.103.220.74 - - [10/Apr/2018 11:24:05] "POST /ctl/new_project HTTP/1.1" 200 -
2018-04-10 11:24:05,958 INFO    : new_project request
2018-04-10 11:24:05,958 INFO    : get id and name
2018-04-10 11:24:05,959 WARNING : failed
2018-04-10 11:24:05,959 INFO    : 211.103.220.74 - - [10/Apr/2018 11:24:05] "POST /ctl/new_project HTTP/1.1" 200 -
2018-04-10 11:24:05,959 INFO    : new_project request
2018-04-10 11:24:05,959 INFO    : get id and name
2018-04-10 11:24:05,959 WARNING : failed
2018-04-10 11:24:05,960 INFO    : 211.103.220.74 - - [10/Apr/2018 11:24:05] "POST /ctl/new_project HTTP/1.1" 200 -
2018-04-10 11:24:05,960 INFO    : new_project request
2018-04-10 11:24:05,960 INFO    : get id and name
2018-04-10 11:24:05,960 WARNING : failed
2018-04-10 11:24:05,961 INFO    : 211.103.220.74 - - [10/Apr/2018 11:24:05] "POST /ctl/new_project HTTP/1.1" 200 -
2018-04-10 11:24:05,961 INFO    : new_project request
2018-04-10 11:24:05,961 INFO    : get id and name
2018-04-10 11:24:05,961 WARNING : failed
2018-04-10 11:24:05,961 INFO    : 211.103.220.74 - - [10/Apr/2018 11:24:05] "POST /ctl/new_project HTTP/1.1" 200 -
2018-04-10 11:24:05,962 INFO    : new_project request
2018-04-10 11:24:05,962 INFO    : get id and name
2018-04-10 11:24:05,962 WARNING : failed
2018-04-10 11:24:05,962 INFO    : 211.103.220.74 - - [10/Apr/2018 11:24:05] "POST /ctl/new_project HTTP/1.1" 200 -
2018-04-10 11:24:05,963 INFO    : new_project request
2018-04-10 11:24:05,963 INFO    : get id and name
2018-04-10 11:24:05,963 WARNING : failed
2018-04-10 11:24:05,963 INFO    : 211.103.220.74 - - [10/Apr/2018 11:24:05] "POST /ctl/new_project HTTP/1.1" 200 -
2018-04-10 11:24:05,964 INFO    : new_project request
2018-04-10 11:24:05,964 INFO    : get id and name
2018-04-10 11:24:05,964 WARNING : failed
2018-04-10 11:24:05,964 INFO    : 211.103.220.74 - - [10/Apr/2018 11:24:05] "POST /ctl/new_project HTTP/1.1" 200 -
2018-04-10 11:24:05,965 INFO    : new_project request
2018-04-10 11:24:05,965 INFO    : get id and name
2018-04-10 11:24:05,965 WARNING : failed
2018-04-10 11:24:05,965 INFO    : 211.103.220.74 - - [10/Apr/2018 11:24:05] "POST /ctl/new_project HTTP/1.1" 200 -
2018-04-10 11:24:05,965 INFO    : new_project request
2018-04-10 11:24:05,966 INFO    : get id and name
2018-04-10 11:24:05,966 WARNING : failed
2018-04-10 11:24:05,966 INFO    : 211.103.220.74 - - [10/Apr/2018 11:24:05] "POST /ctl/new_project HTTP/1.1" 200 -
2018-04-10 11:24:05,966 INFO    : new_project request
2018-04-10 11:24:05,966 INFO    : get id and name
2018-04-10 11:24:05,967 WARNING : failed
2018-04-10 11:24:05,967 INFO    : 211.103.220.74 - - [10/Apr/2018 11:24:05] "POST /ctl/new_project HTTP/1.1" 200 -
2018-04-10 11:24:05,967 INFO    : new_project request
2018-04-10 11:24:05,967 INFO    : get id and name
2018-04-10 11:24:05,967 WARNING : failed
2018-04-10 11:24:05,968 INFO    : 211.103.220.74 - - [10/Apr/2018 11:24:05] "POST /ctl/new_project HTTP/1.1" 200 -
2018-04-10 11:24:05,968 INFO    : new_project request
2018-04-10 11:24:05,968 INFO    : get id and name
2018-04-10 11:24:05,968 WARNING : failed
2018-04-10 11:24:05,969 INFO    : 211.103.220.74 - - [10/Apr/2018 11:24:05] "POST /ctl/new_project HTTP/1.1" 200 -
2018-04-10 11:24:05,969 INFO    : new_project request
2018-04-10 11:24:05,969 INFO    : get id and name
2018-04-10 11:24:05,969 WARNING : failed
2018-04-10 11:24:05,970 INFO    : 211.103.220.74 - - [10/Apr/2018 11:24:05] "POST /ctl/new_project HTTP/1.1" 200 -
2018-04-10 11:24:05,970 INFO    : new_project request
2018-04-10 11:24:05,970 INFO    : get id and name
2018-04-10 11:24:05,970 WARNING : failed
2018-04-10 11:24:05,970 INFO    : 211.103.220.74 - - [10/Apr/2018 11:24:05] "POST /ctl/new_project HTTP/1.1" 200 -
2018-04-10 11:24:05,971 INFO    : new_project request
2018-04-10 11:24:05,971 INFO    : get id and name
2018-04-10 11:24:05,971 WARNING : failed
2018-04-10 11:24:05,971 INFO    : 211.103.220.74 - - [10/Apr/2018 11:24:05] "POST /ctl/new_project HTTP/1.1" 200 -
2018-04-10 11:24:05,972 INFO    : new_project request
2018-04-10 11:24:05,972 INFO    : get id and name
2018-04-10 11:24:05,972 WARNING : failed
2018-04-10 11:24:05,972 INFO    : 211.103.220.74 - - [10/Apr/2018 11:24:05] "POST /ctl/new_project HTTP/1.1" 200 -
2018-04-10 11:24:05,973 INFO    : new_project request
2018-04-10 11:24:05,973 INFO    : get id and name
2018-04-10 11:24:05,973 WARNING : failed
2018-04-10 11:24:05,973 INFO    : 211.103.220.74 - - [10/Apr/2018 11:24:05] "POST /ctl/new_project HTTP/1.1" 200 -
2018-04-10 11:24:05,973 INFO    : new_project request
2018-04-10 11:24:05,974 INFO    : get id and name
2018-04-10 11:24:05,974 WARNING : failed
2018-04-10 11:24:05,974 INFO    : 211.103.220.74 - - [10/Apr/2018 11:24:05] "POST /ctl/new_project HTTP/1.1" 200 -
2018-04-10 11:24:05,974 INFO    : new_project request
2018-04-10 11:24:05,974 INFO    : get id and name
2018-04-10 11:24:05,975 WARNING : failed
2018-04-10 11:24:05,975 INFO    : 211.103.220.74 - - [10/Apr/2018 11:24:05] "POST /ctl/new_project HTTP/1.1" 200 -
2018-04-10 11:24:05,975 INFO    : new_project request
2018-04-10 11:24:05,975 INFO    : get id and name
2018-04-10 11:24:05,976 WARNING : failed
2018-04-10 11:24:05,976 INFO    : 211.103.220.74 - - [10/Apr/2018 11:24:05] "POST /ctl/new_project HTTP/1.1" 200 -
2018-04-10 11:24:05,976 INFO    : new_project request
2018-04-10 11:24:05,976 INFO    : get id and name
2018-04-10 11:24:05,976 WARNING : failed
2018-04-10 11:24:05,977 INFO    : 211.103.220.74 - - [10/Apr/2018 11:24:05] "POST /ctl/new_project HTTP/1.1" 200 -
2018-04-10 11:24:05,977 INFO    : new_project request
2018-04-10 11:24:05,977 INFO    : get id and name
2018-04-10 11:24:05,977 WARNING : failed
2018-04-10 11:24:05,978 INFO    : 211.103.220.74 - - [10/Apr/2018 11:24:05] "POST /ctl/new_project HTTP/1.1" 200 -
2018-04-10 11:24:05,978 INFO    : new_project request
2018-04-10 11:24:05,978 INFO    : get id and name
2018-04-10 11:24:05,978 WARNING : failed
2018-04-10 11:24:05,978 INFO    : 211.103.220.74 - - [10/Apr/2018 11:24:05] "POST /ctl/new_project HTTP/1.1" 200 -
2018-04-10 11:24:05,979 INFO    : new_project request
2018-04-10 11:24:05,979 INFO    : get id and name
2018-04-10 11:24:05,979 WARNING : failed
2018-04-10 11:24:05,979 INFO    : 211.103.220.74 - - [10/Apr/2018 11:24:05] "POST /ctl/new_project HTTP/1.1" 200 -
2018-04-10 11:24:05,980 INFO    : new_project request
2018-04-10 11:24:05,980 INFO    : get id and name
2018-04-10 11:24:05,980 WARNING : failed
2018-04-10 11:24:05,980 INFO    : 211.103.220.74 - - [10/Apr/2018 11:24:05] "POST /ctl/new_project HTTP/1.1" 200 -
2018-04-10 11:24:05,981 INFO    : new_project request
2018-04-10 11:24:05,981 INFO    : get id and name
2018-04-10 11:24:05,981 WARNING : failed
2018-04-10 11:24:05,981 INFO    : 211.103.220.74 - - [10/Apr/2018 11:24:05] "POST /ctl/new_project HTTP/1.1" 200 -
2018-04-10 11:24:05,982 INFO    : new_project request
2018-04-10 11:24:05,982 INFO    : get id and name
2018-04-10 11:24:05,982 WARNING : failed
2018-04-10 11:24:05,982 INFO    : 211.103.220.74 - - [10/Apr/2018 11:24:05] "POST /ctl/new_project HTTP/1.1" 200 -
2018-04-10 11:24:05,983 INFO    : new_project request
2018-04-10 11:24:05,983 INFO    : get id and name
2018-04-10 11:24:05,983 WARNING : failed
2018-04-10 11:24:05,983 INFO    : 211.103.220.74 - - [10/Apr/2018 11:24:05] "POST /ctl/new_project HTTP/1.1" 200 -
2018-04-10 11:24:05,984 INFO    : new_project request
2018-04-10 11:24:05,984 INFO    : get id and name
2018-04-10 11:24:05,984 WARNING : failed
2018-04-10 11:24:05,984 INFO    : 211.103.220.74 - - [10/Apr/2018 11:24:05] "POST /ctl/new_project HTTP/1.1" 200 -
2018-04-10 11:24:05,984 INFO    : new_project request
2018-04-10 11:24:05,984 INFO    : get id and name
2018-04-10 11:24:05,985 WARNING : failed
2018-04-10 11:24:05,985 INFO    : 211.103.220.74 - - [10/Apr/2018 11:24:05] "POST /ctl/new_project HTTP/1.1" 200 -
2018-04-10 11:24:05,986 INFO    : new_project request
2018-04-10 11:24:05,987 INFO    : get id and name
2018-04-10 11:24:05,987 WARNING : failed
2018-04-10 11:24:05,987 INFO    : 211.103.220.74 - - [10/Apr/2018 11:24:05] "POST /ctl/new_project HTTP/1.1" 200 -
2018-04-10 11:24:05,988 INFO    : new_project request
2018-04-10 11:24:05,988 INFO    : get id and name
2018-04-10 11:24:05,988 WARNING : failed
2018-04-10 11:24:05,988 INFO    : 211.103.220.74 - - [10/Apr/2018 11:24:05] "POST /ctl/new_project HTTP/1.1" 200 -
2018-04-10 11:24:05,999 INFO    : new_project request
2018-04-10 11:24:05,999 INFO    : get id and name
2018-04-10 11:24:05,999 WARNING : failed
2018-04-10 11:24:05,999 INFO    : 211.103.220.74 - - [10/Apr/2018 11:24:05] "POST /ctl/new_project HTTP/1.1" 200 -
2018-04-10 11:24:05,999 INFO    : new_project request
2018-04-10 11:24:06,000 INFO    : get id and name
2018-04-10 11:24:06,000 WARNING : failed
2018-04-10 11:24:06,000 INFO    : 211.103.220.74 - - [10/Apr/2018 11:24:06] "POST /ctl/new_project HTTP/1.1" 200 -
2018-04-10 11:24:06,005 INFO    : new_project request
2018-04-10 11:24:06,005 INFO    : get id and name
2018-04-10 11:24:06,005 WARNING : failed
2018-04-10 11:24:06,005 INFO    : 211.103.220.74 - - [10/Apr/2018 11:24:06] "POST /ctl/new_project HTTP/1.1" 200 -
2018-04-10 11:24:06,006 INFO    : new_project request
2018-04-10 11:24:06,006 INFO    : get id and name
2018-04-10 11:24:06,006 WARNING : failed
2018-04-10 11:24:06,006 INFO    : 211.103.220.74 - - [10/Apr/2018 11:24:06] "POST /ctl/new_project HTTP/1.1" 200 -
2018-04-10 11:24:06,007 INFO    : new_project request
2018-04-10 11:24:06,007 INFO    : get id and name
2018-04-10 11:24:06,007 WARNING : failed
2018-04-10 11:24:06,008 INFO    : 211.103.220.74 - - [10/Apr/2018 11:24:06] "POST /ctl/new_project HTTP/1.1" 200 -
2018-04-10 11:24:06,008 INFO    : new_project request
2018-04-10 11:24:06,008 INFO    : get id and name
2018-04-10 11:24:06,008 WARNING : failed
2018-04-10 11:24:06,008 INFO    : 211.103.220.74 - - [10/Apr/2018 11:24:06] "POST /ctl/new_project HTTP/1.1" 200 -
2018-04-10 11:24:06,009 INFO    : new_project request
2018-04-10 11:24:06,009 INFO    : get id and name
2018-04-10 11:24:06,009 WARNING : failed
2018-04-10 11:24:06,009 INFO    : 211.103.220.74 - - [10/Apr/2018 11:24:06] "POST /ctl/new_project HTTP/1.1" 200 -
2018-04-10 11:24:06,010 INFO    : new_project request
2018-04-10 11:24:06,010 INFO    : get id and name
2018-04-10 11:24:06,010 WARNING : failed
2018-04-10 11:24:06,010 INFO    : 211.103.220.74 - - [10/Apr/2018 11:24:06] "POST /ctl/new_project HTTP/1.1" 200 -
2018-04-10 11:24:06,011 INFO    : new_project request
2018-04-10 11:24:06,011 INFO    : get id and name
2018-04-10 11:24:06,011 WARNING : failed
2018-04-10 11:24:06,011 INFO    : 211.103.220.74 - - [10/Apr/2018 11:24:06] "POST /ctl/new_project HTTP/1.1" 200 -
2018-04-10 11:24:06,019 INFO    : new_project request
2018-04-10 11:24:06,020 INFO    : get id and name
2018-04-10 11:24:06,020 WARNING : failed
2018-04-10 11:24:06,020 INFO    : 211.103.220.74 - - [10/Apr/2018 11:24:06] "POST /ctl/new_project HTTP/1.1" 200 -
2018-04-10 11:24:06,025 INFO    : new_project request
2018-04-10 11:24:06,026 INFO    : get id and name
2018-04-10 11:24:06,026 WARNING : failed
2018-04-10 11:24:06,026 INFO    : 211.103.220.74 - - [10/Apr/2018 11:24:06] "POST /ctl/new_project HTTP/1.1" 200 -
2018-04-10 11:24:06,030 INFO    : new_project request
2018-04-10 11:24:06,030 INFO    : get id and name
2018-04-10 11:24:06,030 WARNING : failed
2018-04-10 11:24:06,030 INFO    : 211.103.220.74 - - [10/Apr/2018 11:24:06] "POST /ctl/new_project HTTP/1.1" 200 -
2018-04-10 11:24:06,031 INFO    : new_project request
2018-04-10 11:24:06,031 INFO    : get id and name
2018-04-10 11:24:06,031 WARNING : failed
2018-04-10 11:24:06,031 INFO    : 211.103.220.74 - - [10/Apr/2018 11:24:06] "POST /ctl/new_project HTTP/1.1" 200 -
2018-04-10 11:24:06,031 INFO    : new_project request
2018-04-10 11:24:06,032 INFO    : get id and name
2018-04-10 11:24:06,032 WARNING : failed
2018-04-10 11:24:06,032 INFO    : 211.103.220.74 - - [10/Apr/2018 11:24:06] "POST /ctl/new_project HTTP/1.1" 200 -
2018-04-10 11:24:06,032 INFO    : new_project request
2018-04-10 11:24:06,032 INFO    : get id and name
2018-04-10 11:24:06,033 WARNING : failed
2018-04-10 11:24:06,033 INFO    : 211.103.220.74 - - [10/Apr/2018 11:24:06] "POST /ctl/new_project HTTP/1.1" 200 -
2018-04-10 11:24:06,033 INFO    : new_project request
2018-04-10 11:24:06,033 INFO    : get id and name
2018-04-10 11:24:06,034 WARNING : failed
2018-04-10 11:24:06,034 INFO    : 211.103.220.74 - - [10/Apr/2018 11:24:06] "POST /ctl/new_project HTTP/1.1" 200 -
2018-04-10 11:24:06,034 INFO    : new_project request
2018-04-10 11:24:06,034 INFO    : get id and name
2018-04-10 11:24:06,034 WARNING : failed
2018-04-10 11:24:06,035 INFO    : 211.103.220.74 - - [10/Apr/2018 11:24:06] "POST /ctl/new_project HTTP/1.1" 200 -
2018-04-10 11:24:06,035 INFO    : new_project request
2018-04-10 11:24:06,035 INFO    : get id and name
2018-04-10 11:24:06,035 WARNING : failed
2018-04-10 11:24:06,036 INFO    : 211.103.220.74 - - [10/Apr/2018 11:24:06] "POST /ctl/new_project HTTP/1.1" 200 -
2018-04-10 11:24:06,036 INFO    : new_project request
2018-04-10 11:24:06,036 INFO    : get id and name
2018-04-10 11:24:06,036 WARNING : failed
2018-04-10 11:24:06,037 INFO    : 211.103.220.74 - - [10/Apr/2018 11:24:06] "POST /ctl/new_project HTTP/1.1" 200 -
2018-04-10 11:24:06,037 INFO    : new_project request
2018-04-10 11:24:06,037 INFO    : get id and name
2018-04-10 11:24:06,037 WARNING : failed
2018-04-10 11:24:06,038 INFO    : 211.103.220.74 - - [10/Apr/2018 11:24:06] "POST /ctl/new_project HTTP/1.1" 200 -
2018-04-10 11:24:06,038 INFO    : new_project request
2018-04-10 11:24:06,038 INFO    : get id and name
2018-04-10 11:24:06,038 WARNING : failed
2018-04-10 11:24:06,039 INFO    : 211.103.220.74 - - [10/Apr/2018 11:24:06] "POST /ctl/new_project HTTP/1.1" 200 -
2018-04-10 11:24:06,039 INFO    : new_project request
2018-04-10 11:24:06,040 INFO    : get id and name
2018-04-10 11:24:06,040 WARNING : failed
2018-04-10 11:24:06,040 INFO    : 211.103.220.74 - - [10/Apr/2018 11:24:06] "POST /ctl/new_project HTTP/1.1" 200 -
2018-04-10 11:24:06,041 INFO    : new_project request
2018-04-10 11:24:06,041 INFO    : get id and name
2018-04-10 11:24:06,041 WARNING : failed
2018-04-10 11:24:06,041 INFO    : 211.103.220.74 - - [10/Apr/2018 11:24:06] "POST /ctl/new_project HTTP/1.1" 200 -
2018-04-10 11:24:06,041 INFO    : new_project request
2018-04-10 11:24:06,041 INFO    : get id and name
2018-04-10 11:24:06,042 WARNING : failed
2018-04-10 11:24:06,042 INFO    : 211.103.220.74 - - [10/Apr/2018 11:24:06] "POST /ctl/new_project HTTP/1.1" 200 -
2018-04-10 11:24:06,042 INFO    : new_project request
2018-04-10 11:24:06,042 INFO    : get id and name
2018-04-10 11:24:06,042 WARNING : failed
2018-04-10 11:24:06,043 INFO    : 211.103.220.74 - - [10/Apr/2018 11:24:06] "POST /ctl/new_project HTTP/1.1" 200 -
2018-04-10 11:24:06,043 INFO    : new_project request
2018-04-10 11:24:06,043 INFO    : get id and name
2018-04-10 11:24:06,043 WARNING : failed
2018-04-10 11:24:06,044 INFO    : 211.103.220.74 - - [10/Apr/2018 11:24:06] "POST /ctl/new_project HTTP/1.1" 200 -
2018-04-10 11:24:06,044 INFO    : new_project request
2018-04-10 11:24:06,044 INFO    : get id and name
2018-04-10 11:24:06,044 WARNING : failed
2018-04-10 11:24:06,044 INFO    : 211.103.220.74 - - [10/Apr/2018 11:24:06] "POST /ctl/new_project HTTP/1.1" 200 -
2018-04-10 11:24:06,045 INFO    : new_project request
2018-04-10 11:24:06,045 INFO    : get id and name
2018-04-10 11:24:06,045 WARNING : failed
2018-04-10 11:24:06,045 INFO    : 211.103.220.74 - - [10/Apr/2018 11:24:06] "POST /ctl/new_project HTTP/1.1" 200 -
2018-04-10 11:24:06,046 INFO    : new_project request
2018-04-10 11:24:06,046 INFO    : get id and name
2018-04-10 11:24:06,046 WARNING : failed
2018-04-10 11:24:06,046 INFO    : 211.103.220.74 - - [10/Apr/2018 11:24:06] "POST /ctl/new_project HTTP/1.1" 200 -
2018-04-10 11:24:06,047 INFO    : new_project request
2018-04-10 11:24:06,047 INFO    : get id and name
2018-04-10 11:24:06,047 WARNING : failed
2018-04-10 11:24:06,047 INFO    : 211.103.220.74 - - [10/Apr/2018 11:24:06] "POST /ctl/new_project HTTP/1.1" 200 -
2018-04-10 11:24:06,048 INFO    : new_project request
2018-04-10 11:24:06,048 INFO    : get id and name
2018-04-10 11:24:06,048 WARNING : failed
2018-04-10 11:24:06,048 INFO    : 211.103.220.74 - - [10/Apr/2018 11:24:06] "POST /ctl/new_project HTTP/1.1" 200 -
2018-04-10 11:24:06,048 INFO    : new_project request
2018-04-10 11:24:06,048 INFO    : get id and name
2018-04-10 11:24:06,049 WARNING : failed
2018-04-10 11:24:06,049 INFO    : 211.103.220.74 - - [10/Apr/2018 11:24:06] "POST /ctl/new_project HTTP/1.1" 200 -
2018-04-10 11:24:06,049 INFO    : new_project request
2018-04-10 11:24:06,049 INFO    : get id and name
2018-04-10 11:24:06,049 WARNING : failed
2018-04-10 11:24:06,050 INFO    : 211.103.220.74 - - [10/Apr/2018 11:24:06] "POST /ctl/new_project HTTP/1.1" 200 -
2018-04-10 11:24:06,050 INFO    : new_project request
2018-04-10 11:24:06,050 INFO    : get id and name
2018-04-10 11:24:06,050 WARNING : failed
2018-04-10 11:24:06,051 INFO    : 211.103.220.74 - - [10/Apr/2018 11:24:06] "POST /ctl/new_project HTTP/1.1" 200 -
2018-04-10 11:24:06,051 INFO    : new_project request
2018-04-10 11:24:06,051 INFO    : get id and name
2018-04-10 11:24:06,051 WARNING : failed
2018-04-10 11:24:06,051 INFO    : 211.103.220.74 - - [10/Apr/2018 11:24:06] "POST /ctl/new_project HTTP/1.1" 200 -
2018-04-10 11:24:06,052 INFO    : new_project request
2018-04-10 11:24:06,052 INFO    : get id and name
2018-04-10 11:24:06,052 WARNING : failed
2018-04-10 11:24:06,052 INFO    : 211.103.220.74 - - [10/Apr/2018 11:24:06] "POST /ctl/new_project HTTP/1.1" 200 -
2018-04-10 11:24:06,053 INFO    : new_project request
2018-04-10 11:24:06,053 INFO    : get id and name
2018-04-10 11:24:06,053 WARNING : failed
2018-04-10 11:24:06,053 INFO    : 211.103.220.74 - - [10/Apr/2018 11:24:06] "POST /ctl/new_project HTTP/1.1" 200 -
2018-04-10 11:24:06,054 INFO    : new_project request
2018-04-10 11:24:06,054 INFO    : get id and name
2018-04-10 11:24:06,054 WARNING : failed
2018-04-10 11:24:06,054 INFO    : 211.103.220.74 - - [10/Apr/2018 11:24:06] "POST /ctl/new_project HTTP/1.1" 200 -
2018-04-10 11:24:06,055 INFO    : new_project request
2018-04-10 11:24:06,055 INFO    : get id and name
2018-04-10 11:24:06,055 WARNING : failed
2018-04-10 11:24:06,055 INFO    : 211.103.220.74 - - [10/Apr/2018 11:24:06] "POST /ctl/new_project HTTP/1.1" 200 -
2018-04-10 11:24:06,055 INFO    : new_project request
2018-04-10 11:24:06,055 INFO    : get id and name
2018-04-10 11:24:06,056 WARNING : failed
2018-04-10 11:24:06,056 INFO    : 211.103.220.74 - - [10/Apr/2018 11:24:06] "POST /ctl/new_project HTTP/1.1" 200 -
2018-04-10 11:24:06,056 INFO    : new_project request
2018-04-10 11:24:06,056 INFO    : get id and name
2018-04-10 11:24:06,056 WARNING : failed
2018-04-10 11:24:06,057 INFO    : 211.103.220.74 - - [10/Apr/2018 11:24:06] "POST /ctl/new_project HTTP/1.1" 200 -
2018-04-10 11:24:06,057 INFO    : new_project request
2018-04-10 11:24:06,057 INFO    : get id and name
2018-04-10 11:24:06,057 WARNING : failed
2018-04-10 11:24:06,058 INFO    : 211.103.220.74 - - [10/Apr/2018 11:24:06] "POST /ctl/new_project HTTP/1.1" 200 -
2018-04-10 11:24:06,058 INFO    : new_project request
2018-04-10 11:24:06,058 INFO    : get id and name
2018-04-10 11:24:06,058 WARNING : failed
2018-04-10 11:24:06,058 INFO    : 211.103.220.74 - - [10/Apr/2018 11:24:06] "POST /ctl/new_project HTTP/1.1" 200 -
2018-04-10 11:24:06,059 INFO    : new_project request
2018-04-10 11:24:06,059 INFO    : get id and name
2018-04-10 11:24:06,059 WARNING : failed
2018-04-10 11:24:06,060 INFO    : 211.103.220.74 - - [10/Apr/2018 11:24:06] "POST /ctl/new_project HTTP/1.1" 200 -
2018-04-10 11:24:06,060 INFO    : new_project request
2018-04-10 11:24:06,060 INFO    : get id and name
2018-04-10 11:24:06,060 WARNING : failed
2018-04-10 11:24:06,061 INFO    : 211.103.220.74 - - [10/Apr/2018 11:24:06] "POST /ctl/new_project HTTP/1.1" 200 -
2018-04-10 11:24:06,061 INFO    : new_project request
2018-04-10 11:24:06,061 INFO    : get id and name
2018-04-10 11:24:06,061 WARNING : failed
2018-04-10 11:24:06,062 INFO    : 211.103.220.74 - - [10/Apr/2018 11:24:06] "POST /ctl/new_project HTTP/1.1" 200 -
2018-04-10 11:24:06,062 INFO    : new_project request
2018-04-10 11:24:06,062 INFO    : get id and name
2018-04-10 11:24:06,062 WARNING : failed
2018-04-10 11:24:06,063 INFO    : 211.103.220.74 - - [10/Apr/2018 11:24:06] "POST /ctl/new_project HTTP/1.1" 200 -
2018-04-10 11:24:06,063 INFO    : new_project request
2018-04-10 11:24:06,063 INFO    : get id and name
2018-04-10 11:24:06,063 WARNING : failed
2018-04-10 11:24:06,063 INFO    : 211.103.220.74 - - [10/Apr/2018 11:24:06] "POST /ctl/new_project HTTP/1.1" 200 -
2018-04-10 11:24:06,064 INFO    : new_project request
2018-04-10 11:24:06,064 INFO    : get id and name
2018-04-10 11:24:06,064 WARNING : failed
2018-04-10 11:24:06,064 INFO    : 211.103.220.74 - - [10/Apr/2018 11:24:06] "POST /ctl/new_project HTTP/1.1" 200 -
2018-04-10 11:24:06,065 INFO    : new_project request
2018-04-10 11:24:06,065 INFO    : get id and name
2018-04-10 11:24:06,065 WARNING : failed
2018-04-10 11:24:06,065 INFO    : 211.103.220.74 - - [10/Apr/2018 11:24:06] "POST /ctl/new_project HTTP/1.1" 200 -
2018-04-10 11:24:06,066 INFO    : new_project request
2018-04-10 11:24:06,066 INFO    : get id and name
2018-04-10 11:24:06,066 WARNING : failed
2018-04-10 11:24:06,066 INFO    : 211.103.220.74 - - [10/Apr/2018 11:24:06] "POST /ctl/new_project HTTP/1.1" 200 -
2018-04-10 11:24:06,067 INFO    : new_project request
2018-04-10 11:24:06,067 INFO    : get id and name
2018-04-10 11:24:06,067 WARNING : failed
2018-04-10 11:24:06,067 INFO    : 211.103.220.74 - - [10/Apr/2018 11:24:06] "POST /ctl/new_project HTTP/1.1" 200 -
2018-04-10 11:24:06,067 INFO    : new_project request
2018-04-10 11:24:06,068 INFO    : get id and name
2018-04-10 11:24:06,068 WARNING : failed
2018-04-10 11:24:06,068 INFO    : 211.103.220.74 - - [10/Apr/2018 11:24:06] "POST /ctl/new_project HTTP/1.1" 200 -
2018-04-10 11:24:06,068 INFO    : new_project request
2018-04-10 11:24:06,068 INFO    : get id and name
2018-04-10 11:24:06,068 WARNING : failed
2018-04-10 11:24:06,069 INFO    : 211.103.220.74 - - [10/Apr/2018 11:24:06] "POST /ctl/new_project HTTP/1.1" 200 -
2018-04-10 11:24:06,069 INFO    : new_project request
2018-04-10 11:24:06,069 INFO    : get id and name
2018-04-10 11:24:06,070 WARNING : failed
2018-04-10 11:24:06,070 INFO    : 211.103.220.74 - - [10/Apr/2018 11:24:06] "POST /ctl/new_project HTTP/1.1" 200 -
2018-04-10 11:24:06,070 INFO    : new_project request
2018-04-10 11:24:06,071 INFO    : get id and name
2018-04-10 11:24:06,071 WARNING : failed
2018-04-10 11:24:06,071 INFO    : 211.103.220.74 - - [10/Apr/2018 11:24:06] "POST /ctl/new_project HTTP/1.1" 200 -
2018-04-10 11:24:06,071 INFO    : new_project request
2018-04-10 11:24:06,071 INFO    : get id and name
2018-04-10 11:24:06,071 WARNING : failed
2018-04-10 11:24:06,072 INFO    : 211.103.220.74 - - [10/Apr/2018 11:24:06] "POST /ctl/new_project HTTP/1.1" 200 -
2018-04-10 11:24:06,072 INFO    : new_project request
2018-04-10 11:24:06,072 INFO    : get id and name
2018-04-10 11:24:06,072 WARNING : failed
2018-04-10 11:24:06,073 INFO    : 211.103.220.74 - - [10/Apr/2018 11:24:06] "POST /ctl/new_project HTTP/1.1" 200 -
2018-04-10 11:24:06,073 INFO    : new_project request
2018-04-10 11:24:06,073 INFO    : get id and name
2018-04-10 11:24:06,073 WARNING : failed
2018-04-10 11:24:06,074 INFO    : 211.103.220.74 - - [10/Apr/2018 11:24:06] "POST /ctl/new_project HTTP/1.1" 200 -
2018-04-10 11:24:06,074 INFO    : new_project request
2018-04-10 11:24:06,074 INFO    : get id and name
2018-04-10 11:24:06,074 WARNING : failed
2018-04-10 11:24:06,074 INFO    : 211.103.220.74 - - [10/Apr/2018 11:24:06] "POST /ctl/new_project HTTP/1.1" 200 -
2018-04-10 11:24:06,075 INFO    : new_project request
2018-04-10 11:24:06,075 INFO    : get id and name
2018-04-10 11:24:06,075 WARNING : failed
2018-04-10 11:24:06,075 INFO    : 211.103.220.74 - - [10/Apr/2018 11:24:06] "POST /ctl/new_project HTTP/1.1" 200 -
2018-04-10 11:24:06,076 INFO    : new_project request
2018-04-10 11:24:06,076 INFO    : get id and name
2018-04-10 11:24:06,076 WARNING : failed
2018-04-10 11:24:06,076 INFO    : 211.103.220.74 - - [10/Apr/2018 11:24:06] "POST /ctl/new_project HTTP/1.1" 200 -
2018-04-10 11:24:06,077 INFO    : new_project request
2018-04-10 11:24:06,077 INFO    : get id and name
2018-04-10 11:24:06,077 WARNING : failed
2018-04-10 11:24:06,077 INFO    : 211.103.220.74 - - [10/Apr/2018 11:24:06] "POST /ctl/new_project HTTP/1.1" 200 -
2018-04-10 11:24:06,078 INFO    : new_project request
2018-04-10 11:24:06,078 INFO    : get id and name
2018-04-10 11:24:06,078 WARNING : failed
2018-04-10 11:24:06,078 INFO    : 211.103.220.74 - - [10/Apr/2018 11:24:06] "POST /ctl/new_project HTTP/1.1" 200 -
2018-04-10 11:24:06,078 INFO    : new_project request
2018-04-10 11:24:06,079 INFO    : get id and name
2018-04-10 11:24:06,079 WARNING : failed
2018-04-10 11:24:06,079 INFO    : 211.103.220.74 - - [10/Apr/2018 11:24:06] "POST /ctl/new_project HTTP/1.1" 200 -
2018-04-10 11:24:06,079 INFO    : new_project request
2018-04-10 11:24:06,080 INFO    : get id and name
2018-04-10 11:24:06,080 WARNING : failed
2018-04-10 11:24:06,080 INFO    : 211.103.220.74 - - [10/Apr/2018 11:24:06] "POST /ctl/new_project HTTP/1.1" 200 -
2018-04-10 11:24:06,081 INFO    : new_project request
2018-04-10 11:24:06,081 INFO    : get id and name
2018-04-10 11:24:06,081 WARNING : failed
2018-04-10 11:24:06,081 INFO    : 211.103.220.74 - - [10/Apr/2018 11:24:06] "POST /ctl/new_project HTTP/1.1" 200 -
2018-04-10 11:24:06,082 INFO    : new_project request
2018-04-10 11:24:06,082 INFO    : get id and name
2018-04-10 11:24:06,082 WARNING : failed
2018-04-10 11:24:06,082 INFO    : 211.103.220.74 - - [10/Apr/2018 11:24:06] "POST /ctl/new_project HTTP/1.1" 200 -
2018-04-10 11:24:06,082 INFO    : new_project request
2018-04-10 11:24:06,082 INFO    : get id and name
2018-04-10 11:24:06,083 WARNING : failed
2018-04-10 11:24:06,083 INFO    : 211.103.220.74 - - [10/Apr/2018 11:24:06] "POST /ctl/new_project HTTP/1.1" 200 -
2018-04-10 11:24:06,083 INFO    : new_project request
2018-04-10 11:24:06,083 INFO    : get id and name
2018-04-10 11:24:06,083 WARNING : failed
2018-04-10 11:24:06,084 INFO    : 211.103.220.74 - - [10/Apr/2018 11:24:06] "POST /ctl/new_project HTTP/1.1" 200 -
2018-04-10 11:24:06,084 INFO    : new_project request
2018-04-10 11:24:06,084 INFO    : get id and name
2018-04-10 11:24:06,084 WARNING : failed
2018-04-10 11:24:06,085 INFO    : 211.103.220.74 - - [10/Apr/2018 11:24:06] "POST /ctl/new_project HTTP/1.1" 200 -
2018-04-10 11:24:06,085 INFO    : new_project request
2018-04-10 11:24:06,085 INFO    : get id and name
2018-04-10 11:24:06,085 WARNING : failed
2018-04-10 11:24:06,085 INFO    : 211.103.220.74 - - [10/Apr/2018 11:24:06] "POST /ctl/new_project HTTP/1.1" 200 -
2018-04-10 11:24:06,086 INFO    : new_project request
2018-04-10 11:24:06,086 INFO    : get id and name
2018-04-10 11:24:06,086 WARNING : failed
2018-04-10 11:24:06,086 INFO    : 211.103.220.74 - - [10/Apr/2018 11:24:06] "POST /ctl/new_project HTTP/1.1" 200 -
2018-04-10 11:24:06,087 INFO    : new_project request
2018-04-10 11:24:06,087 INFO    : get id and name
2018-04-10 11:24:06,087 WARNING : failed
2018-04-10 11:24:06,087 INFO    : 211.103.220.74 - - [10/Apr/2018 11:24:06] "POST /ctl/new_project HTTP/1.1" 200 -
2018-04-10 11:24:06,088 INFO    : new_project request
2018-04-10 11:24:06,088 INFO    : get id and name
2018-04-10 11:24:06,088 WARNING : failed
2018-04-10 11:24:06,088 INFO    : 211.103.220.74 - - [10/Apr/2018 11:24:06] "POST /ctl/new_project HTTP/1.1" 200 -
2018-04-10 11:24:06,088 INFO    : new_project request
2018-04-10 11:24:06,089 INFO    : get id and name
2018-04-10 11:24:06,089 WARNING : failed
2018-04-10 11:24:06,089 INFO    : 211.103.220.74 - - [10/Apr/2018 11:24:06] "POST /ctl/new_project HTTP/1.1" 200 -
2018-04-10 11:24:06,089 INFO    : new_project request
2018-04-10 11:24:06,089 INFO    : get id and name
2018-04-10 11:24:06,089 WARNING : failed
2018-04-10 11:24:06,090 INFO    : 211.103.220.74 - - [10/Apr/2018 11:24:06] "POST /ctl/new_project HTTP/1.1" 200 -
2018-04-10 11:24:06,090 INFO    : new_project request
2018-04-10 11:24:06,090 INFO    : get id and name
2018-04-10 11:24:06,090 WARNING : failed
2018-04-10 11:24:06,091 INFO    : 211.103.220.74 - - [10/Apr/2018 11:24:06] "POST /ctl/new_project HTTP/1.1" 200 -
2018-04-10 11:24:06,091 INFO    : new_project request
2018-04-10 11:24:06,091 INFO    : get id and name
2018-04-10 11:24:06,091 WARNING : failed
2018-04-10 11:24:06,091 INFO    : 211.103.220.74 - - [10/Apr/2018 11:24:06] "POST /ctl/new_project HTTP/1.1" 200 -
2018-04-10 11:24:06,092 INFO    : new_project request
2018-04-10 11:24:06,092 INFO    : get id and name
2018-04-10 11:24:06,092 WARNING : failed
2018-04-10 11:24:06,092 INFO    : 211.103.220.74 - - [10/Apr/2018 11:24:06] "POST /ctl/new_project HTTP/1.1" 200 -
2018-04-10 11:24:06,093 INFO    : new_project request
2018-04-10 11:24:06,093 INFO    : get id and name
2018-04-10 11:24:06,093 WARNING : failed
2018-04-10 11:24:06,093 INFO    : 211.103.220.74 - - [10/Apr/2018 11:24:06] "POST /ctl/new_project HTTP/1.1" 200 -
2018-04-10 11:24:06,094 INFO    : new_project request
2018-04-10 11:24:06,094 INFO    : get id and name
2018-04-10 11:24:06,094 WARNING : failed
2018-04-10 11:24:06,094 INFO    : 211.103.220.74 - - [10/Apr/2018 11:24:06] "POST /ctl/new_project HTTP/1.1" 200 -
2018-04-10 11:24:06,095 INFO    : new_project request
2018-04-10 11:24:06,095 INFO    : get id and name
2018-04-10 11:24:06,095 WARNING : failed
2018-04-10 11:24:06,095 INFO    : 211.103.220.74 - - [10/Apr/2018 11:24:06] "POST /ctl/new_project HTTP/1.1" 200 -
2018-04-10 11:24:06,096 INFO    : new_project request
2018-04-10 11:24:06,096 INFO    : get id and name
2018-04-10 11:24:06,096 WARNING : failed
2018-04-10 11:24:06,096 INFO    : 211.103.220.74 - - [10/Apr/2018 11:24:06] "POST /ctl/new_project HTTP/1.1" 200 -
2018-04-10 11:24:06,097 INFO    : new_project request
2018-04-10 11:24:06,097 INFO    : get id and name
2018-04-10 11:24:06,097 WARNING : failed
2018-04-10 11:24:06,097 INFO    : 211.103.220.74 - - [10/Apr/2018 11:24:06] "POST /ctl/new_project HTTP/1.1" 200 -
2018-04-10 11:24:06,097 INFO    : new_project request
2018-04-10 11:24:06,098 INFO    : get id and name
2018-04-10 11:24:06,098 WARNING : failed
2018-04-10 11:24:06,098 INFO    : 211.103.220.74 - - [10/Apr/2018 11:24:06] "POST /ctl/new_project HTTP/1.1" 200 -
2018-04-10 11:24:06,098 INFO    : new_project request
2018-04-10 11:24:06,099 INFO    : get id and name
2018-04-10 11:24:06,099 WARNING : failed
2018-04-10 11:24:06,099 INFO    : 211.103.220.74 - - [10/Apr/2018 11:24:06] "POST /ctl/new_project HTTP/1.1" 200 -
2018-04-10 11:24:06,100 INFO    : new_project request
2018-04-10 11:24:06,100 INFO    : get id and name
2018-04-10 11:24:06,100 WARNING : failed
2018-04-10 11:24:06,100 INFO    : 211.103.220.74 - - [10/Apr/2018 11:24:06] "POST /ctl/new_project HTTP/1.1" 200 -
2018-04-10 11:24:06,103 INFO    : new_project request
2018-04-10 11:24:06,104 INFO    : get id and name
2018-04-10 11:24:06,104 WARNING : failed
2018-04-10 11:24:06,104 INFO    : 211.103.220.74 - - [10/Apr/2018 11:24:06] "POST /ctl/new_project HTTP/1.1" 200 -
2018-04-10 11:24:06,105 INFO    : new_project request
2018-04-10 11:24:06,105 INFO    : get id and name
2018-04-10 11:24:06,105 WARNING : failed
2018-04-10 11:24:06,105 INFO    : 211.103.220.74 - - [10/Apr/2018 11:24:06] "POST /ctl/new_project HTTP/1.1" 200 -
2018-04-10 11:24:06,107 INFO    : new_project request
2018-04-10 11:24:06,107 INFO    : get id and name
2018-04-10 11:24:06,107 WARNING : failed
2018-04-10 11:24:06,107 INFO    : 211.103.220.74 - - [10/Apr/2018 11:24:06] "POST /ctl/new_project HTTP/1.1" 200 -
2018-04-10 11:24:06,108 INFO    : new_project request
2018-04-10 11:24:06,108 INFO    : get id and name
2018-04-10 11:24:06,108 WARNING : failed
2018-04-10 11:24:06,108 INFO    : 211.103.220.74 - - [10/Apr/2018 11:24:06] "POST /ctl/new_project HTTP/1.1" 200 -
2018-04-10 11:24:06,109 INFO    : new_project request
2018-04-10 11:24:06,110 INFO    : get id and name
2018-04-10 11:24:06,110 WARNING : failed
2018-04-10 11:24:06,110 INFO    : 211.103.220.74 - - [10/Apr/2018 11:24:06] "POST /ctl/new_project HTTP/1.1" 200 -
2018-04-10 11:24:06,111 INFO    : new_project request
2018-04-10 11:24:06,111 INFO    : get id and name
2018-04-10 11:24:06,111 WARNING : failed
2018-04-10 11:24:06,111 INFO    : 211.103.220.74 - - [10/Apr/2018 11:24:06] "POST /ctl/new_project HTTP/1.1" 200 -
2018-04-10 11:24:06,114 INFO    : new_project request
2018-04-10 11:24:06,114 INFO    : get id and name
2018-04-10 11:24:06,114 WARNING : failed
2018-04-10 11:24:06,115 INFO    : 211.103.220.74 - - [10/Apr/2018 11:24:06] "POST /ctl/new_project HTTP/1.1" 200 -
2018-04-10 11:24:06,115 INFO    : new_project request
2018-04-10 11:24:06,115 INFO    : get id and name
2018-04-10 11:24:06,115 WARNING : failed
2018-04-10 11:24:06,115 INFO    : 211.103.220.74 - - [10/Apr/2018 11:24:06] "POST /ctl/new_project HTTP/1.1" 200 -
2018-04-10 11:24:06,116 INFO    : new_project request
2018-04-10 11:24:06,116 INFO    : get id and name
2018-04-10 11:24:06,116 WARNING : failed
2018-04-10 11:24:06,116 INFO    : 211.103.220.74 - - [10/Apr/2018 11:24:06] "POST /ctl/new_project HTTP/1.1" 200 -
2018-04-10 11:24:06,117 INFO    : new_project request
2018-04-10 11:24:06,117 INFO    : get id and name
2018-04-10 11:24:06,117 WARNING : failed
2018-04-10 11:24:06,118 INFO    : 211.103.220.74 - - [10/Apr/2018 11:24:06] "POST /ctl/new_project HTTP/1.1" 200 -
2018-04-10 11:24:06,118 INFO    : new_project request
2018-04-10 11:24:06,118 INFO    : get id and name
2018-04-10 11:24:06,118 WARNING : failed
2018-04-10 11:24:06,119 INFO    : 211.103.220.74 - - [10/Apr/2018 11:24:06] "POST /ctl/new_project HTTP/1.1" 200 -
2018-04-10 11:24:06,119 INFO    : new_project request
2018-04-10 11:24:06,119 INFO    : get id and name
2018-04-10 11:24:06,119 WARNING : failed
2018-04-10 11:24:06,119 INFO    : 211.103.220.74 - - [10/Apr/2018 11:24:06] "POST /ctl/new_project HTTP/1.1" 200 -
2018-04-10 11:24:06,120 INFO    : new_project request
2018-04-10 11:24:06,120 INFO    : get id and name
2018-04-10 11:24:06,120 WARNING : failed
2018-04-10 11:24:06,120 INFO    : 211.103.220.74 - - [10/Apr/2018 11:24:06] "POST /ctl/new_project HTTP/1.1" 200 -
2018-04-10 11:24:06,121 INFO    : new_project request
2018-04-10 11:24:06,121 INFO    : get id and name
2018-04-10 11:24:06,121 WARNING : failed
2018-04-10 11:24:06,121 INFO    : 211.103.220.74 - - [10/Apr/2018 11:24:06] "POST /ctl/new_project HTTP/1.1" 200 -
2018-04-10 11:24:06,122 INFO    : new_project request
2018-04-10 11:24:06,122 INFO    : get id and name
2018-04-10 11:24:06,122 WARNING : failed
2018-04-10 11:24:06,123 INFO    : 211.103.220.74 - - [10/Apr/2018 11:24:06] "POST /ctl/new_project HTTP/1.1" 200 -
2018-04-10 11:24:06,123 INFO    : new_project request
2018-04-10 11:24:06,123 INFO    : get id and name
2018-04-10 11:24:06,123 WARNING : failed
2018-04-10 11:24:06,123 INFO    : 211.103.220.74 - - [10/Apr/2018 11:24:06] "POST /ctl/new_project HTTP/1.1" 200 -
2018-04-10 11:24:06,124 INFO    : new_project request
2018-04-10 11:24:06,124 INFO    : get id and name
2018-04-10 11:24:06,124 WARNING : failed
2018-04-10 11:24:06,124 INFO    : 211.103.220.74 - - [10/Apr/2018 11:24:06] "POST /ctl/new_project HTTP/1.1" 200 -
2018-04-10 11:24:06,125 INFO    : new_project request
2018-04-10 11:24:06,125 INFO    : get id and name
2018-04-10 11:24:06,125 WARNING : failed
2018-04-10 11:24:06,125 INFO    : 211.103.220.74 - - [10/Apr/2018 11:24:06] "POST /ctl/new_project HTTP/1.1" 200 -
2018-04-10 11:24:06,126 INFO    : new_project request
2018-04-10 11:24:06,126 INFO    : get id and name
2018-04-10 11:24:06,126 WARNING : failed
2018-04-10 11:24:06,126 INFO    : 211.103.220.74 - - [10/Apr/2018 11:24:06] "POST /ctl/new_project HTTP/1.1" 200 -
2018-04-10 11:24:06,127 INFO    : new_project request
2018-04-10 11:24:06,127 INFO    : get id and name
2018-04-10 11:24:06,127 WARNING : failed
2018-04-10 11:24:06,127 INFO    : 211.103.220.74 - - [10/Apr/2018 11:24:06] "POST /ctl/new_project HTTP/1.1" 200 -
2018-04-10 11:24:06,128 INFO    : new_project request
2018-04-10 11:24:06,128 INFO    : get id and name
2018-04-10 11:24:06,128 WARNING : failed
2018-04-10 11:24:06,128 INFO    : 211.103.220.74 - - [10/Apr/2018 11:24:06] "POST /ctl/new_project HTTP/1.1" 200 -
2018-04-10 11:24:06,129 INFO    : new_project request
2018-04-10 11:24:06,129 INFO    : get id and name
2018-04-10 11:24:06,129 WARNING : failed
2018-04-10 11:24:06,129 INFO    : 211.103.220.74 - - [10/Apr/2018 11:24:06] "POST /ctl/new_project HTTP/1.1" 200 -
2018-04-10 11:24:06,130 INFO    : new_project request
2018-04-10 11:24:06,130 INFO    : get id and name
2018-04-10 11:24:06,130 WARNING : failed
2018-04-10 11:24:06,130 INFO    : 211.103.220.74 - - [10/Apr/2018 11:24:06] "POST /ctl/new_project HTTP/1.1" 200 -
2018-04-10 11:24:06,130 INFO    : new_project request
2018-04-10 11:24:06,131 INFO    : get id and name
2018-04-10 11:24:06,131 WARNING : failed
2018-04-10 11:24:06,131 INFO    : 211.103.220.74 - - [10/Apr/2018 11:24:06] "POST /ctl/new_project HTTP/1.1" 200 -
2018-04-10 11:24:06,131 INFO    : new_project request
2018-04-10 11:24:06,131 INFO    : get id and name
2018-04-10 11:24:06,132 WARNING : failed
2018-04-10 11:24:06,132 INFO    : 211.103.220.74 - - [10/Apr/2018 11:24:06] "POST /ctl/new_project HTTP/1.1" 200 -
2018-04-10 11:24:06,132 INFO    : new_project request
2018-04-10 11:24:06,132 INFO    : get id and name
2018-04-10 11:24:06,132 WARNING : failed
2018-04-10 11:24:06,133 INFO    : 211.103.220.74 - - [10/Apr/2018 11:24:06] "POST /ctl/new_project HTTP/1.1" 200 -
2018-04-10 11:24:06,133 INFO    : new_project request
2018-04-10 11:24:06,133 INFO    : get id and name
2018-04-10 11:24:06,133 WARNING : failed
2018-04-10 11:24:06,134 INFO    : 211.103.220.74 - - [10/Apr/2018 11:24:06] "POST /ctl/new_project HTTP/1.1" 200 -
2018-04-10 11:24:06,134 INFO    : new_project request
2018-04-10 11:24:06,134 INFO    : get id and name
2018-04-10 11:24:06,134 WARNING : failed
2018-04-10 11:24:06,134 INFO    : 211.103.220.74 - - [10/Apr/2018 11:24:06] "POST /ctl/new_project HTTP/1.1" 200 -
2018-04-10 11:24:06,135 INFO    : new_project request
2018-04-10 11:24:06,135 INFO    : get id and name
2018-04-10 11:24:06,135 WARNING : failed
2018-04-10 11:24:06,135 INFO    : 211.103.220.74 - - [10/Apr/2018 11:24:06] "POST /ctl/new_project HTTP/1.1" 200 -
2018-04-10 11:24:06,136 INFO    : new_project request
2018-04-10 11:24:06,136 INFO    : get id and name
2018-04-10 11:24:06,136 WARNING : failed
2018-04-10 11:24:06,136 INFO    : 211.103.220.74 - - [10/Apr/2018 11:24:06] "POST /ctl/new_project HTTP/1.1" 200 -
2018-04-10 11:24:06,137 INFO    : new_project request
2018-04-10 11:24:06,137 INFO    : get id and name
2018-04-10 11:24:06,137 WARNING : failed
2018-04-10 11:24:06,137 INFO    : 211.103.220.74 - - [10/Apr/2018 11:24:06] "POST /ctl/new_project HTTP/1.1" 200 -
2018-04-10 11:24:06,138 INFO    : new_project request
2018-04-10 11:24:06,138 INFO    : get id and name
2018-04-10 11:24:06,138 WARNING : failed
2018-04-10 11:24:06,138 INFO    : 211.103.220.74 - - [10/Apr/2018 11:24:06] "POST /ctl/new_project HTTP/1.1" 200 -
2018-04-10 11:24:06,138 INFO    : new_project request
2018-04-10 11:24:06,139 INFO    : get id and name
2018-04-10 11:24:06,139 WARNING : failed
2018-04-10 11:24:06,139 INFO    : 211.103.220.74 - - [10/Apr/2018 11:24:06] "POST /ctl/new_project HTTP/1.1" 200 -
2018-04-10 11:24:06,139 INFO    : new_project request
2018-04-10 11:24:06,139 INFO    : get id and name
2018-04-10 11:24:06,139 WARNING : failed
2018-04-10 11:24:06,140 INFO    : 211.103.220.74 - - [10/Apr/2018 11:24:06] "POST /ctl/new_project HTTP/1.1" 200 -
2018-04-10 11:24:06,140 INFO    : new_project request
2018-04-10 11:24:06,140 INFO    : get id and name
2018-04-10 11:24:06,140 WARNING : failed
2018-04-10 11:24:06,141 INFO    : 211.103.220.74 - - [10/Apr/2018 11:24:06] "POST /ctl/new_project HTTP/1.1" 200 -
2018-04-10 11:24:06,141 INFO    : new_project request
2018-04-10 11:24:06,141 INFO    : get id and name
2018-04-10 11:24:06,141 WARNING : failed
2018-04-10 11:24:06,142 INFO    : 211.103.220.74 - - [10/Apr/2018 11:24:06] "POST /ctl/new_project HTTP/1.1" 200 -
2018-04-10 11:24:06,142 INFO    : new_project request
2018-04-10 11:24:06,142 INFO    : get id and name
2018-04-10 11:24:06,142 WARNING : failed
2018-04-10 11:24:06,143 INFO    : 211.103.220.74 - - [10/Apr/2018 11:24:06] "POST /ctl/new_project HTTP/1.1" 200 -
2018-04-10 11:24:06,143 INFO    : new_project request
2018-04-10 11:24:06,143 INFO    : get id and name
2018-04-10 11:24:06,143 WARNING : failed
2018-04-10 11:24:06,143 INFO    : 211.103.220.74 - - [10/Apr/2018 11:24:06] "POST /ctl/new_project HTTP/1.1" 200 -
2018-04-10 11:24:06,144 INFO    : new_project request
2018-04-10 11:24:06,144 INFO    : get id and name
2018-04-10 11:24:06,144 WARNING : failed
2018-04-10 11:24:06,144 INFO    : 211.103.220.74 - - [10/Apr/2018 11:24:06] "POST /ctl/new_project HTTP/1.1" 200 -
2018-04-10 11:24:06,145 INFO    : new_project request
2018-04-10 11:24:06,145 INFO    : get id and name
2018-04-10 11:24:06,145 WARNING : failed
2018-04-10 11:24:06,145 INFO    : 211.103.220.74 - - [10/Apr/2018 11:24:06] "POST /ctl/new_project HTTP/1.1" 200 -
2018-04-10 11:24:06,146 INFO    : new_project request
2018-04-10 11:24:06,146 INFO    : get id and name
2018-04-10 11:24:06,146 WARNING : failed
2018-04-10 11:24:06,146 INFO    : 211.103.220.74 - - [10/Apr/2018 11:24:06] "POST /ctl/new_project HTTP/1.1" 200 -
2018-04-10 11:24:06,146 INFO    : new_project request
2018-04-10 11:24:06,147 INFO    : get id and name
2018-04-10 11:24:06,147 WARNING : failed
2018-04-10 11:24:06,147 INFO    : 211.103.220.74 - - [10/Apr/2018 11:24:06] "POST /ctl/new_project HTTP/1.1" 200 -
2018-04-10 11:24:06,147 INFO    : new_project request
2018-04-10 11:24:06,148 INFO    : get id and name
2018-04-10 11:24:06,148 WARNING : failed
2018-04-10 11:24:06,148 INFO    : 211.103.220.74 - - [10/Apr/2018 11:24:06] "POST /ctl/new_project HTTP/1.1" 200 -
2018-04-10 11:24:06,148 INFO    : new_project request
2018-04-10 11:24:06,148 INFO    : get id and name
2018-04-10 11:24:06,149 WARNING : failed
2018-04-10 11:24:06,149 INFO    : 211.103.220.74 - - [10/Apr/2018 11:24:06] "POST /ctl/new_project HTTP/1.1" 200 -
2018-04-10 11:24:06,149 INFO    : new_project request
2018-04-10 11:24:06,149 INFO    : get id and name
2018-04-10 11:24:06,149 WARNING : failed
2018-04-10 11:24:06,150 INFO    : 211.103.220.74 - - [10/Apr/2018 11:24:06] "POST /ctl/new_project HTTP/1.1" 200 -
2018-04-10 11:24:06,150 INFO    : new_project request
2018-04-10 11:24:06,150 INFO    : get id and name
2018-04-10 11:24:06,150 WARNING : failed
2018-04-10 11:24:06,151 INFO    : 211.103.220.74 - - [10/Apr/2018 11:24:06] "POST /ctl/new_project HTTP/1.1" 200 -
2018-04-10 11:24:06,151 INFO    : new_project request
2018-04-10 11:24:06,151 INFO    : get id and name
2018-04-10 11:24:06,151 WARNING : failed
2018-04-10 11:24:06,152 INFO    : 211.103.220.74 - - [10/Apr/2018 11:24:06] "POST /ctl/new_project HTTP/1.1" 200 -
2018-04-10 11:24:06,152 INFO    : new_project request
2018-04-10 11:24:06,152 INFO    : get id and name
2018-04-10 11:24:06,152 WARNING : failed
2018-04-10 11:24:06,152 INFO    : 211.103.220.74 - - [10/Apr/2018 11:24:06] "POST /ctl/new_project HTTP/1.1" 200 -
2018-04-10 11:24:06,153 INFO    : new_project request
2018-04-10 11:24:06,153 INFO    : get id and name
2018-04-10 11:24:06,153 WARNING : failed
2018-04-10 11:24:06,153 INFO    : 211.103.220.74 - - [10/Apr/2018 11:24:06] "POST /ctl/new_project HTTP/1.1" 200 -
2018-04-10 11:24:06,154 INFO    : new_project request
2018-04-10 11:24:06,154 INFO    : get id and name
2018-04-10 11:24:06,154 WARNING : failed
2018-04-10 11:24:06,154 INFO    : 211.103.220.74 - - [10/Apr/2018 11:24:06] "POST /ctl/new_project HTTP/1.1" 200 -
2018-04-10 11:24:06,155 INFO    : new_project request
2018-04-10 11:24:06,155 INFO    : get id and name
2018-04-10 11:24:06,155 WARNING : failed
2018-04-10 11:24:06,155 INFO    : 211.103.220.74 - - [10/Apr/2018 11:24:06] "POST /ctl/new_project HTTP/1.1" 200 -
2018-04-10 11:24:06,156 INFO    : new_project request
2018-04-10 11:24:06,156 INFO    : get id and name
2018-04-10 11:24:06,156 WARNING : failed
2018-04-10 11:24:06,156 INFO    : 211.103.220.74 - - [10/Apr/2018 11:24:06] "POST /ctl/new_project HTTP/1.1" 200 -
2018-04-10 11:24:06,156 INFO    : new_project request
2018-04-10 11:24:06,157 INFO    : get id and name
2018-04-10 11:24:06,157 WARNING : failed
2018-04-10 11:24:06,157 INFO    : 211.103.220.74 - - [10/Apr/2018 11:24:06] "POST /ctl/new_project HTTP/1.1" 200 -
2018-04-10 11:24:06,157 INFO    : new_project request
2018-04-10 11:24:06,157 INFO    : get id and name
2018-04-10 11:24:06,158 WARNING : failed
2018-04-10 11:24:06,158 INFO    : 211.103.220.74 - - [10/Apr/2018 11:24:06] "POST /ctl/new_project HTTP/1.1" 200 -
2018-04-10 11:24:06,158 INFO    : new_project request
2018-04-10 11:24:06,158 INFO    : get id and name
2018-04-10 11:24:06,158 WARNING : failed
2018-04-10 11:24:06,159 INFO    : 211.103.220.74 - - [10/Apr/2018 11:24:06] "POST /ctl/new_project HTTP/1.1" 200 -
2018-04-10 11:24:06,159 INFO    : new_project request
2018-04-10 11:24:06,159 INFO    : get id and name
2018-04-10 11:24:06,159 WARNING : failed
2018-04-10 11:24:06,159 INFO    : 211.103.220.74 - - [10/Apr/2018 11:24:06] "POST /ctl/new_project HTTP/1.1" 200 -
2018-04-10 11:24:06,160 INFO    : new_project request
2018-04-10 11:24:06,160 INFO    : get id and name
2018-04-10 11:24:06,160 WARNING : failed
2018-04-10 11:24:06,160 INFO    : 211.103.220.74 - - [10/Apr/2018 11:24:06] "POST /ctl/new_project HTTP/1.1" 200 -
2018-04-10 11:24:06,161 INFO    : new_project request
2018-04-10 11:24:06,161 INFO    : get id and name
2018-04-10 11:24:06,161 WARNING : failed
2018-04-10 11:24:06,161 INFO    : 211.103.220.74 - - [10/Apr/2018 11:24:06] "POST /ctl/new_project HTTP/1.1" 200 -
2018-04-10 11:24:06,162 INFO    : new_project request
2018-04-10 11:24:06,162 INFO    : get id and name
2018-04-10 11:24:06,162 WARNING : failed
2018-04-10 11:24:06,162 INFO    : 211.103.220.74 - - [10/Apr/2018 11:24:06] "POST /ctl/new_project HTTP/1.1" 200 -
2018-04-10 11:24:06,163 INFO    : new_project request
2018-04-10 11:24:06,163 INFO    : get id and name
2018-04-10 11:24:06,163 WARNING : failed
2018-04-10 11:24:06,163 INFO    : 211.103.220.74 - - [10/Apr/2018 11:24:06] "POST /ctl/new_project HTTP/1.1" 200 -
2018-04-10 11:24:06,164 INFO    : new_project request
2018-04-10 11:24:06,164 INFO    : get id and name
2018-04-10 11:24:06,164 WARNING : failed
2018-04-10 11:24:06,164 INFO    : 211.103.220.74 - - [10/Apr/2018 11:24:06] "POST /ctl/new_project HTTP/1.1" 200 -
2018-04-10 11:24:06,165 INFO    : new_project request
2018-04-10 11:24:06,165 INFO    : get id and name
2018-04-10 11:24:06,165 WARNING : failed
2018-04-10 11:24:06,165 INFO    : 211.103.220.74 - - [10/Apr/2018 11:24:06] "POST /ctl/new_project HTTP/1.1" 200 -
2018-04-10 11:24:06,166 INFO    : new_project request
2018-04-10 11:24:06,166 INFO    : get id and name
2018-04-10 11:24:06,166 WARNING : failed
2018-04-10 11:24:06,166 INFO    : 211.103.220.74 - - [10/Apr/2018 11:24:06] "POST /ctl/new_project HTTP/1.1" 200 -
2018-04-10 11:24:06,166 INFO    : new_project request
2018-04-10 11:24:06,167 INFO    : get id and name
2018-04-10 11:24:06,167 WARNING : failed
2018-04-10 11:24:06,167 INFO    : 211.103.220.74 - - [10/Apr/2018 11:24:06] "POST /ctl/new_project HTTP/1.1" 200 -
2018-04-10 11:24:06,167 INFO    : new_project request
2018-04-10 11:24:06,167 INFO    : get id and name
2018-04-10 11:24:06,168 WARNING : failed
2018-04-10 11:24:06,168 INFO    : 211.103.220.74 - - [10/Apr/2018 11:24:06] "POST /ctl/new_project HTTP/1.1" 200 -
2018-04-10 11:24:06,168 INFO    : new_project request
2018-04-10 11:24:06,168 INFO    : get id and name
2018-04-10 11:24:06,168 WARNING : failed
2018-04-10 11:24:06,169 INFO    : 211.103.220.74 - - [10/Apr/2018 11:24:06] "POST /ctl/new_project HTTP/1.1" 200 -
2018-04-10 11:24:06,169 INFO    : new_project request
2018-04-10 11:24:06,169 INFO    : get id and name
2018-04-10 11:24:06,169 WARNING : failed
2018-04-10 11:24:06,170 INFO    : 211.103.220.74 - - [10/Apr/2018 11:24:06] "POST /ctl/new_project HTTP/1.1" 200 -
2018-04-10 11:24:06,170 INFO    : new_project request
2018-04-10 11:24:06,170 INFO    : get id and name
2018-04-10 11:24:06,170 WARNING : failed
2018-04-10 11:24:06,171 INFO    : 211.103.220.74 - - [10/Apr/2018 11:24:06] "POST /ctl/new_project HTTP/1.1" 200 -
2018-04-10 11:24:06,171 INFO    : new_project request
2018-04-10 11:24:06,171 INFO    : get id and name
2018-04-10 11:24:06,171 WARNING : failed
2018-04-10 11:24:06,171 INFO    : 211.103.220.74 - - [10/Apr/2018 11:24:06] "POST /ctl/new_project HTTP/1.1" 200 -
2018-04-10 11:24:06,172 INFO    : new_project request
2018-04-10 11:24:06,172 INFO    : get id and name
2018-04-10 11:24:06,172 WARNING : failed
2018-04-10 11:24:06,172 INFO    : 211.103.220.74 - - [10/Apr/2018 11:24:06] "POST /ctl/new_project HTTP/1.1" 200 -
2018-04-10 11:24:06,173 INFO    : new_project request
2018-04-10 11:24:06,173 INFO    : get id and name
2018-04-10 11:24:06,173 WARNING : failed
2018-04-10 11:24:06,173 INFO    : 211.103.220.74 - - [10/Apr/2018 11:24:06] "POST /ctl/new_project HTTP/1.1" 200 -
2018-04-10 11:24:06,174 INFO    : new_project request
2018-04-10 11:24:06,174 INFO    : get id and name
2018-04-10 11:24:06,174 WARNING : failed
2018-04-10 11:24:06,174 INFO    : 211.103.220.74 - - [10/Apr/2018 11:24:06] "POST /ctl/new_project HTTP/1.1" 200 -
2018-04-10 11:24:06,176 INFO    : new_project request
2018-04-10 11:24:06,176 INFO    : get id and name
2018-04-10 11:24:06,176 WARNING : failed
2018-04-10 11:24:06,176 INFO    : 211.103.220.74 - - [10/Apr/2018 11:24:06] "POST /ctl/new_project HTTP/1.1" 200 -
2018-04-10 11:24:06,613 INFO    : new_project request
2018-04-10 11:24:06,614 INFO    : get id and name
2018-04-10 11:24:06,614 WARNING : failed
2018-04-10 11:24:06,614 INFO    : 211.103.220.74 - - [10/Apr/2018 11:24:06] "POST /ctl/new_project HTTP/1.1" 200 -
2018-04-10 11:24:06,626 INFO    : new_project request
2018-04-10 11:24:06,626 INFO    : get id and name
2018-04-10 11:24:06,626 WARNING : failed
2018-04-10 11:24:06,627 INFO    : 211.103.220.74 - - [10/Apr/2018 11:24:06] "POST /ctl/new_project HTTP/1.1" 200 -
2018-04-10 11:24:06,627 INFO    : new_project request
2018-04-10 11:24:06,627 INFO    : get id and name
2018-04-10 11:24:06,627 WARNING : failed
2018-04-10 11:24:06,627 INFO    : 211.103.220.74 - - [10/Apr/2018 11:24:06] "POST /ctl/new_project HTTP/1.1" 200 -
2018-04-10 11:24:06,634 INFO    : new_project request
2018-04-10 11:24:06,634 INFO    : get id and name
2018-04-10 11:24:06,634 WARNING : failed
2018-04-10 11:24:06,634 INFO    : 211.103.220.74 - - [10/Apr/2018 11:24:06] "POST /ctl/new_project HTTP/1.1" 200 -
2018-04-10 11:24:06,635 INFO    : new_project request
2018-04-10 11:24:06,635 INFO    : get id and name
2018-04-10 11:24:06,635 WARNING : failed
2018-04-10 11:24:06,635 INFO    : 211.103.220.74 - - [10/Apr/2018 11:24:06] "POST /ctl/new_project HTTP/1.1" 200 -
2018-04-10 11:24:06,636 INFO    : new_project request
2018-04-10 11:24:06,636 INFO    : get id and name
2018-04-10 11:24:06,636 WARNING : failed
2018-04-10 11:24:06,636 INFO    : 211.103.220.74 - - [10/Apr/2018 11:24:06] "POST /ctl/new_project HTTP/1.1" 200 -
2018-04-10 11:24:06,637 INFO    : new_project request
2018-04-10 11:24:06,637 INFO    : get id and name
2018-04-10 11:24:06,637 WARNING : failed
2018-04-10 11:24:06,638 INFO    : 211.103.220.74 - - [10/Apr/2018 11:24:06] "POST /ctl/new_project HTTP/1.1" 200 -
2018-04-10 11:24:06,642 INFO    : new_project request
2018-04-10 11:24:06,642 INFO    : get id and name
2018-04-10 11:24:06,643 WARNING : failed
2018-04-10 11:24:06,643 INFO    : 211.103.220.74 - - [10/Apr/2018 11:24:06] "POST /ctl/new_project HTTP/1.1" 200 -
2018-04-10 11:24:06,643 INFO    : new_project request
2018-04-10 11:24:06,643 INFO    : get id and name
2018-04-10 11:24:06,643 WARNING : failed
2018-04-10 11:24:06,644 INFO    : 211.103.220.74 - - [10/Apr/2018 11:24:06] "POST /ctl/new_project HTTP/1.1" 200 -
2018-04-10 11:24:06,653 INFO    : new_project request
2018-04-10 11:24:06,653 INFO    : get id and name
2018-04-10 11:24:06,654 WARNING : failed
2018-04-10 11:24:06,654 INFO    : 211.103.220.74 - - [10/Apr/2018 11:24:06] "POST /ctl/new_project HTTP/1.1" 200 -
2018-04-10 11:24:06,654 INFO    : new_project request
2018-04-10 11:24:06,654 INFO    : get id and name
2018-04-10 11:24:06,654 WARNING : failed
2018-04-10 11:24:06,655 INFO    : 211.103.220.74 - - [10/Apr/2018 11:24:06] "POST /ctl/new_project HTTP/1.1" 200 -
2018-04-10 11:24:06,655 INFO    : new_project request
2018-04-10 11:24:06,655 INFO    : get id and name
2018-04-10 11:24:06,655 WARNING : failed
2018-04-10 11:24:06,656 INFO    : 211.103.220.74 - - [10/Apr/2018 11:24:06] "POST /ctl/new_project HTTP/1.1" 200 -
2018-04-10 11:24:06,656 INFO    : new_project request
2018-04-10 11:24:06,656 INFO    : get id and name
2018-04-10 11:24:06,656 WARNING : failed
2018-04-10 11:24:06,656 INFO    : 211.103.220.74 - - [10/Apr/2018 11:24:06] "POST /ctl/new_project HTTP/1.1" 200 -
2018-04-10 11:24:06,657 INFO    : new_project request
2018-04-10 11:24:06,657 INFO    : get id and name
2018-04-10 11:24:06,657 WARNING : failed
2018-04-10 11:24:06,657 INFO    : 211.103.220.74 - - [10/Apr/2018 11:24:06] "POST /ctl/new_project HTTP/1.1" 200 -
2018-04-10 11:24:06,660 INFO    : new_project request
2018-04-10 11:24:06,660 INFO    : get id and name
2018-04-10 11:24:06,660 WARNING : failed
2018-04-10 11:24:06,660 INFO    : 211.103.220.74 - - [10/Apr/2018 11:24:06] "POST /ctl/new_project HTTP/1.1" 200 -
2018-04-10 11:24:06,667 INFO    : new_project request
2018-04-10 11:24:06,667 INFO    : get id and name
2018-04-10 11:24:06,667 WARNING : failed
2018-04-10 11:24:06,667 INFO    : 211.103.220.74 - - [10/Apr/2018 11:24:06] "POST /ctl/new_project HTTP/1.1" 200 -
2018-04-10 11:24:06,667 INFO    : new_project request
2018-04-10 11:24:06,668 INFO    : get id and name
2018-04-10 11:24:06,668 WARNING : failed
2018-04-10 11:24:06,668 INFO    : 211.103.220.74 - - [10/Apr/2018 11:24:06] "POST /ctl/new_project HTTP/1.1" 200 -
2018-04-10 11:24:06,669 INFO    : new_project request
2018-04-10 11:24:06,669 INFO    : get id and name
2018-04-10 11:24:06,669 WARNING : failed
2018-04-10 11:24:06,669 INFO    : 211.103.220.74 - - [10/Apr/2018 11:24:06] "POST /ctl/new_project HTTP/1.1" 200 -
2018-04-10 11:24:06,670 INFO    : new_project request
2018-04-10 11:24:06,670 INFO    : get id and name
2018-04-10 11:24:06,670 WARNING : failed
2018-04-10 11:24:06,670 INFO    : 211.103.220.74 - - [10/Apr/2018 11:24:06] "POST /ctl/new_project HTTP/1.1" 200 -
2018-04-10 11:24:06,671 INFO    : new_project request
2018-04-10 11:24:06,671 INFO    : get id and name
2018-04-10 11:24:06,671 WARNING : failed
2018-04-10 11:24:06,671 INFO    : 211.103.220.74 - - [10/Apr/2018 11:24:06] "POST /ctl/new_project HTTP/1.1" 200 -
2018-04-10 11:24:06,672 INFO    : new_project request
2018-04-10 11:24:06,672 INFO    : get id and name
2018-04-10 11:24:06,672 WARNING : failed
2018-04-10 11:24:06,672 INFO    : 211.103.220.74 - - [10/Apr/2018 11:24:06] "POST /ctl/new_project HTTP/1.1" 200 -
2018-04-10 11:24:06,673 INFO    : new_project request
2018-04-10 11:24:06,673 INFO    : get id and name
2018-04-10 11:24:06,673 WARNING : failed
2018-04-10 11:24:06,674 INFO    : 211.103.220.74 - - [10/Apr/2018 11:24:06] "POST /ctl/new_project HTTP/1.1" 200 -
2018-04-10 11:24:06,674 INFO    : new_project request
2018-04-10 11:24:06,674 INFO    : get id and name
2018-04-10 11:24:06,674 WARNING : failed
2018-04-10 11:24:06,674 INFO    : 211.103.220.74 - - [10/Apr/2018 11:24:06] "POST /ctl/new_project HTTP/1.1" 200 -
2018-04-10 11:24:06,675 INFO    : new_project request
2018-04-10 11:24:06,675 INFO    : get id and name
2018-04-10 11:24:06,675 WARNING : failed
2018-04-10 11:24:06,675 INFO    : 211.103.220.74 - - [10/Apr/2018 11:24:06] "POST /ctl/new_project HTTP/1.1" 200 -
2018-04-10 11:24:06,676 INFO    : new_project request
2018-04-10 11:24:06,676 INFO    : get id and name
2018-04-10 11:24:06,676 WARNING : failed
2018-04-10 11:24:06,676 INFO    : 211.103.220.74 - - [10/Apr/2018 11:24:06] "POST /ctl/new_project HTTP/1.1" 200 -
2018-04-10 11:24:06,681 INFO    : new_project request
2018-04-10 11:24:06,681 INFO    : get id and name
2018-04-10 11:24:06,681 WARNING : failed
2018-04-10 11:24:06,682 INFO    : 211.103.220.74 - - [10/Apr/2018 11:24:06] "POST /ctl/new_project HTTP/1.1" 200 -
2018-04-10 11:24:06,688 INFO    : new_project request
2018-04-10 11:24:06,688 INFO    : get id and name
2018-04-10 11:24:06,688 WARNING : failed
2018-04-10 11:24:06,689 INFO    : 211.103.220.74 - - [10/Apr/2018 11:24:06] "POST /ctl/new_project HTTP/1.1" 200 -
2018-04-10 11:24:06,689 INFO    : new_project request
2018-04-10 11:24:06,689 INFO    : get id and name
2018-04-10 11:24:06,689 WARNING : failed
2018-04-10 11:24:06,689 INFO    : 211.103.220.74 - - [10/Apr/2018 11:24:06] "POST /ctl/new_project HTTP/1.1" 200 -
2018-04-10 11:24:06,690 INFO    : new_project request
2018-04-10 11:24:06,690 INFO    : get id and name
2018-04-10 11:24:06,690 WARNING : failed
2018-04-10 11:24:06,690 INFO    : 211.103.220.74 - - [10/Apr/2018 11:24:06] "POST /ctl/new_project HTTP/1.1" 200 -
2018-04-10 11:24:06,691 INFO    : new_project request
2018-04-10 11:24:06,692 INFO    : get id and name
2018-04-10 11:24:06,692 WARNING : failed
2018-04-10 11:24:06,692 INFO    : 211.103.220.74 - - [10/Apr/2018 11:24:06] "POST /ctl/new_project HTTP/1.1" 200 -
2018-04-10 11:24:06,692 INFO    : new_project request
2018-04-10 11:24:06,692 INFO    : get id and name
2018-04-10 11:24:06,692 WARNING : failed
2018-04-10 11:24:06,693 INFO    : 211.103.220.74 - - [10/Apr/2018 11:24:06] "POST /ctl/new_project HTTP/1.1" 200 -
2018-04-10 11:24:06,694 INFO    : new_project request
2018-04-10 11:24:06,695 INFO    : get id and name
2018-04-10 11:24:06,695 WARNING : failed
2018-04-10 11:24:06,695 INFO    : 211.103.220.74 - - [10/Apr/2018 11:24:06] "POST /ctl/new_project HTTP/1.1" 200 -
2018-04-10 11:24:06,695 INFO    : new_project request
2018-04-10 11:24:06,695 INFO    : get id and name
2018-04-10 11:24:06,696 WARNING : failed
2018-04-10 11:24:06,696 INFO    : 211.103.220.74 - - [10/Apr/2018 11:24:06] "POST /ctl/new_project HTTP/1.1" 200 -
2018-04-10 11:24:06,702 INFO    : new_project request
2018-04-10 11:24:06,702 INFO    : get id and name
2018-04-10 11:24:06,702 WARNING : failed
2018-04-10 11:24:06,702 INFO    : 211.103.220.74 - - [10/Apr/2018 11:24:06] "POST /ctl/new_project HTTP/1.1" 200 -
2018-04-10 11:24:06,703 INFO    : new_project request
2018-04-10 11:24:06,703 INFO    : get id and name
2018-04-10 11:24:06,703 WARNING : failed
2018-04-10 11:24:06,703 INFO    : 211.103.220.74 - - [10/Apr/2018 11:24:06] "POST /ctl/new_project HTTP/1.1" 200 -
2018-04-10 11:24:06,704 INFO    : new_project request
2018-04-10 11:24:06,705 INFO    : get id and name
2018-04-10 11:24:06,705 WARNING : failed
2018-04-10 11:24:06,705 INFO    : 211.103.220.74 - - [10/Apr/2018 11:24:06] "POST /ctl/new_project HTTP/1.1" 200 -
2018-04-10 11:24:06,706 INFO    : new_project request
2018-04-10 11:24:06,706 INFO    : get id and name
2018-04-10 11:24:06,706 WARNING : failed
2018-04-10 11:24:06,706 INFO    : 211.103.220.74 - - [10/Apr/2018 11:24:06] "POST /ctl/new_project HTTP/1.1" 200 -
2018-04-10 11:24:06,706 INFO    : new_project request
2018-04-10 11:24:06,707 INFO    : get id and name
2018-04-10 11:24:06,707 WARNING : failed
2018-04-10 11:24:06,707 INFO    : 211.103.220.74 - - [10/Apr/2018 11:24:06] "POST /ctl/new_project HTTP/1.1" 200 -
2018-04-10 11:24:06,713 INFO    : new_project request
2018-04-10 11:24:06,714 INFO    : get id and name
2018-04-10 11:24:06,714 WARNING : failed
2018-04-10 11:24:06,714 INFO    : 211.103.220.74 - - [10/Apr/2018 11:24:06] "POST /ctl/new_project HTTP/1.1" 200 -
2018-04-10 11:24:06,716 INFO    : new_project request
2018-04-10 11:24:06,716 INFO    : get id and name
2018-04-10 11:24:06,716 WARNING : failed
2018-04-10 11:24:06,717 INFO    : 211.103.220.74 - - [10/Apr/2018 11:24:06] "POST /ctl/new_project HTTP/1.1" 200 -
2018-04-10 11:24:06,720 INFO    : new_project request
2018-04-10 11:24:06,720 INFO    : get id and name
2018-04-10 11:24:06,720 WARNING : failed
2018-04-10 11:24:06,721 INFO    : 211.103.220.74 - - [10/Apr/2018 11:24:06] "POST /ctl/new_project HTTP/1.1" 200 -
2018-04-10 11:24:06,725 INFO    : new_project request
2018-04-10 11:24:06,725 INFO    : get id and name
2018-04-10 11:24:06,725 WARNING : failed
2018-04-10 11:24:06,725 INFO    : 211.103.220.74 - - [10/Apr/2018 11:24:06] "POST /ctl/new_project HTTP/1.1" 200 -
2018-04-10 11:24:06,728 INFO    : new_project request
2018-04-10 11:24:06,728 INFO    : get id and name
2018-04-10 11:24:06,728 WARNING : failed
2018-04-10 11:24:06,728 INFO    : 211.103.220.74 - - [10/Apr/2018 11:24:06] "POST /ctl/new_project HTTP/1.1" 200 -
2018-04-10 11:24:06,729 INFO    : new_project request
2018-04-10 11:24:06,729 INFO    : get id and name
2018-04-10 11:24:06,729 WARNING : failed
2018-04-10 11:24:06,729 INFO    : 211.103.220.74 - - [10/Apr/2018 11:24:06] "POST /ctl/new_project HTTP/1.1" 200 -
2018-04-10 11:24:06,733 INFO    : new_project request
2018-04-10 11:24:06,733 INFO    : get id and name
2018-04-10 11:24:06,733 WARNING : failed
2018-04-10 11:24:06,733 INFO    : 211.103.220.74 - - [10/Apr/2018 11:24:06] "POST /ctl/new_project HTTP/1.1" 200 -
2018-04-10 11:24:06,734 INFO    : new_project request
2018-04-10 11:24:06,734 INFO    : get id and name
2018-04-10 11:24:06,734 WARNING : failed
2018-04-10 11:24:06,734 INFO    : 211.103.220.74 - - [10/Apr/2018 11:24:06] "POST /ctl/new_project HTTP/1.1" 200 -
2018-04-10 11:24:06,735 INFO    : new_project request
2018-04-10 11:24:06,735 INFO    : get id and name
2018-04-10 11:24:06,735 WARNING : failed
2018-04-10 11:24:06,735 INFO    : 211.103.220.74 - - [10/Apr/2018 11:24:06] "POST /ctl/new_project HTTP/1.1" 200 -
2018-04-10 11:24:06,740 INFO    : new_project request
2018-04-10 11:24:06,741 INFO    : get id and name
2018-04-10 11:24:06,741 WARNING : failed
2018-04-10 11:24:06,741 INFO    : 211.103.220.74 - - [10/Apr/2018 11:24:06] "POST /ctl/new_project HTTP/1.1" 200 -
2018-04-10 11:24:06,741 INFO    : new_project request
2018-04-10 11:24:06,742 INFO    : get id and name
2018-04-10 11:24:06,742 WARNING : failed
2018-04-10 11:24:06,742 INFO    : 211.103.220.74 - - [10/Apr/2018 11:24:06] "POST /ctl/new_project HTTP/1.1" 200 -
2018-04-10 11:24:06,742 INFO    : new_project request
2018-04-10 11:24:06,743 INFO    : get id and name
2018-04-10 11:24:06,743 WARNING : failed
2018-04-10 11:24:06,743 INFO    : 211.103.220.74 - - [10/Apr/2018 11:24:06] "POST /ctl/new_project HTTP/1.1" 200 -
2018-04-10 11:24:06,743 INFO    : new_project request
2018-04-10 11:24:06,743 INFO    : get id and name
2018-04-10 11:24:06,743 WARNING : failed
2018-04-10 11:24:06,744 INFO    : 211.103.220.74 - - [10/Apr/2018 11:24:06] "POST /ctl/new_project HTTP/1.1" 200 -
2018-04-10 11:24:06,744 INFO    : new_project request
2018-04-10 11:24:06,744 INFO    : get id and name
2018-04-10 11:24:06,745 WARNING : failed
2018-04-10 11:24:06,745 INFO    : 211.103.220.74 - - [10/Apr/2018 11:24:06] "POST /ctl/new_project HTTP/1.1" 200 -
2018-04-10 11:24:06,745 INFO    : new_project request
2018-04-10 11:24:06,745 INFO    : get id and name
2018-04-10 11:24:06,745 WARNING : failed
2018-04-10 11:24:06,746 INFO    : 211.103.220.74 - - [10/Apr/2018 11:24:06] "POST /ctl/new_project HTTP/1.1" 200 -
2018-04-10 11:24:52,874 INFO    : new_project request
2018-04-10 11:24:52,874 INFO    : get id and name
2018-04-10 11:24:52,874 WARNING : failed
2018-04-10 11:24:52,875 INFO    : 211.103.220.74 - - [10/Apr/2018 11:24:52] "POST /ctl/new_project HTTP/1.1" 200 -
2018-04-10 11:25:45,245 INFO    : new_project request
2018-04-10 11:25:45,245 INFO    : get id and name
2018-04-10 11:25:45,245 INFO    : success
2018-04-10 11:25:45,245 INFO    : check id
2018-04-10 11:25:45,261 INFO    : check_id.sh done
2018-04-10 11:25:45,261 INFO    : id not exsit
2018-04-10 11:25:45,262 WARNING : new_project ok
2018-04-10 11:25:45,262 INFO    : 211.103.220.74 - - [10/Apr/2018 11:25:45] "POST /ctl/new_project HTTP/1.1" 200 -
2018-04-10 11:25:51,278 INFO    : new_project request
2018-04-10 11:25:51,278 INFO    : get id and name
2018-04-10 11:25:51,278 WARNING : failed
2018-04-10 11:25:51,279 INFO    : 211.103.220.74 - - [10/Apr/2018 11:25:51] "POST /ctl/new_project HTTP/1.1" 200 -
2018-04-10 11:25:53,008 INFO    : new_project request
2018-04-10 11:25:53,009 INFO    : get id and name
2018-04-10 11:25:53,009 WARNING : failed
2018-04-10 11:25:53,009 INFO    : 211.103.220.74 - - [10/Apr/2018 11:25:53] "POST /ctl/new_project HTTP/1.1" 200 -
2018-04-10 11:25:54,066 INFO    : new_project request
2018-04-10 11:25:54,066 INFO    : get id and name
2018-04-10 11:25:54,066 WARNING : failed
2018-04-10 11:25:54,066 INFO    : 211.103.220.74 - - [10/Apr/2018 11:25:54] "POST /ctl/new_project HTTP/1.1" 200 -
2018-04-10 11:25:54,604 INFO    : new_project request
2018-04-10 11:25:54,604 INFO    : get id and name
2018-04-10 11:25:54,604 WARNING : failed
2018-04-10 11:25:54,605 INFO    : 211.103.220.74 - - [10/Apr/2018 11:25:54] "POST /ctl/new_project HTTP/1.1" 200 -
2018-04-10 11:25:55,323 INFO    : new_project request
2018-04-10 11:25:55,323 INFO    : get id and name
2018-04-10 11:25:55,323 WARNING : failed
2018-04-10 11:25:55,324 INFO    : 211.103.220.74 - - [10/Apr/2018 11:25:55] "POST /ctl/new_project HTTP/1.1" 200 -
2018-04-10 11:25:56,049 INFO    : new_project request
2018-04-10 11:25:56,049 INFO    : get id and name
2018-04-10 11:25:56,049 WARNING : failed
2018-04-10 11:25:56,049 INFO    : 211.103.220.74 - - [10/Apr/2018 11:25:56] "POST /ctl/new_project HTTP/1.1" 200 -
2018-04-10 11:26:26,493 INFO    : new_project request
2018-04-10 11:26:26,493 INFO    : get id and name
2018-04-10 11:26:26,493 WARNING : failed
2018-04-10 11:26:26,493 INFO    : 211.103.220.74 - - [10/Apr/2018 11:26:26] "POST /ctl/new_project HTTP/1.1" 200 -
2018-04-10 11:26:26,911 INFO    : new_project request
2018-04-10 11:26:26,912 INFO    : get id and name
2018-04-10 11:26:26,912 WARNING : failed
2018-04-10 11:26:26,912 INFO    : 211.103.220.74 - - [10/Apr/2018 11:26:26] "POST /ctl/new_project HTTP/1.1" 200 -
2018-04-10 11:26:27,511 INFO    : new_project request
2018-04-10 11:26:27,511 INFO    : get id and name
2018-04-10 11:26:27,511 WARNING : failed
2018-04-10 11:26:27,511 INFO    : 211.103.220.74 - - [10/Apr/2018 11:26:27] "POST /ctl/new_project HTTP/1.1" 200 -
2018-04-10 11:29:59,770 INFO    :  * Running on http://0.0.0.0:6000/ (Press CTRL+C to quit)
2018-04-10 11:30:06,448 INFO    : 211.103.220.74 - - [10/Apr/2018 11:30:06] "GET /function/view_project HTTP/1.1" 200 -
2018-04-10 11:30:35,593 INFO    : 211.103.220.74 - - [10/Apr/2018 11:30:35] "GET /function/view_project HTTP/1.1" 200 -
2018-04-10 11:30:47,454 INFO    : 211.103.220.74 - - [10/Apr/2018 11:30:47] "GET /function/view_project HTTP/1.1" 200 -
2018-04-10 11:30:47,482 INFO    : 211.103.220.74 - - [10/Apr/2018 11:30:47] "GET /function/view_project HTTP/1.1" 200 -
2018-04-10 11:30:47,509 INFO    : 211.103.220.74 - - [10/Apr/2018 11:30:47] "GET /function/view_project HTTP/1.1" 200 -
2018-04-10 11:30:47,536 INFO    : 211.103.220.74 - - [10/Apr/2018 11:30:47] "GET /function/view_project HTTP/1.1" 200 -
2018-04-10 11:30:47,565 INFO    : 211.103.220.74 - - [10/Apr/2018 11:30:47] "GET /function/view_project HTTP/1.1" 200 -
2018-04-10 11:30:47,591 INFO    : 211.103.220.74 - - [10/Apr/2018 11:30:47] "GET /function/view_project HTTP/1.1" 200 -
2018-04-10 11:30:47,621 INFO    : 211.103.220.74 - - [10/Apr/2018 11:30:47] "GET /function/view_project HTTP/1.1" 200 -
2018-04-10 11:30:47,649 INFO    : 211.103.220.74 - - [10/Apr/2018 11:30:47] "GET /function/view_project HTTP/1.1" 200 -
2018-04-10 11:30:47,680 INFO    : 211.103.220.74 - - [10/Apr/2018 11:30:47] "GET /function/view_project HTTP/1.1" 200 -
2018-04-10 11:30:47,711 INFO    : 211.103.220.74 - - [10/Apr/2018 11:30:47] "GET /function/view_project HTTP/1.1" 200 -
2018-04-10 11:30:47,741 INFO    : 211.103.220.74 - - [10/Apr/2018 11:30:47] "GET /function/view_project HTTP/1.1" 200 -
2018-04-10 11:30:47,769 INFO    : 211.103.220.74 - - [10/Apr/2018 11:30:47] "GET /function/view_project HTTP/1.1" 200 -
2018-04-10 11:30:47,796 INFO    : 211.103.220.74 - - [10/Apr/2018 11:30:47] "GET /function/view_project HTTP/1.1" 200 -
2018-04-10 11:30:47,823 INFO    : 211.103.220.74 - - [10/Apr/2018 11:30:47] "GET /function/view_project HTTP/1.1" 200 -
2018-04-10 11:30:47,851 INFO    : 211.103.220.74 - - [10/Apr/2018 11:30:47] "GET /function/view_project HTTP/1.1" 200 -
2018-04-10 11:30:47,879 INFO    : 211.103.220.74 - - [10/Apr/2018 11:30:47] "GET /function/view_project HTTP/1.1" 200 -
2018-04-10 11:30:47,906 INFO    : 211.103.220.74 - - [10/Apr/2018 11:30:47] "GET /function/view_project HTTP/1.1" 200 -
2018-04-10 11:30:47,933 INFO    : 211.103.220.74 - - [10/Apr/2018 11:30:47] "GET /function/view_project HTTP/1.1" 200 -
2018-04-10 11:30:47,960 INFO    : 211.103.220.74 - - [10/Apr/2018 11:30:47] "GET /function/view_project HTTP/1.1" 200 -
2018-04-10 11:30:47,987 INFO    : 211.103.220.74 - - [10/Apr/2018 11:30:47] "GET /function/view_project HTTP/1.1" 200 -
2018-04-10 11:30:48,015 INFO    : 211.103.220.74 - - [10/Apr/2018 11:30:48] "GET /function/view_project HTTP/1.1" 200 -
2018-04-10 11:30:48,042 INFO    : 211.103.220.74 - - [10/Apr/2018 11:30:48] "GET /function/view_project HTTP/1.1" 200 -
2018-04-10 11:30:48,069 INFO    : 211.103.220.74 - - [10/Apr/2018 11:30:48] "GET /function/view_project HTTP/1.1" 200 -
2018-04-10 11:30:48,097 INFO    : 211.103.220.74 - - [10/Apr/2018 11:30:48] "GET /function/view_project HTTP/1.1" 200 -
2018-04-10 11:30:48,124 INFO    : 211.103.220.74 - - [10/Apr/2018 11:30:48] "GET /function/view_project HTTP/1.1" 200 -
2018-04-10 11:30:48,152 INFO    : 211.103.220.74 - - [10/Apr/2018 11:30:48] "GET /function/view_project HTTP/1.1" 200 -
2018-04-10 11:30:48,179 INFO    : 211.103.220.74 - - [10/Apr/2018 11:30:48] "GET /function/view_project HTTP/1.1" 200 -
2018-04-10 11:30:48,207 INFO    : 211.103.220.74 - - [10/Apr/2018 11:30:48] "GET /function/view_project HTTP/1.1" 200 -
2018-04-10 11:30:48,235 INFO    : 211.103.220.74 - - [10/Apr/2018 11:30:48] "GET /function/view_project HTTP/1.1" 200 -
2018-04-10 11:30:48,263 INFO    : 211.103.220.74 - - [10/Apr/2018 11:30:48] "GET /function/view_project HTTP/1.1" 200 -
2018-04-10 11:30:48,290 INFO    : 211.103.220.74 - - [10/Apr/2018 11:30:48] "GET /function/view_project HTTP/1.1" 200 -
2018-04-10 11:30:48,317 INFO    : 211.103.220.74 - - [10/Apr/2018 11:30:48] "GET /function/view_project HTTP/1.1" 200 -
2018-04-10 11:30:48,345 INFO    : 211.103.220.74 - - [10/Apr/2018 11:30:48] "GET /function/view_project HTTP/1.1" 200 -
2018-04-10 11:30:48,373 INFO    : 211.103.220.74 - - [10/Apr/2018 11:30:48] "GET /function/view_project HTTP/1.1" 200 -
2018-04-10 11:30:48,402 INFO    : 211.103.220.74 - - [10/Apr/2018 11:30:48] "GET /function/view_project HTTP/1.1" 200 -
2018-04-10 11:30:48,431 INFO    : 211.103.220.74 - - [10/Apr/2018 11:30:48] "GET /function/view_project HTTP/1.1" 200 -
2018-04-10 11:30:48,459 INFO    : 211.103.220.74 - - [10/Apr/2018 11:30:48] "GET /function/view_project HTTP/1.1" 200 -
2018-04-10 11:30:48,487 INFO    : 211.103.220.74 - - [10/Apr/2018 11:30:48] "GET /function/view_project HTTP/1.1" 200 -
2018-04-10 11:30:48,515 INFO    : 211.103.220.74 - - [10/Apr/2018 11:30:48] "GET /function/view_project HTTP/1.1" 200 -
2018-04-10 11:30:48,543 INFO    : 211.103.220.74 - - [10/Apr/2018 11:30:48] "GET /function/view_project HTTP/1.1" 200 -
2018-04-10 11:30:48,571 INFO    : 211.103.220.74 - - [10/Apr/2018 11:30:48] "GET /function/view_project HTTP/1.1" 200 -
2018-04-10 11:30:48,598 INFO    : 211.103.220.74 - - [10/Apr/2018 11:30:48] "GET /function/view_project HTTP/1.1" 200 -
2018-04-10 11:30:48,626 INFO    : 211.103.220.74 - - [10/Apr/2018 11:30:48] "GET /function/view_project HTTP/1.1" 200 -
2018-04-10 11:30:48,653 INFO    : 211.103.220.74 - - [10/Apr/2018 11:30:48] "GET /function/view_project HTTP/1.1" 200 -
2018-04-10 11:30:48,683 INFO    : 211.103.220.74 - - [10/Apr/2018 11:30:48] "GET /function/view_project HTTP/1.1" 200 -
2018-04-10 11:30:48,712 INFO    : 211.103.220.74 - - [10/Apr/2018 11:30:48] "GET /function/view_project HTTP/1.1" 200 -
2018-04-10 11:30:48,741 INFO    : 211.103.220.74 - - [10/Apr/2018 11:30:48] "GET /function/view_project HTTP/1.1" 200 -
2018-04-10 11:30:48,771 INFO    : 211.103.220.74 - - [10/Apr/2018 11:30:48] "GET /function/view_project HTTP/1.1" 200 -
2018-04-10 11:30:48,799 INFO    : 211.103.220.74 - - [10/Apr/2018 11:30:48] "GET /function/view_project HTTP/1.1" 200 -
2018-04-10 11:30:48,827 INFO    : 211.103.220.74 - - [10/Apr/2018 11:30:48] "GET /function/view_project HTTP/1.1" 200 -
2018-04-10 11:30:48,855 INFO    : 211.103.220.74 - - [10/Apr/2018 11:30:48] "GET /function/view_project HTTP/1.1" 200 -
2018-04-10 11:30:48,882 INFO    : 211.103.220.74 - - [10/Apr/2018 11:30:48] "GET /function/view_project HTTP/1.1" 200 -
2018-04-10 11:30:48,909 INFO    : 211.103.220.74 - - [10/Apr/2018 11:30:48] "GET /function/view_project HTTP/1.1" 200 -
2018-04-10 11:30:48,937 INFO    : 211.103.220.74 - - [10/Apr/2018 11:30:48] "GET /function/view_project HTTP/1.1" 200 -
2018-04-10 11:30:48,964 INFO    : 211.103.220.74 - - [10/Apr/2018 11:30:48] "GET /function/view_project HTTP/1.1" 200 -
2018-04-10 11:30:48,991 INFO    : 211.103.220.74 - - [10/Apr/2018 11:30:48] "GET /function/view_project HTTP/1.1" 200 -
2018-04-10 11:30:49,019 INFO    : 211.103.220.74 - - [10/Apr/2018 11:30:49] "GET /function/view_project HTTP/1.1" 200 -
2018-04-10 11:30:49,046 INFO    : 211.103.220.74 - - [10/Apr/2018 11:30:49] "GET /function/view_project HTTP/1.1" 200 -
2018-04-10 11:30:49,075 INFO    : 211.103.220.74 - - [10/Apr/2018 11:30:49] "GET /function/view_project HTTP/1.1" 200 -
2018-04-10 11:30:49,102 INFO    : 211.103.220.74 - - [10/Apr/2018 11:30:49] "GET /function/view_project HTTP/1.1" 200 -
2018-04-10 11:30:49,131 INFO    : 211.103.220.74 - - [10/Apr/2018 11:30:49] "GET /function/view_project HTTP/1.1" 200 -
2018-04-10 11:30:49,158 INFO    : 211.103.220.74 - - [10/Apr/2018 11:30:49] "GET /function/view_project HTTP/1.1" 200 -
2018-04-10 11:30:49,185 INFO    : 211.103.220.74 - - [10/Apr/2018 11:30:49] "GET /function/view_project HTTP/1.1" 200 -
2018-04-10 11:30:49,213 INFO    : 211.103.220.74 - - [10/Apr/2018 11:30:49] "GET /function/view_project HTTP/1.1" 200 -
2018-04-10 11:30:49,240 INFO    : 211.103.220.74 - - [10/Apr/2018 11:30:49] "GET /function/view_project HTTP/1.1" 200 -
2018-04-10 11:30:49,269 INFO    : 211.103.220.74 - - [10/Apr/2018 11:30:49] "GET /function/view_project HTTP/1.1" 200 -
2018-04-10 11:30:49,296 INFO    : 211.103.220.74 - - [10/Apr/2018 11:30:49] "GET /function/view_project HTTP/1.1" 200 -
2018-04-10 11:30:49,324 INFO    : 211.103.220.74 - - [10/Apr/2018 11:30:49] "GET /function/view_project HTTP/1.1" 200 -
2018-04-10 11:30:49,354 INFO    : 211.103.220.74 - - [10/Apr/2018 11:30:49] "GET /function/view_project HTTP/1.1" 200 -
2018-04-10 11:30:49,381 INFO    : 211.103.220.74 - - [10/Apr/2018 11:30:49] "GET /function/view_project HTTP/1.1" 200 -
2018-04-10 11:30:49,409 INFO    : 211.103.220.74 - - [10/Apr/2018 11:30:49] "GET /function/view_project HTTP/1.1" 200 -
2018-04-10 11:30:49,436 INFO    : 211.103.220.74 - - [10/Apr/2018 11:30:49] "GET /function/view_project HTTP/1.1" 200 -
2018-04-10 11:30:49,465 INFO    : 211.103.220.74 - - [10/Apr/2018 11:30:49] "GET /function/view_project HTTP/1.1" 200 -
2018-04-10 11:30:49,492 INFO    : 211.103.220.74 - - [10/Apr/2018 11:30:49] "GET /function/view_project HTTP/1.1" 200 -
2018-04-10 11:30:49,520 INFO    : 211.103.220.74 - - [10/Apr/2018 11:30:49] "GET /function/view_project HTTP/1.1" 200 -
2018-04-10 11:30:49,547 INFO    : 211.103.220.74 - - [10/Apr/2018 11:30:49] "GET /function/view_project HTTP/1.1" 200 -
2018-04-10 11:30:49,575 INFO    : 211.103.220.74 - - [10/Apr/2018 11:30:49] "GET /function/view_project HTTP/1.1" 200 -
2018-04-10 11:30:49,602 INFO    : 211.103.220.74 - - [10/Apr/2018 11:30:49] "GET /function/view_project HTTP/1.1" 200 -
2018-04-10 11:30:49,630 INFO    : 211.103.220.74 - - [10/Apr/2018 11:30:49] "GET /function/view_project HTTP/1.1" 200 -
2018-04-10 11:30:49,657 INFO    : 211.103.220.74 - - [10/Apr/2018 11:30:49] "GET /function/view_project HTTP/1.1" 200 -
2018-04-10 11:30:49,686 INFO    : 211.103.220.74 - - [10/Apr/2018 11:30:49] "GET /function/view_project HTTP/1.1" 200 -
2018-04-10 11:30:49,714 INFO    : 211.103.220.74 - - [10/Apr/2018 11:30:49] "GET /function/view_project HTTP/1.1" 200 -
2018-04-10 11:30:49,744 INFO    : 211.103.220.74 - - [10/Apr/2018 11:30:49] "GET /function/view_project HTTP/1.1" 200 -
2018-04-10 11:30:49,772 INFO    : 211.103.220.74 - - [10/Apr/2018 11:30:49] "GET /function/view_project HTTP/1.1" 200 -
2018-04-10 11:30:49,800 INFO    : 211.103.220.74 - - [10/Apr/2018 11:30:49] "GET /function/view_project HTTP/1.1" 200 -
2018-04-10 11:30:49,830 INFO    : 211.103.220.74 - - [10/Apr/2018 11:30:49] "GET /function/view_project HTTP/1.1" 200 -
2018-04-10 11:30:49,859 INFO    : 211.103.220.74 - - [10/Apr/2018 11:30:49] "GET /function/view_project HTTP/1.1" 200 -
2018-04-10 11:30:49,888 INFO    : 211.103.220.74 - - [10/Apr/2018 11:30:49] "GET /function/view_project HTTP/1.1" 200 -
2018-04-10 11:30:49,916 INFO    : 211.103.220.74 - - [10/Apr/2018 11:30:49] "GET /function/view_project HTTP/1.1" 200 -
2018-04-10 11:30:49,944 INFO    : 211.103.220.74 - - [10/Apr/2018 11:30:49] "GET /function/view_project HTTP/1.1" 200 -
2018-04-10 11:30:49,971 INFO    : 211.103.220.74 - - [10/Apr/2018 11:30:49] "GET /function/view_project HTTP/1.1" 200 -
2018-04-10 11:30:49,998 INFO    : 211.103.220.74 - - [10/Apr/2018 11:30:49] "GET /function/view_project HTTP/1.1" 200 -
2018-04-10 11:30:50,025 INFO    : 211.103.220.74 - - [10/Apr/2018 11:30:50] "GET /function/view_project HTTP/1.1" 200 -
2018-04-10 11:30:50,052 INFO    : 211.103.220.74 - - [10/Apr/2018 11:30:50] "GET /function/view_project HTTP/1.1" 200 -
2018-04-10 11:30:50,079 INFO    : 211.103.220.74 - - [10/Apr/2018 11:30:50] "GET /function/view_project HTTP/1.1" 200 -
2018-04-10 11:30:50,106 INFO    : 211.103.220.74 - - [10/Apr/2018 11:30:50] "GET /function/view_project HTTP/1.1" 200 -
2018-04-10 11:30:50,134 INFO    : 211.103.220.74 - - [10/Apr/2018 11:30:50] "GET /function/view_project HTTP/1.1" 200 -
2018-04-10 11:30:50,161 INFO    : 211.103.220.74 - - [10/Apr/2018 11:30:50] "GET /function/view_project HTTP/1.1" 200 -
2018-04-10 11:30:50,188 INFO    : 211.103.220.74 - - [10/Apr/2018 11:30:50] "GET /function/view_project HTTP/1.1" 200 -
2018-04-10 11:30:50,215 INFO    : 211.103.220.74 - - [10/Apr/2018 11:30:50] "GET /function/view_project HTTP/1.1" 200 -
2018-04-10 11:30:50,243 INFO    : 211.103.220.74 - - [10/Apr/2018 11:30:50] "GET /function/view_project HTTP/1.1" 200 -
2018-04-10 11:30:50,271 INFO    : 211.103.220.74 - - [10/Apr/2018 11:30:50] "GET /function/view_project HTTP/1.1" 200 -
2018-04-10 11:30:50,300 INFO    : 211.103.220.74 - - [10/Apr/2018 11:30:50] "GET /function/view_project HTTP/1.1" 200 -
2018-04-10 11:30:50,331 INFO    : 211.103.220.74 - - [10/Apr/2018 11:30:50] "GET /function/view_project HTTP/1.1" 200 -
2018-04-10 11:30:50,361 INFO    : 211.103.220.74 - - [10/Apr/2018 11:30:50] "GET /function/view_project HTTP/1.1" 200 -
2018-04-10 11:30:50,394 INFO    : 211.103.220.74 - - [10/Apr/2018 11:30:50] "GET /function/view_project HTTP/1.1" 200 -
2018-04-10 11:30:50,426 INFO    : 211.103.220.74 - - [10/Apr/2018 11:30:50] "GET /function/view_project HTTP/1.1" 200 -
2018-04-10 11:30:50,461 INFO    : 211.103.220.74 - - [10/Apr/2018 11:30:50] "GET /function/view_project HTTP/1.1" 200 -
2018-04-10 11:30:50,495 INFO    : 211.103.220.74 - - [10/Apr/2018 11:30:50] "GET /function/view_project HTTP/1.1" 200 -
2018-04-10 11:30:50,527 INFO    : 211.103.220.74 - - [10/Apr/2018 11:30:50] "GET /function/view_project HTTP/1.1" 200 -
2018-04-10 11:30:50,556 INFO    : 211.103.220.74 - - [10/Apr/2018 11:30:50] "GET /function/view_project HTTP/1.1" 200 -
2018-04-10 11:30:50,585 INFO    : 211.103.220.74 - - [10/Apr/2018 11:30:50] "GET /function/view_project HTTP/1.1" 200 -
2018-04-10 11:30:50,614 INFO    : 211.103.220.74 - - [10/Apr/2018 11:30:50] "GET /function/view_project HTTP/1.1" 200 -
2018-04-10 11:30:50,642 INFO    : 211.103.220.74 - - [10/Apr/2018 11:30:50] "GET /function/view_project HTTP/1.1" 200 -
2018-04-10 11:30:50,671 INFO    : 211.103.220.74 - - [10/Apr/2018 11:30:50] "GET /function/view_project HTTP/1.1" 200 -
2018-04-10 11:30:50,700 INFO    : 211.103.220.74 - - [10/Apr/2018 11:30:50] "GET /function/view_project HTTP/1.1" 200 -
2018-04-10 11:30:50,729 INFO    : 211.103.220.74 - - [10/Apr/2018 11:30:50] "GET /function/view_project HTTP/1.1" 200 -
2018-04-10 11:30:50,756 INFO    : 211.103.220.74 - - [10/Apr/2018 11:30:50] "GET /function/view_project HTTP/1.1" 200 -
2018-04-10 11:30:50,783 INFO    : 211.103.220.74 - - [10/Apr/2018 11:30:50] "GET /function/view_project HTTP/1.1" 200 -
2018-04-10 11:30:50,811 INFO    : 211.103.220.74 - - [10/Apr/2018 11:30:50] "GET /function/view_project HTTP/1.1" 200 -
2018-04-10 11:30:50,838 INFO    : 211.103.220.74 - - [10/Apr/2018 11:30:50] "GET /function/view_project HTTP/1.1" 200 -
2018-04-10 11:30:50,866 INFO    : 211.103.220.74 - - [10/Apr/2018 11:30:50] "GET /function/view_project HTTP/1.1" 200 -
2018-04-10 11:30:50,896 INFO    : 211.103.220.74 - - [10/Apr/2018 11:30:50] "GET /function/view_project HTTP/1.1" 200 -
2018-04-10 11:30:50,926 INFO    : 211.103.220.74 - - [10/Apr/2018 11:30:50] "GET /function/view_project HTTP/1.1" 200 -
2018-04-10 11:30:50,954 INFO    : 211.103.220.74 - - [10/Apr/2018 11:30:50] "GET /function/view_project HTTP/1.1" 200 -
2018-04-10 11:30:50,981 INFO    : 211.103.220.74 - - [10/Apr/2018 11:30:50] "GET /function/view_project HTTP/1.1" 200 -
2018-04-10 11:30:51,009 INFO    : 211.103.220.74 - - [10/Apr/2018 11:30:51] "GET /function/view_project HTTP/1.1" 200 -
2018-04-10 11:30:51,036 INFO    : 211.103.220.74 - - [10/Apr/2018 11:30:51] "GET /function/view_project HTTP/1.1" 200 -
2018-04-10 11:30:51,064 INFO    : 211.103.220.74 - - [10/Apr/2018 11:30:51] "GET /function/view_project HTTP/1.1" 200 -
2018-04-10 11:30:51,091 INFO    : 211.103.220.74 - - [10/Apr/2018 11:30:51] "GET /function/view_project HTTP/1.1" 200 -
2018-04-10 11:30:51,118 INFO    : 211.103.220.74 - - [10/Apr/2018 11:30:51] "GET /function/view_project HTTP/1.1" 200 -
2018-04-10 11:30:51,145 INFO    : 211.103.220.74 - - [10/Apr/2018 11:30:51] "GET /function/view_project HTTP/1.1" 200 -
2018-04-10 11:30:51,173 INFO    : 211.103.220.74 - - [10/Apr/2018 11:30:51] "GET /function/view_project HTTP/1.1" 200 -
2018-04-10 11:30:51,200 INFO    : 211.103.220.74 - - [10/Apr/2018 11:30:51] "GET /function/view_project HTTP/1.1" 200 -
2018-04-10 11:30:51,227 INFO    : 211.103.220.74 - - [10/Apr/2018 11:30:51] "GET /function/view_project HTTP/1.1" 200 -
2018-04-10 11:30:51,255 INFO    : 211.103.220.74 - - [10/Apr/2018 11:30:51] "GET /function/view_project HTTP/1.1" 200 -
2018-04-10 11:30:51,284 INFO    : 211.103.220.74 - - [10/Apr/2018 11:30:51] "GET /function/view_project HTTP/1.1" 200 -
2018-04-10 11:30:51,311 INFO    : 211.103.220.74 - - [10/Apr/2018 11:30:51] "GET /function/view_project HTTP/1.1" 200 -
2018-04-10 11:30:51,338 INFO    : 211.103.220.74 - - [10/Apr/2018 11:30:51] "GET /function/view_project HTTP/1.1" 200 -
2018-04-10 11:30:51,365 INFO    : 211.103.220.74 - - [10/Apr/2018 11:30:51] "GET /function/view_project HTTP/1.1" 200 -
2018-04-10 11:30:51,392 INFO    : 211.103.220.74 - - [10/Apr/2018 11:30:51] "GET /function/view_project HTTP/1.1" 200 -
2018-04-10 11:30:51,420 INFO    : 211.103.220.74 - - [10/Apr/2018 11:30:51] "GET /function/view_project HTTP/1.1" 200 -
2018-04-10 11:30:51,446 INFO    : 211.103.220.74 - - [10/Apr/2018 11:30:51] "GET /function/view_project HTTP/1.1" 200 -
2018-04-10 11:30:51,473 INFO    : 211.103.220.74 - - [10/Apr/2018 11:30:51] "GET /function/view_project HTTP/1.1" 200 -
2018-04-10 11:30:51,500 INFO    : 211.103.220.74 - - [10/Apr/2018 11:30:51] "GET /function/view_project HTTP/1.1" 200 -
2018-04-10 11:30:51,528 INFO    : 211.103.220.74 - - [10/Apr/2018 11:30:51] "GET /function/view_project HTTP/1.1" 200 -
2018-04-10 11:30:51,555 INFO    : 211.103.220.74 - - [10/Apr/2018 11:30:51] "GET /function/view_project HTTP/1.1" 200 -
2018-04-10 11:30:51,582 INFO    : 211.103.220.74 - - [10/Apr/2018 11:30:51] "GET /function/view_project HTTP/1.1" 200 -
2018-04-10 11:30:51,609 INFO    : 211.103.220.74 - - [10/Apr/2018 11:30:51] "GET /function/view_project HTTP/1.1" 200 -
2018-04-10 11:30:51,637 INFO    : 211.103.220.74 - - [10/Apr/2018 11:30:51] "GET /function/view_project HTTP/1.1" 200 -
2018-04-10 11:30:51,667 INFO    : 211.103.220.74 - - [10/Apr/2018 11:30:51] "GET /function/view_project HTTP/1.1" 200 -
2018-04-10 11:30:51,695 INFO    : 211.103.220.74 - - [10/Apr/2018 11:30:51] "GET /function/view_project HTTP/1.1" 200 -
2018-04-10 11:30:51,724 INFO    : 211.103.220.74 - - [10/Apr/2018 11:30:51] "GET /function/view_project HTTP/1.1" 200 -
2018-04-10 11:30:51,752 INFO    : 211.103.220.74 - - [10/Apr/2018 11:30:51] "GET /function/view_project HTTP/1.1" 200 -
2018-04-10 11:30:51,779 INFO    : 211.103.220.74 - - [10/Apr/2018 11:30:51] "GET /function/view_project HTTP/1.1" 200 -
2018-04-10 11:30:51,806 INFO    : 211.103.220.74 - - [10/Apr/2018 11:30:51] "GET /function/view_project HTTP/1.1" 200 -
2018-04-10 11:30:51,833 INFO    : 211.103.220.74 - - [10/Apr/2018 11:30:51] "GET /function/view_project HTTP/1.1" 200 -
2018-04-10 11:30:51,861 INFO    : 211.103.220.74 - - [10/Apr/2018 11:30:51] "GET /function/view_project HTTP/1.1" 200 -
2018-04-10 11:30:51,888 INFO    : 211.103.220.74 - - [10/Apr/2018 11:30:51] "GET /function/view_project HTTP/1.1" 200 -
2018-04-10 11:30:51,915 INFO    : 211.103.220.74 - - [10/Apr/2018 11:30:51] "GET /function/view_project HTTP/1.1" 200 -
2018-04-10 11:30:51,944 INFO    : 211.103.220.74 - - [10/Apr/2018 11:30:51] "GET /function/view_project HTTP/1.1" 200 -
2018-04-10 11:30:51,973 INFO    : 211.103.220.74 - - [10/Apr/2018 11:30:51] "GET /function/view_project HTTP/1.1" 200 -
2018-04-10 11:30:52,001 INFO    : 211.103.220.74 - - [10/Apr/2018 11:30:52] "GET /function/view_project HTTP/1.1" 200 -
2018-04-10 11:30:52,029 INFO    : 211.103.220.74 - - [10/Apr/2018 11:30:52] "GET /function/view_project HTTP/1.1" 200 -
2018-04-10 11:30:52,056 INFO    : 211.103.220.74 - - [10/Apr/2018 11:30:52] "GET /function/view_project HTTP/1.1" 200 -
2018-04-10 11:30:52,084 INFO    : 211.103.220.74 - - [10/Apr/2018 11:30:52] "GET /function/view_project HTTP/1.1" 200 -
2018-04-10 11:30:52,111 INFO    : 211.103.220.74 - - [10/Apr/2018 11:30:52] "GET /function/view_project HTTP/1.1" 200 -
2018-04-10 11:30:52,140 INFO    : 211.103.220.74 - - [10/Apr/2018 11:30:52] "GET /function/view_project HTTP/1.1" 200 -
2018-04-10 11:30:52,168 INFO    : 211.103.220.74 - - [10/Apr/2018 11:30:52] "GET /function/view_project HTTP/1.1" 200 -
2018-04-10 11:30:52,195 INFO    : 211.103.220.74 - - [10/Apr/2018 11:30:52] "GET /function/view_project HTTP/1.1" 200 -
2018-04-10 11:30:52,222 INFO    : 211.103.220.74 - - [10/Apr/2018 11:30:52] "GET /function/view_project HTTP/1.1" 200 -
2018-04-10 11:30:52,250 INFO    : 211.103.220.74 - - [10/Apr/2018 11:30:52] "GET /function/view_project HTTP/1.1" 200 -
2018-04-10 11:30:52,277 INFO    : 211.103.220.74 - - [10/Apr/2018 11:30:52] "GET /function/view_project HTTP/1.1" 200 -
2018-04-10 11:30:52,304 INFO    : 211.103.220.74 - - [10/Apr/2018 11:30:52] "GET /function/view_project HTTP/1.1" 200 -
2018-04-10 11:30:52,332 INFO    : 211.103.220.74 - - [10/Apr/2018 11:30:52] "GET /function/view_project HTTP/1.1" 200 -
2018-04-10 11:30:52,359 INFO    : 211.103.220.74 - - [10/Apr/2018 11:30:52] "GET /function/view_project HTTP/1.1" 200 -
2018-04-10 11:30:52,386 INFO    : 211.103.220.74 - - [10/Apr/2018 11:30:52] "GET /function/view_project HTTP/1.1" 200 -
2018-04-10 11:30:52,413 INFO    : 211.103.220.74 - - [10/Apr/2018 11:30:52] "GET /function/view_project HTTP/1.1" 200 -
2018-04-10 11:30:52,442 INFO    : 211.103.220.74 - - [10/Apr/2018 11:30:52] "GET /function/view_project HTTP/1.1" 200 -
2018-04-10 11:30:52,469 INFO    : 211.103.220.74 - - [10/Apr/2018 11:30:52] "GET /function/view_project HTTP/1.1" 200 -
2018-04-10 11:30:52,496 INFO    : 211.103.220.74 - - [10/Apr/2018 11:30:52] "GET /function/view_project HTTP/1.1" 200 -
2018-04-10 11:30:52,524 INFO    : 211.103.220.74 - - [10/Apr/2018 11:30:52] "GET /function/view_project HTTP/1.1" 200 -
2018-04-10 11:30:52,551 INFO    : 211.103.220.74 - - [10/Apr/2018 11:30:52] "GET /function/view_project HTTP/1.1" 200 -
2018-04-10 11:30:52,578 INFO    : 211.103.220.74 - - [10/Apr/2018 11:30:52] "GET /function/view_project HTTP/1.1" 200 -
2018-04-10 11:30:52,605 INFO    : 211.103.220.74 - - [10/Apr/2018 11:30:52] "GET /function/view_project HTTP/1.1" 200 -
2018-04-10 11:30:52,633 INFO    : 211.103.220.74 - - [10/Apr/2018 11:30:52] "GET /function/view_project HTTP/1.1" 200 -
2018-04-10 11:30:52,660 INFO    : 211.103.220.74 - - [10/Apr/2018 11:30:52] "GET /function/view_project HTTP/1.1" 200 -
2018-04-10 11:30:52,690 INFO    : 211.103.220.74 - - [10/Apr/2018 11:30:52] "GET /function/view_project HTTP/1.1" 200 -
2018-04-10 11:30:52,718 INFO    : 211.103.220.74 - - [10/Apr/2018 11:30:52] "GET /function/view_project HTTP/1.1" 200 -
2018-04-10 11:30:52,747 INFO    : 211.103.220.74 - - [10/Apr/2018 11:30:52] "GET /function/view_project HTTP/1.1" 200 -
2018-04-10 11:30:52,774 INFO    : 211.103.220.74 - - [10/Apr/2018 11:30:52] "GET /function/view_project HTTP/1.1" 200 -
2018-04-10 11:30:52,802 INFO    : 211.103.220.74 - - [10/Apr/2018 11:30:52] "GET /function/view_project HTTP/1.1" 200 -
2018-04-10 11:30:52,831 INFO    : 211.103.220.74 - - [10/Apr/2018 11:30:52] "GET /function/view_project HTTP/1.1" 200 -
2018-04-10 11:30:52,858 INFO    : 211.103.220.74 - - [10/Apr/2018 11:30:52] "GET /function/view_project HTTP/1.1" 200 -
2018-04-10 11:30:52,885 INFO    : 211.103.220.74 - - [10/Apr/2018 11:30:52] "GET /function/view_project HTTP/1.1" 200 -
2018-04-10 11:30:52,912 INFO    : 211.103.220.74 - - [10/Apr/2018 11:30:52] "GET /function/view_project HTTP/1.1" 200 -
2018-04-10 11:30:52,939 INFO    : 211.103.220.74 - - [10/Apr/2018 11:30:52] "GET /function/view_project HTTP/1.1" 200 -
2018-04-10 11:30:52,967 INFO    : 211.103.220.74 - - [10/Apr/2018 11:30:52] "GET /function/view_project HTTP/1.1" 200 -
2018-04-10 11:30:52,996 INFO    : 211.103.220.74 - - [10/Apr/2018 11:30:52] "GET /function/view_project HTTP/1.1" 200 -
2018-04-10 11:30:53,025 INFO    : 211.103.220.74 - - [10/Apr/2018 11:30:53] "GET /function/view_project HTTP/1.1" 200 -
2018-04-10 11:30:53,053 INFO    : 211.103.220.74 - - [10/Apr/2018 11:30:53] "GET /function/view_project HTTP/1.1" 200 -
2018-04-10 11:30:53,082 INFO    : 211.103.220.74 - - [10/Apr/2018 11:30:53] "GET /function/view_project HTTP/1.1" 200 -
2018-04-10 11:30:53,111 INFO    : 211.103.220.74 - - [10/Apr/2018 11:30:53] "GET /function/view_project HTTP/1.1" 200 -
2018-04-10 11:30:53,139 INFO    : 211.103.220.74 - - [10/Apr/2018 11:30:53] "GET /function/view_project HTTP/1.1" 200 -
2018-04-10 11:30:53,167 INFO    : 211.103.220.74 - - [10/Apr/2018 11:30:53] "GET /function/view_project HTTP/1.1" 200 -
2018-04-10 11:30:53,194 INFO    : 211.103.220.74 - - [10/Apr/2018 11:30:53] "GET /function/view_project HTTP/1.1" 200 -
2018-04-10 11:30:53,222 INFO    : 211.103.220.74 - - [10/Apr/2018 11:30:53] "GET /function/view_project HTTP/1.1" 200 -
2018-04-10 11:30:53,250 INFO    : 211.103.220.74 - - [10/Apr/2018 11:30:53] "GET /function/view_project HTTP/1.1" 200 -
2018-04-10 11:30:53,278 INFO    : 211.103.220.74 - - [10/Apr/2018 11:30:53] "GET /function/view_project HTTP/1.1" 200 -
2018-04-10 11:30:53,305 INFO    : 211.103.220.74 - - [10/Apr/2018 11:30:53] "GET /function/view_project HTTP/1.1" 200 -
2018-04-10 11:30:53,334 INFO    : 211.103.220.74 - - [10/Apr/2018 11:30:53] "GET /function/view_project HTTP/1.1" 200 -
2018-04-10 11:30:53,361 INFO    : 211.103.220.74 - - [10/Apr/2018 11:30:53] "GET /function/view_project HTTP/1.1" 200 -
2018-04-10 11:30:53,389 INFO    : 211.103.220.74 - - [10/Apr/2018 11:30:53] "GET /function/view_project HTTP/1.1" 200 -
2018-04-10 11:30:53,416 INFO    : 211.103.220.74 - - [10/Apr/2018 11:30:53] "GET /function/view_project HTTP/1.1" 200 -
2018-04-10 11:30:53,445 INFO    : 211.103.220.74 - - [10/Apr/2018 11:30:53] "GET /function/view_project HTTP/1.1" 200 -
2018-04-10 11:30:53,473 INFO    : 211.103.220.74 - - [10/Apr/2018 11:30:53] "GET /function/view_project HTTP/1.1" 200 -
2018-04-10 11:30:53,500 INFO    : 211.103.220.74 - - [10/Apr/2018 11:30:53] "GET /function/view_project HTTP/1.1" 200 -
2018-04-10 11:30:53,527 INFO    : 211.103.220.74 - - [10/Apr/2018 11:30:53] "GET /function/view_project HTTP/1.1" 200 -
2018-04-10 11:30:53,554 INFO    : 211.103.220.74 - - [10/Apr/2018 11:30:53] "GET /function/view_project HTTP/1.1" 200 -
2018-04-10 11:30:53,582 INFO    : 211.103.220.74 - - [10/Apr/2018 11:30:53] "GET /function/view_project HTTP/1.1" 200 -
2018-04-10 11:30:53,611 INFO    : 211.103.220.74 - - [10/Apr/2018 11:30:53] "GET /function/view_project HTTP/1.1" 200 -
2018-04-10 11:30:53,639 INFO    : 211.103.220.74 - - [10/Apr/2018 11:30:53] "GET /function/view_project HTTP/1.1" 200 -
2018-04-10 11:30:53,668 INFO    : 211.103.220.74 - - [10/Apr/2018 11:30:53] "GET /function/view_project HTTP/1.1" 200 -
2018-04-10 11:30:53,697 INFO    : 211.103.220.74 - - [10/Apr/2018 11:30:53] "GET /function/view_project HTTP/1.1" 200 -
2018-04-10 11:30:53,726 INFO    : 211.103.220.74 - - [10/Apr/2018 11:30:53] "GET /function/view_project HTTP/1.1" 200 -
2018-04-10 11:30:53,753 INFO    : 211.103.220.74 - - [10/Apr/2018 11:30:53] "GET /function/view_project HTTP/1.1" 200 -
2018-04-10 11:30:53,780 INFO    : 211.103.220.74 - - [10/Apr/2018 11:30:53] "GET /function/view_project HTTP/1.1" 200 -
2018-04-10 11:30:53,808 INFO    : 211.103.220.74 - - [10/Apr/2018 11:30:53] "GET /function/view_project HTTP/1.1" 200 -
2018-04-10 11:30:53,835 INFO    : 211.103.220.74 - - [10/Apr/2018 11:30:53] "GET /function/view_project HTTP/1.1" 200 -
2018-04-10 11:30:53,862 INFO    : 211.103.220.74 - - [10/Apr/2018 11:30:53] "GET /function/view_project HTTP/1.1" 200 -
2018-04-10 11:30:53,889 INFO    : 211.103.220.74 - - [10/Apr/2018 11:30:53] "GET /function/view_project HTTP/1.1" 200 -
2018-04-10 11:30:53,917 INFO    : 211.103.220.74 - - [10/Apr/2018 11:30:53] "GET /function/view_project HTTP/1.1" 200 -
2018-04-10 11:30:53,944 INFO    : 211.103.220.74 - - [10/Apr/2018 11:30:53] "GET /function/view_project HTTP/1.1" 200 -
2018-04-10 11:30:53,972 INFO    : 211.103.220.74 - - [10/Apr/2018 11:30:53] "GET /function/view_project HTTP/1.1" 200 -
2018-04-10 11:30:53,999 INFO    : 211.103.220.74 - - [10/Apr/2018 11:30:53] "GET /function/view_project HTTP/1.1" 200 -
2018-04-10 11:30:54,027 INFO    : 211.103.220.74 - - [10/Apr/2018 11:30:54] "GET /function/view_project HTTP/1.1" 200 -
2018-04-10 11:30:54,056 INFO    : 211.103.220.74 - - [10/Apr/2018 11:30:54] "GET /function/view_project HTTP/1.1" 200 -
2018-04-10 11:30:54,085 INFO    : 211.103.220.74 - - [10/Apr/2018 11:30:54] "GET /function/view_project HTTP/1.1" 200 -
2018-04-10 11:30:54,113 INFO    : 211.103.220.74 - - [10/Apr/2018 11:30:54] "GET /function/view_project HTTP/1.1" 200 -
2018-04-10 11:30:54,143 INFO    : 211.103.220.74 - - [10/Apr/2018 11:30:54] "GET /function/view_project HTTP/1.1" 200 -
2018-04-10 11:30:54,172 INFO    : 211.103.220.74 - - [10/Apr/2018 11:30:54] "GET /function/view_project HTTP/1.1" 200 -
2018-04-10 11:30:54,199 INFO    : 211.103.220.74 - - [10/Apr/2018 11:30:54] "GET /function/view_project HTTP/1.1" 200 -
2018-04-10 11:30:54,227 INFO    : 211.103.220.74 - - [10/Apr/2018 11:30:54] "GET /function/view_project HTTP/1.1" 200 -
2018-04-10 11:30:54,255 INFO    : 211.103.220.74 - - [10/Apr/2018 11:30:54] "GET /function/view_project HTTP/1.1" 200 -
2018-04-10 11:30:54,281 INFO    : 211.103.220.74 - - [10/Apr/2018 11:30:54] "GET /function/view_project HTTP/1.1" 200 -
2018-04-10 11:30:54,308 INFO    : 211.103.220.74 - - [10/Apr/2018 11:30:54] "GET /function/view_project HTTP/1.1" 200 -
2018-04-10 11:30:54,335 INFO    : 211.103.220.74 - - [10/Apr/2018 11:30:54] "GET /function/view_project HTTP/1.1" 200 -
2018-04-10 11:30:54,363 INFO    : 211.103.220.74 - - [10/Apr/2018 11:30:54] "GET /function/view_project HTTP/1.1" 200 -
2018-04-10 11:30:54,390 INFO    : 211.103.220.74 - - [10/Apr/2018 11:30:54] "GET /function/view_project HTTP/1.1" 200 -
2018-04-10 11:30:54,418 INFO    : 211.103.220.74 - - [10/Apr/2018 11:30:54] "GET /function/view_project HTTP/1.1" 200 -
2018-04-10 11:30:54,445 INFO    : 211.103.220.74 - - [10/Apr/2018 11:30:54] "GET /function/view_project HTTP/1.1" 200 -
2018-04-10 11:30:54,473 INFO    : 211.103.220.74 - - [10/Apr/2018 11:30:54] "GET /function/view_project HTTP/1.1" 200 -
2018-04-10 11:30:54,500 INFO    : 211.103.220.74 - - [10/Apr/2018 11:30:54] "GET /function/view_project HTTP/1.1" 200 -
2018-04-10 11:30:54,529 INFO    : 211.103.220.74 - - [10/Apr/2018 11:30:54] "GET /function/view_project HTTP/1.1" 200 -
2018-04-10 11:30:54,556 INFO    : 211.103.220.74 - - [10/Apr/2018 11:30:54] "GET /function/view_project HTTP/1.1" 200 -
2018-04-10 11:30:54,583 INFO    : 211.103.220.74 - - [10/Apr/2018 11:30:54] "GET /function/view_project HTTP/1.1" 200 -
2018-04-10 11:30:54,611 INFO    : 211.103.220.74 - - [10/Apr/2018 11:30:54] "GET /function/view_project HTTP/1.1" 200 -
2018-04-10 11:30:54,640 INFO    : 211.103.220.74 - - [10/Apr/2018 11:30:54] "GET /function/view_project HTTP/1.1" 200 -
2018-04-10 11:30:54,669 INFO    : 211.103.220.74 - - [10/Apr/2018 11:30:54] "GET /function/view_project HTTP/1.1" 200 -
2018-04-10 11:30:54,698 INFO    : 211.103.220.74 - - [10/Apr/2018 11:30:54] "GET /function/view_project HTTP/1.1" 200 -
2018-04-10 11:30:54,727 INFO    : 211.103.220.74 - - [10/Apr/2018 11:30:54] "GET /function/view_project HTTP/1.1" 200 -
2018-04-10 11:30:54,754 INFO    : 211.103.220.74 - - [10/Apr/2018 11:30:54] "GET /function/view_project HTTP/1.1" 200 -
2018-04-10 11:30:54,781 INFO    : 211.103.220.74 - - [10/Apr/2018 11:30:54] "GET /function/view_project HTTP/1.1" 200 -
2018-04-10 11:30:54,809 INFO    : 211.103.220.74 - - [10/Apr/2018 11:30:54] "GET /function/view_project HTTP/1.1" 200 -
2018-04-10 11:30:54,836 INFO    : 211.103.220.74 - - [10/Apr/2018 11:30:54] "GET /function/view_project HTTP/1.1" 200 -
2018-04-10 11:30:54,863 INFO    : 211.103.220.74 - - [10/Apr/2018 11:30:54] "GET /function/view_project HTTP/1.1" 200 -
2018-04-10 11:30:54,891 INFO    : 211.103.220.74 - - [10/Apr/2018 11:30:54] "GET /function/view_project HTTP/1.1" 200 -
2018-04-10 11:30:54,918 INFO    : 211.103.220.74 - - [10/Apr/2018 11:30:54] "GET /function/view_project HTTP/1.1" 200 -
2018-04-10 11:30:54,945 INFO    : 211.103.220.74 - - [10/Apr/2018 11:30:54] "GET /function/view_project HTTP/1.1" 200 -
2018-04-10 11:30:54,975 INFO    : 211.103.220.74 - - [10/Apr/2018 11:30:54] "GET /function/view_project HTTP/1.1" 200 -
2018-04-10 11:30:55,003 INFO    : 211.103.220.74 - - [10/Apr/2018 11:30:55] "GET /function/view_project HTTP/1.1" 200 -
2018-04-10 11:30:55,032 INFO    : 211.103.220.74 - - [10/Apr/2018 11:30:55] "GET /function/view_project HTTP/1.1" 200 -
2018-04-10 11:30:55,060 INFO    : 211.103.220.74 - - [10/Apr/2018 11:30:55] "GET /function/view_project HTTP/1.1" 200 -
2018-04-10 11:30:55,088 INFO    : 211.103.220.74 - - [10/Apr/2018 11:30:55] "GET /function/view_project HTTP/1.1" 200 -
2018-04-10 11:30:55,116 INFO    : 211.103.220.74 - - [10/Apr/2018 11:30:55] "GET /function/view_project HTTP/1.1" 200 -
2018-04-10 11:30:55,144 INFO    : 211.103.220.74 - - [10/Apr/2018 11:30:55] "GET /function/view_project HTTP/1.1" 200 -
2018-04-10 11:30:55,172 INFO    : 211.103.220.74 - - [10/Apr/2018 11:30:55] "GET /function/view_project HTTP/1.1" 200 -
2018-04-10 11:30:55,202 INFO    : 211.103.220.74 - - [10/Apr/2018 11:30:55] "GET /function/view_project HTTP/1.1" 200 -
2018-04-10 11:30:55,231 INFO    : 211.103.220.74 - - [10/Apr/2018 11:30:55] "GET /function/view_project HTTP/1.1" 200 -
2018-04-10 11:30:55,260 INFO    : 211.103.220.74 - - [10/Apr/2018 11:30:55] "GET /function/view_project HTTP/1.1" 200 -
2018-04-10 11:30:55,287 INFO    : 211.103.220.74 - - [10/Apr/2018 11:30:55] "GET /function/view_project HTTP/1.1" 200 -
2018-04-10 11:30:55,315 INFO    : 211.103.220.74 - - [10/Apr/2018 11:30:55] "GET /function/view_project HTTP/1.1" 200 -
2018-04-10 11:30:55,343 INFO    : 211.103.220.74 - - [10/Apr/2018 11:30:55] "GET /function/view_project HTTP/1.1" 200 -
2018-04-10 11:30:55,371 INFO    : 211.103.220.74 - - [10/Apr/2018 11:30:55] "GET /function/view_project HTTP/1.1" 200 -
2018-04-10 11:30:55,399 INFO    : 211.103.220.74 - - [10/Apr/2018 11:30:55] "GET /function/view_project HTTP/1.1" 200 -
2018-04-10 11:30:55,426 INFO    : 211.103.220.74 - - [10/Apr/2018 11:30:55] "GET /function/view_project HTTP/1.1" 200 -
2018-04-10 11:30:55,452 INFO    : 211.103.220.74 - - [10/Apr/2018 11:30:55] "GET /function/view_project HTTP/1.1" 200 -
2018-04-10 11:30:55,480 INFO    : 211.103.220.74 - - [10/Apr/2018 11:30:55] "GET /function/view_project HTTP/1.1" 200 -
2018-04-10 11:30:55,507 INFO    : 211.103.220.74 - - [10/Apr/2018 11:30:55] "GET /function/view_project HTTP/1.1" 200 -
2018-04-10 11:30:55,535 INFO    : 211.103.220.74 - - [10/Apr/2018 11:30:55] "GET /function/view_project HTTP/1.1" 200 -
2018-04-10 11:30:55,562 INFO    : 211.103.220.74 - - [10/Apr/2018 11:30:55] "GET /function/view_project HTTP/1.1" 200 -
2018-04-10 11:30:55,590 INFO    : 211.103.220.74 - - [10/Apr/2018 11:30:55] "GET /function/view_project HTTP/1.1" 200 -
2018-04-10 11:30:55,618 INFO    : 211.103.220.74 - - [10/Apr/2018 11:30:55] "GET /function/view_project HTTP/1.1" 200 -
2018-04-10 11:30:55,646 INFO    : 211.103.220.74 - - [10/Apr/2018 11:30:55] "GET /function/view_project HTTP/1.1" 200 -
2018-04-10 11:30:55,674 INFO    : 211.103.220.74 - - [10/Apr/2018 11:30:55] "GET /function/view_project HTTP/1.1" 200 -
2018-04-10 11:30:55,705 INFO    : 211.103.220.74 - - [10/Apr/2018 11:30:55] "GET /function/view_project HTTP/1.1" 200 -
2018-04-10 11:30:55,734 INFO    : 211.103.220.74 - - [10/Apr/2018 11:30:55] "GET /function/view_project HTTP/1.1" 200 -
2018-04-10 11:30:55,765 INFO    : 211.103.220.74 - - [10/Apr/2018 11:30:55] "GET /function/view_project HTTP/1.1" 200 -
2018-04-10 11:30:55,793 INFO    : 211.103.220.74 - - [10/Apr/2018 11:30:55] "GET /function/view_project HTTP/1.1" 200 -
2018-04-10 11:30:55,823 INFO    : 211.103.220.74 - - [10/Apr/2018 11:30:55] "GET /function/view_project HTTP/1.1" 200 -
2018-04-10 11:30:55,851 INFO    : 211.103.220.74 - - [10/Apr/2018 11:30:55] "GET /function/view_project HTTP/1.1" 200 -
2018-04-10 11:30:55,878 INFO    : 211.103.220.74 - - [10/Apr/2018 11:30:55] "GET /function/view_project HTTP/1.1" 200 -
2018-04-10 11:30:55,905 INFO    : 211.103.220.74 - - [10/Apr/2018 11:30:55] "GET /function/view_project HTTP/1.1" 200 -
2018-04-10 11:30:55,933 INFO    : 211.103.220.74 - - [10/Apr/2018 11:30:55] "GET /function/view_project HTTP/1.1" 200 -
2018-04-10 11:30:55,960 INFO    : 211.103.220.74 - - [10/Apr/2018 11:30:55] "GET /function/view_project HTTP/1.1" 200 -
2018-04-10 11:30:55,987 INFO    : 211.103.220.74 - - [10/Apr/2018 11:30:55] "GET /function/view_project HTTP/1.1" 200 -
2018-04-10 11:30:56,014 INFO    : 211.103.220.74 - - [10/Apr/2018 11:30:56] "GET /function/view_project HTTP/1.1" 200 -
2018-04-10 11:30:56,041 INFO    : 211.103.220.74 - - [10/Apr/2018 11:30:56] "GET /function/view_project HTTP/1.1" 200 -
2018-04-10 11:30:56,068 INFO    : 211.103.220.74 - - [10/Apr/2018 11:30:56] "GET /function/view_project HTTP/1.1" 200 -
2018-04-10 11:30:56,095 INFO    : 211.103.220.74 - - [10/Apr/2018 11:30:56] "GET /function/view_project HTTP/1.1" 200 -
2018-04-10 11:30:56,123 INFO    : 211.103.220.74 - - [10/Apr/2018 11:30:56] "GET /function/view_project HTTP/1.1" 200 -
2018-04-10 11:30:56,151 INFO    : 211.103.220.74 - - [10/Apr/2018 11:30:56] "GET /function/view_project HTTP/1.1" 200 -
2018-04-10 11:30:56,179 INFO    : 211.103.220.74 - - [10/Apr/2018 11:30:56] "GET /function/view_project HTTP/1.1" 200 -
2018-04-10 11:30:56,206 INFO    : 211.103.220.74 - - [10/Apr/2018 11:30:56] "GET /function/view_project HTTP/1.1" 200 -
2018-04-10 11:30:56,233 INFO    : 211.103.220.74 - - [10/Apr/2018 11:30:56] "GET /function/view_project HTTP/1.1" 200 -
2018-04-10 11:30:56,264 INFO    : 211.103.220.74 - - [10/Apr/2018 11:30:56] "GET /function/view_project HTTP/1.1" 200 -
2018-04-10 11:30:56,293 INFO    : 211.103.220.74 - - [10/Apr/2018 11:30:56] "GET /function/view_project HTTP/1.1" 200 -
2018-04-10 11:30:56,322 INFO    : 211.103.220.74 - - [10/Apr/2018 11:30:56] "GET /function/view_project HTTP/1.1" 200 -
2018-04-10 11:30:56,350 INFO    : 211.103.220.74 - - [10/Apr/2018 11:30:56] "GET /function/view_project HTTP/1.1" 200 -
2018-04-10 11:30:56,378 INFO    : 211.103.220.74 - - [10/Apr/2018 11:30:56] "GET /function/view_project HTTP/1.1" 200 -
2018-04-10 11:30:56,405 INFO    : 211.103.220.74 - - [10/Apr/2018 11:30:56] "GET /function/view_project HTTP/1.1" 200 -
2018-04-10 11:30:56,432 INFO    : 211.103.220.74 - - [10/Apr/2018 11:30:56] "GET /function/view_project HTTP/1.1" 200 -
2018-04-10 11:30:56,459 INFO    : 211.103.220.74 - - [10/Apr/2018 11:30:56] "GET /function/view_project HTTP/1.1" 200 -
2018-04-10 11:30:56,487 INFO    : 211.103.220.74 - - [10/Apr/2018 11:30:56] "GET /function/view_project HTTP/1.1" 200 -
2018-04-10 11:30:56,513 INFO    : 211.103.220.74 - - [10/Apr/2018 11:30:56] "GET /function/view_project HTTP/1.1" 200 -
2018-04-10 11:30:56,541 INFO    : 211.103.220.74 - - [10/Apr/2018 11:30:56] "GET /function/view_project HTTP/1.1" 200 -
2018-04-10 11:30:56,568 INFO    : 211.103.220.74 - - [10/Apr/2018 11:30:56] "GET /function/view_project HTTP/1.1" 200 -
2018-04-10 11:30:56,595 INFO    : 211.103.220.74 - - [10/Apr/2018 11:30:56] "GET /function/view_project HTTP/1.1" 200 -
2018-04-10 11:30:56,624 INFO    : 211.103.220.74 - - [10/Apr/2018 11:30:56] "GET /function/view_project HTTP/1.1" 200 -
2018-04-10 11:30:56,651 INFO    : 211.103.220.74 - - [10/Apr/2018 11:30:56] "GET /function/view_project HTTP/1.1" 200 -
2018-04-10 11:30:56,681 INFO    : 211.103.220.74 - - [10/Apr/2018 11:30:56] "GET /function/view_project HTTP/1.1" 200 -
2018-04-10 11:30:56,711 INFO    : 211.103.220.74 - - [10/Apr/2018 11:30:56] "GET /function/view_project HTTP/1.1" 200 -
2018-04-10 11:30:56,738 INFO    : 211.103.220.74 - - [10/Apr/2018 11:30:56] "GET /function/view_project HTTP/1.1" 200 -
2018-04-10 11:30:56,766 INFO    : 211.103.220.74 - - [10/Apr/2018 11:30:56] "GET /function/view_project HTTP/1.1" 200 -
2018-04-10 11:30:56,793 INFO    : 211.103.220.74 - - [10/Apr/2018 11:30:56] "GET /function/view_project HTTP/1.1" 200 -
2018-04-10 11:30:56,820 INFO    : 211.103.220.74 - - [10/Apr/2018 11:30:56] "GET /function/view_project HTTP/1.1" 200 -
2018-04-10 11:30:56,848 INFO    : 211.103.220.74 - - [10/Apr/2018 11:30:56] "GET /function/view_project HTTP/1.1" 200 -
2018-04-10 11:30:56,875 INFO    : 211.103.220.74 - - [10/Apr/2018 11:30:56] "GET /function/view_project HTTP/1.1" 200 -
2018-04-10 11:30:56,903 INFO    : 211.103.220.74 - - [10/Apr/2018 11:30:56] "GET /function/view_project HTTP/1.1" 200 -
2018-04-10 11:30:56,931 INFO    : 211.103.220.74 - - [10/Apr/2018 11:30:56] "GET /function/view_project HTTP/1.1" 200 -
2018-04-10 11:30:56,958 INFO    : 211.103.220.74 - - [10/Apr/2018 11:30:56] "GET /function/view_project HTTP/1.1" 200 -
2018-04-10 11:30:56,986 INFO    : 211.103.220.74 - - [10/Apr/2018 11:30:56] "GET /function/view_project HTTP/1.1" 200 -
2018-04-10 11:30:57,013 INFO    : 211.103.220.74 - - [10/Apr/2018 11:30:57] "GET /function/view_project HTTP/1.1" 200 -
2018-04-10 11:30:57,040 INFO    : 211.103.220.74 - - [10/Apr/2018 11:30:57] "GET /function/view_project HTTP/1.1" 200 -
2018-04-10 11:30:57,068 INFO    : 211.103.220.74 - - [10/Apr/2018 11:30:57] "GET /function/view_project HTTP/1.1" 200 -
2018-04-10 11:30:57,095 INFO    : 211.103.220.74 - - [10/Apr/2018 11:30:57] "GET /function/view_project HTTP/1.1" 200 -
2018-04-10 11:30:57,122 INFO    : 211.103.220.74 - - [10/Apr/2018 11:30:57] "GET /function/view_project HTTP/1.1" 200 -
2018-04-10 11:30:57,149 INFO    : 211.103.220.74 - - [10/Apr/2018 11:30:57] "GET /function/view_project HTTP/1.1" 200 -
2018-04-10 11:30:57,176 INFO    : 211.103.220.74 - - [10/Apr/2018 11:30:57] "GET /function/view_project HTTP/1.1" 200 -
2018-04-10 11:30:57,204 INFO    : 211.103.220.74 - - [10/Apr/2018 11:30:57] "GET /function/view_project HTTP/1.1" 200 -
2018-04-10 11:30:57,232 INFO    : 211.103.220.74 - - [10/Apr/2018 11:30:57] "GET /function/view_project HTTP/1.1" 200 -
2018-04-10 11:30:57,262 INFO    : 211.103.220.74 - - [10/Apr/2018 11:30:57] "GET /function/view_project HTTP/1.1" 200 -
2018-04-10 11:30:57,291 INFO    : 211.103.220.74 - - [10/Apr/2018 11:30:57] "GET /function/view_project HTTP/1.1" 200 -
2018-04-10 11:30:57,322 INFO    : 211.103.220.74 - - [10/Apr/2018 11:30:57] "GET /function/view_project HTTP/1.1" 200 -
2018-04-10 11:30:57,354 INFO    : 211.103.220.74 - - [10/Apr/2018 11:30:57] "GET /function/view_project HTTP/1.1" 200 -
2018-04-10 11:30:57,382 INFO    : 211.103.220.74 - - [10/Apr/2018 11:30:57] "GET /function/view_project HTTP/1.1" 200 -
2018-04-10 11:30:57,410 INFO    : 211.103.220.74 - - [10/Apr/2018 11:30:57] "GET /function/view_project HTTP/1.1" 200 -
2018-04-10 11:30:57,438 INFO    : 211.103.220.74 - - [10/Apr/2018 11:30:57] "GET /function/view_project HTTP/1.1" 200 -
2018-04-10 11:30:57,467 INFO    : 211.103.220.74 - - [10/Apr/2018 11:30:57] "GET /function/view_project HTTP/1.1" 200 -
2018-04-10 11:30:57,495 INFO    : 211.103.220.74 - - [10/Apr/2018 11:30:57] "GET /function/view_project HTTP/1.1" 200 -
2018-04-10 11:30:57,522 INFO    : 211.103.220.74 - - [10/Apr/2018 11:30:57] "GET /function/view_project HTTP/1.1" 200 -
2018-04-10 11:30:57,549 INFO    : 211.103.220.74 - - [10/Apr/2018 11:30:57] "GET /function/view_project HTTP/1.1" 200 -
2018-04-10 11:30:57,576 INFO    : 211.103.220.74 - - [10/Apr/2018 11:30:57] "GET /function/view_project HTTP/1.1" 200 -
2018-04-10 11:30:57,604 INFO    : 211.103.220.74 - - [10/Apr/2018 11:30:57] "GET /function/view_project HTTP/1.1" 200 -
2018-04-10 11:30:57,633 INFO    : 211.103.220.74 - - [10/Apr/2018 11:30:57] "GET /function/view_project HTTP/1.1" 200 -
2018-04-10 11:30:57,661 INFO    : 211.103.220.74 - - [10/Apr/2018 11:30:57] "GET /function/view_project HTTP/1.1" 200 -
2018-04-10 11:30:57,690 INFO    : 211.103.220.74 - - [10/Apr/2018 11:30:57] "GET /function/view_project HTTP/1.1" 200 -
2018-04-10 11:30:57,719 INFO    : 211.103.220.74 - - [10/Apr/2018 11:30:57] "GET /function/view_project HTTP/1.1" 200 -
2018-04-10 11:30:57,746 INFO    : 211.103.220.74 - - [10/Apr/2018 11:30:57] "GET /function/view_project HTTP/1.1" 200 -
2018-04-10 11:30:57,776 INFO    : 211.103.220.74 - - [10/Apr/2018 11:30:57] "GET /function/view_project HTTP/1.1" 200 -
2018-04-10 11:30:57,803 INFO    : 211.103.220.74 - - [10/Apr/2018 11:30:57] "GET /function/view_project HTTP/1.1" 200 -
2018-04-10 11:30:57,830 INFO    : 211.103.220.74 - - [10/Apr/2018 11:30:57] "GET /function/view_project HTTP/1.1" 200 -
2018-04-10 11:30:57,857 INFO    : 211.103.220.74 - - [10/Apr/2018 11:30:57] "GET /function/view_project HTTP/1.1" 200 -
2018-04-10 11:30:57,884 INFO    : 211.103.220.74 - - [10/Apr/2018 11:30:57] "GET /function/view_project HTTP/1.1" 200 -
2018-04-10 11:30:57,911 INFO    : 211.103.220.74 - - [10/Apr/2018 11:30:57] "GET /function/view_project HTTP/1.1" 200 -
2018-04-10 11:30:57,939 INFO    : 211.103.220.74 - - [10/Apr/2018 11:30:57] "GET /function/view_project HTTP/1.1" 200 -
2018-04-10 11:30:57,966 INFO    : 211.103.220.74 - - [10/Apr/2018 11:30:57] "GET /function/view_project HTTP/1.1" 200 -
2018-04-10 11:30:57,993 INFO    : 211.103.220.74 - - [10/Apr/2018 11:30:57] "GET /function/view_project HTTP/1.1" 200 -
2018-04-10 11:30:58,020 INFO    : 211.103.220.74 - - [10/Apr/2018 11:30:58] "GET /function/view_project HTTP/1.1" 200 -
2018-04-10 11:30:58,047 INFO    : 211.103.220.74 - - [10/Apr/2018 11:30:58] "GET /function/view_project HTTP/1.1" 200 -
2018-04-10 11:30:58,075 INFO    : 211.103.220.74 - - [10/Apr/2018 11:30:58] "GET /function/view_project HTTP/1.1" 200 -
2018-04-10 11:30:58,102 INFO    : 211.103.220.74 - - [10/Apr/2018 11:30:58] "GET /function/view_project HTTP/1.1" 200 -
2018-04-10 11:30:58,129 INFO    : 211.103.220.74 - - [10/Apr/2018 11:30:58] "GET /function/view_project HTTP/1.1" 200 -
2018-04-10 11:30:58,157 INFO    : 211.103.220.74 - - [10/Apr/2018 11:30:58] "GET /function/view_project HTTP/1.1" 200 -
2018-04-10 11:30:58,185 INFO    : 211.103.220.74 - - [10/Apr/2018 11:30:58] "GET /function/view_project HTTP/1.1" 200 -
2018-04-10 11:30:58,213 INFO    : 211.103.220.74 - - [10/Apr/2018 11:30:58] "GET /function/view_project HTTP/1.1" 200 -
2018-04-10 11:30:58,241 INFO    : 211.103.220.74 - - [10/Apr/2018 11:30:58] "GET /function/view_project HTTP/1.1" 200 -
2018-04-10 11:30:58,271 INFO    : 211.103.220.74 - - [10/Apr/2018 11:30:58] "GET /function/view_project HTTP/1.1" 200 -
2018-04-10 11:30:58,299 INFO    : 211.103.220.74 - - [10/Apr/2018 11:30:58] "GET /function/view_project HTTP/1.1" 200 -
2018-04-10 11:30:58,328 INFO    : 211.103.220.74 - - [10/Apr/2018 11:30:58] "GET /function/view_project HTTP/1.1" 200 -
2018-04-10 11:30:58,357 INFO    : 211.103.220.74 - - [10/Apr/2018 11:30:58] "GET /function/view_project HTTP/1.1" 200 -
2018-04-10 11:30:58,385 INFO    : 211.103.220.74 - - [10/Apr/2018 11:30:58] "GET /function/view_project HTTP/1.1" 200 -
2018-04-10 11:30:58,413 INFO    : 211.103.220.74 - - [10/Apr/2018 11:30:58] "GET /function/view_project HTTP/1.1" 200 -
2018-04-10 11:30:58,442 INFO    : 211.103.220.74 - - [10/Apr/2018 11:30:58] "GET /function/view_project HTTP/1.1" 200 -
2018-04-10 11:30:58,471 INFO    : 211.103.220.74 - - [10/Apr/2018 11:30:58] "GET /function/view_project HTTP/1.1" 200 -
2018-04-10 11:30:58,499 INFO    : 211.103.220.74 - - [10/Apr/2018 11:30:58] "GET /function/view_project HTTP/1.1" 200 -
2018-04-10 11:30:58,526 INFO    : 211.103.220.74 - - [10/Apr/2018 11:30:58] "GET /function/view_project HTTP/1.1" 200 -
2018-04-10 11:30:58,552 INFO    : 211.103.220.74 - - [10/Apr/2018 11:30:58] "GET /function/view_project HTTP/1.1" 200 -
2018-04-10 11:30:58,579 INFO    : 211.103.220.74 - - [10/Apr/2018 11:30:58] "GET /function/view_project HTTP/1.1" 200 -
2018-04-10 11:30:58,607 INFO    : 211.103.220.74 - - [10/Apr/2018 11:30:58] "GET /function/view_project HTTP/1.1" 200 -
2018-04-10 11:30:58,635 INFO    : 211.103.220.74 - - [10/Apr/2018 11:30:58] "GET /function/view_project HTTP/1.1" 200 -
2018-04-10 11:30:58,664 INFO    : 211.103.220.74 - - [10/Apr/2018 11:30:58] "GET /function/view_project HTTP/1.1" 200 -
2018-04-10 11:30:58,693 INFO    : 211.103.220.74 - - [10/Apr/2018 11:30:58] "GET /function/view_project HTTP/1.1" 200 -
2018-04-10 11:30:58,720 INFO    : 211.103.220.74 - - [10/Apr/2018 11:30:58] "GET /function/view_project HTTP/1.1" 200 -
2018-04-10 11:30:58,749 INFO    : 211.103.220.74 - - [10/Apr/2018 11:30:58] "GET /function/view_project HTTP/1.1" 200 -
2018-04-10 11:30:58,776 INFO    : 211.103.220.74 - - [10/Apr/2018 11:30:58] "GET /function/view_project HTTP/1.1" 200 -
2018-04-10 11:30:58,803 INFO    : 211.103.220.74 - - [10/Apr/2018 11:30:58] "GET /function/view_project HTTP/1.1" 200 -
2018-04-10 11:30:58,830 INFO    : 211.103.220.74 - - [10/Apr/2018 11:30:58] "GET /function/view_project HTTP/1.1" 200 -
2018-04-10 11:30:58,857 INFO    : 211.103.220.74 - - [10/Apr/2018 11:30:58] "GET /function/view_project HTTP/1.1" 200 -
2018-04-10 11:30:58,884 INFO    : 211.103.220.74 - - [10/Apr/2018 11:30:58] "GET /function/view_project HTTP/1.1" 200 -
2018-04-10 11:30:58,911 INFO    : 211.103.220.74 - - [10/Apr/2018 11:30:58] "GET /function/view_project HTTP/1.1" 200 -
2018-04-10 11:30:58,939 INFO    : 211.103.220.74 - - [10/Apr/2018 11:30:58] "GET /function/view_project HTTP/1.1" 200 -
2018-04-10 11:30:58,966 INFO    : 211.103.220.74 - - [10/Apr/2018 11:30:58] "GET /function/view_project HTTP/1.1" 200 -
2018-04-10 11:30:58,993 INFO    : 211.103.220.74 - - [10/Apr/2018 11:30:58] "GET /function/view_project HTTP/1.1" 200 -
2018-04-10 11:30:59,021 INFO    : 211.103.220.74 - - [10/Apr/2018 11:30:59] "GET /function/view_project HTTP/1.1" 200 -
2018-04-10 11:30:59,048 INFO    : 211.103.220.74 - - [10/Apr/2018 11:30:59] "GET /function/view_project HTTP/1.1" 200 -
2018-04-10 11:30:59,075 INFO    : 211.103.220.74 - - [10/Apr/2018 11:30:59] "GET /function/view_project HTTP/1.1" 200 -
2018-04-10 11:30:59,103 INFO    : 211.103.220.74 - - [10/Apr/2018 11:30:59] "GET /function/view_project HTTP/1.1" 200 -
2018-04-10 11:30:59,130 INFO    : 211.103.220.74 - - [10/Apr/2018 11:30:59] "GET /function/view_project HTTP/1.1" 200 -
2018-04-10 11:30:59,158 INFO    : 211.103.220.74 - - [10/Apr/2018 11:30:59] "GET /function/view_project HTTP/1.1" 200 -
2018-04-10 11:30:59,185 INFO    : 211.103.220.74 - - [10/Apr/2018 11:30:59] "GET /function/view_project HTTP/1.1" 200 -
2018-04-10 11:30:59,306 INFO    : 211.103.220.74 - - [10/Apr/2018 11:30:59] "GET /function/view_project HTTP/1.1" 200 -
2018-04-10 11:30:59,335 INFO    : 211.103.220.74 - - [10/Apr/2018 11:30:59] "GET /function/view_project HTTP/1.1" 200 -
2018-04-10 11:30:59,362 INFO    : 211.103.220.74 - - [10/Apr/2018 11:30:59] "GET /function/view_project HTTP/1.1" 200 -
2018-04-10 11:30:59,389 INFO    : 211.103.220.74 - - [10/Apr/2018 11:30:59] "GET /function/view_project HTTP/1.1" 200 -
2018-04-10 11:30:59,417 INFO    : 211.103.220.74 - - [10/Apr/2018 11:30:59] "GET /function/view_project HTTP/1.1" 200 -
2018-04-10 11:30:59,445 INFO    : 211.103.220.74 - - [10/Apr/2018 11:30:59] "GET /function/view_project HTTP/1.1" 200 -
2018-04-10 11:30:59,474 INFO    : 211.103.220.74 - - [10/Apr/2018 11:30:59] "GET /function/view_project HTTP/1.1" 200 -
2018-04-10 11:30:59,506 INFO    : 211.103.220.74 - - [10/Apr/2018 11:30:59] "GET /function/view_project HTTP/1.1" 200 -
2018-04-10 11:30:59,534 INFO    : 211.103.220.74 - - [10/Apr/2018 11:30:59] "GET /function/view_project HTTP/1.1" 200 -
2018-04-10 11:30:59,562 INFO    : 211.103.220.74 - - [10/Apr/2018 11:30:59] "GET /function/view_project HTTP/1.1" 200 -
2018-04-10 11:30:59,589 INFO    : 211.103.220.74 - - [10/Apr/2018 11:30:59] "GET /function/view_project HTTP/1.1" 200 -
2018-04-10 11:30:59,617 INFO    : 211.103.220.74 - - [10/Apr/2018 11:30:59] "GET /function/view_project HTTP/1.1" 200 -
2018-04-10 11:30:59,645 INFO    : 211.103.220.74 - - [10/Apr/2018 11:30:59] "GET /function/view_project HTTP/1.1" 200 -
2018-04-10 11:30:59,674 INFO    : 211.103.220.74 - - [10/Apr/2018 11:30:59] "GET /function/view_project HTTP/1.1" 200 -
2018-04-10 11:30:59,701 INFO    : 211.103.220.74 - - [10/Apr/2018 11:30:59] "GET /function/view_project HTTP/1.1" 200 -
2018-04-10 11:30:59,729 INFO    : 211.103.220.74 - - [10/Apr/2018 11:30:59] "GET /function/view_project HTTP/1.1" 200 -
2018-04-10 11:30:59,757 INFO    : 211.103.220.74 - - [10/Apr/2018 11:30:59] "GET /function/view_project HTTP/1.1" 200 -
2018-04-10 11:30:59,785 INFO    : 211.103.220.74 - - [10/Apr/2018 11:30:59] "GET /function/view_project HTTP/1.1" 200 -
2018-04-10 11:30:59,814 INFO    : 211.103.220.74 - - [10/Apr/2018 11:30:59] "GET /function/view_project HTTP/1.1" 200 -
2018-04-10 11:30:59,843 INFO    : 211.103.220.74 - - [10/Apr/2018 11:30:59] "GET /function/view_project HTTP/1.1" 200 -
2018-04-10 11:30:59,872 INFO    : 211.103.220.74 - - [10/Apr/2018 11:30:59] "GET /function/view_project HTTP/1.1" 200 -
2018-04-10 11:30:59,900 INFO    : 211.103.220.74 - - [10/Apr/2018 11:30:59] "GET /function/view_project HTTP/1.1" 200 -
2018-04-10 11:30:59,929 INFO    : 211.103.220.74 - - [10/Apr/2018 11:30:59] "GET /function/view_project HTTP/1.1" 200 -
2018-04-10 11:30:59,958 INFO    : 211.103.220.74 - - [10/Apr/2018 11:30:59] "GET /function/view_project HTTP/1.1" 200 -
2018-04-10 11:30:59,987 INFO    : 211.103.220.74 - - [10/Apr/2018 11:30:59] "GET /function/view_project HTTP/1.1" 200 -
2018-04-10 11:31:00,016 INFO    : 211.103.220.74 - - [10/Apr/2018 11:31:00] "GET /function/view_project HTTP/1.1" 200 -
2018-04-10 11:31:00,045 INFO    : 211.103.220.74 - - [10/Apr/2018 11:31:00] "GET /function/view_project HTTP/1.1" 200 -
2018-04-10 11:31:00,073 INFO    : 211.103.220.74 - - [10/Apr/2018 11:31:00] "GET /function/view_project HTTP/1.1" 200 -
2018-04-10 11:31:00,101 INFO    : 211.103.220.74 - - [10/Apr/2018 11:31:00] "GET /function/view_project HTTP/1.1" 200 -
2018-04-10 11:31:00,129 INFO    : 211.103.220.74 - - [10/Apr/2018 11:31:00] "GET /function/view_project HTTP/1.1" 200 -
2018-04-10 11:31:00,158 INFO    : 211.103.220.74 - - [10/Apr/2018 11:31:00] "GET /function/view_project HTTP/1.1" 200 -
2018-04-10 11:31:44,533 INFO    : 211.103.220.74 - - [10/Apr/2018 11:31:44] "GET /function/view_project HTTP/1.1" 200 -
2018-04-10 11:31:44,564 INFO    : 211.103.220.74 - - [10/Apr/2018 11:31:44] "GET /function/view_project HTTP/1.1" 200 -
2018-04-10 11:31:44,593 INFO    : 211.103.220.74 - - [10/Apr/2018 11:31:44] "GET /function/view_project HTTP/1.1" 200 -
2018-04-10 11:31:44,621 INFO    : 211.103.220.74 - - [10/Apr/2018 11:31:44] "GET /function/view_project HTTP/1.1" 200 -
2018-04-10 11:31:44,650 INFO    : 211.103.220.74 - - [10/Apr/2018 11:31:44] "GET /function/view_project HTTP/1.1" 200 -
2018-04-10 11:31:44,679 INFO    : 211.103.220.74 - - [10/Apr/2018 11:31:44] "GET /function/view_project HTTP/1.1" 200 -
2018-04-10 11:31:44,709 INFO    : 211.103.220.74 - - [10/Apr/2018 11:31:44] "GET /function/view_project HTTP/1.1" 200 -
2018-04-10 11:31:44,738 INFO    : 211.103.220.74 - - [10/Apr/2018 11:31:44] "GET /function/view_project HTTP/1.1" 200 -
2018-04-10 11:31:44,768 INFO    : 211.103.220.74 - - [10/Apr/2018 11:31:44] "GET /function/view_project HTTP/1.1" 200 -
2018-04-10 11:31:44,795 INFO    : 211.103.220.74 - - [10/Apr/2018 11:31:44] "GET /function/view_project HTTP/1.1" 200 -
2018-04-10 11:31:44,823 INFO    : 211.103.220.74 - - [10/Apr/2018 11:31:44] "GET /function/view_project HTTP/1.1" 200 -
2018-04-10 11:31:44,851 INFO    : 211.103.220.74 - - [10/Apr/2018 11:31:44] "GET /function/view_project HTTP/1.1" 200 -
2018-04-10 11:31:44,879 INFO    : 211.103.220.74 - - [10/Apr/2018 11:31:44] "GET /function/view_project HTTP/1.1" 200 -
2018-04-10 11:31:44,906 INFO    : 211.103.220.74 - - [10/Apr/2018 11:31:44] "GET /function/view_project HTTP/1.1" 200 -
2018-04-10 11:31:44,933 INFO    : 211.103.220.74 - - [10/Apr/2018 11:31:44] "GET /function/view_project HTTP/1.1" 200 -
2018-04-10 11:31:44,960 INFO    : 211.103.220.74 - - [10/Apr/2018 11:31:44] "GET /function/view_project HTTP/1.1" 200 -
2018-04-10 11:31:44,987 INFO    : 211.103.220.74 - - [10/Apr/2018 11:31:44] "GET /function/view_project HTTP/1.1" 200 -
2018-04-10 11:31:45,016 INFO    : 211.103.220.74 - - [10/Apr/2018 11:31:45] "GET /function/view_project HTTP/1.1" 200 -
2018-04-10 11:31:45,044 INFO    : 211.103.220.74 - - [10/Apr/2018 11:31:45] "GET /function/view_project HTTP/1.1" 200 -
2018-04-10 11:31:45,071 INFO    : 211.103.220.74 - - [10/Apr/2018 11:31:45] "GET /function/view_project HTTP/1.1" 200 -
2018-04-10 11:31:45,099 INFO    : 211.103.220.74 - - [10/Apr/2018 11:31:45] "GET /function/view_project HTTP/1.1" 200 -
2018-04-10 11:31:45,127 INFO    : 211.103.220.74 - - [10/Apr/2018 11:31:45] "GET /function/view_project HTTP/1.1" 200 -
2018-04-10 11:31:45,156 INFO    : 211.103.220.74 - - [10/Apr/2018 11:31:45] "GET /function/view_project HTTP/1.1" 200 -
2018-04-10 11:31:45,184 INFO    : 211.103.220.74 - - [10/Apr/2018 11:31:45] "GET /function/view_project HTTP/1.1" 200 -
2018-04-10 11:31:45,211 INFO    : 211.103.220.74 - - [10/Apr/2018 11:31:45] "GET /function/view_project HTTP/1.1" 200 -
2018-04-10 11:31:45,238 INFO    : 211.103.220.74 - - [10/Apr/2018 11:31:45] "GET /function/view_project HTTP/1.1" 200 -
2018-04-10 11:31:45,267 INFO    : 211.103.220.74 - - [10/Apr/2018 11:31:45] "GET /function/view_project HTTP/1.1" 200 -
2018-04-10 11:31:45,294 INFO    : 211.103.220.74 - - [10/Apr/2018 11:31:45] "GET /function/view_project HTTP/1.1" 200 -
2018-04-10 11:31:45,322 INFO    : 211.103.220.74 - - [10/Apr/2018 11:31:45] "GET /function/view_project HTTP/1.1" 200 -
2018-04-10 11:31:45,350 INFO    : 211.103.220.74 - - [10/Apr/2018 11:31:45] "GET /function/view_project HTTP/1.1" 200 -
2018-04-10 11:31:45,378 INFO    : 211.103.220.74 - - [10/Apr/2018 11:31:45] "GET /function/view_project HTTP/1.1" 200 -
2018-04-10 11:31:45,405 INFO    : 211.103.220.74 - - [10/Apr/2018 11:31:45] "GET /function/view_project HTTP/1.1" 200 -
2018-04-10 11:31:45,432 INFO    : 211.103.220.74 - - [10/Apr/2018 11:31:45] "GET /function/view_project HTTP/1.1" 200 -
2018-04-10 11:31:45,462 INFO    : 211.103.220.74 - - [10/Apr/2018 11:31:45] "GET /function/view_project HTTP/1.1" 200 -
2018-04-10 11:31:45,491 INFO    : 211.103.220.74 - - [10/Apr/2018 11:31:45] "GET /function/view_project HTTP/1.1" 200 -
2018-04-10 11:31:45,523 INFO    : 211.103.220.74 - - [10/Apr/2018 11:31:45] "GET /function/view_project HTTP/1.1" 200 -
2018-04-10 11:31:45,552 INFO    : 211.103.220.74 - - [10/Apr/2018 11:31:45] "GET /function/view_project HTTP/1.1" 200 -
2018-04-10 11:31:45,579 INFO    : 211.103.220.74 - - [10/Apr/2018 11:31:45] "GET /function/view_project HTTP/1.1" 200 -
2018-04-10 11:31:45,607 INFO    : 211.103.220.74 - - [10/Apr/2018 11:31:45] "GET /function/view_project HTTP/1.1" 200 -
2018-04-10 11:31:45,635 INFO    : 211.103.220.74 - - [10/Apr/2018 11:31:45] "GET /function/view_project HTTP/1.1" 200 -
2018-04-10 11:31:45,664 INFO    : 211.103.220.74 - - [10/Apr/2018 11:31:45] "GET /function/view_project HTTP/1.1" 200 -
2018-04-10 11:31:45,694 INFO    : 211.103.220.74 - - [10/Apr/2018 11:31:45] "GET /function/view_project HTTP/1.1" 200 -
2018-04-10 11:31:45,724 INFO    : 211.103.220.74 - - [10/Apr/2018 11:31:45] "GET /function/view_project HTTP/1.1" 200 -
2018-04-10 11:31:45,752 INFO    : 211.103.220.74 - - [10/Apr/2018 11:31:45] "GET /function/view_project HTTP/1.1" 200 -
2018-04-10 11:31:45,780 INFO    : 211.103.220.74 - - [10/Apr/2018 11:31:45] "GET /function/view_project HTTP/1.1" 200 -
2018-04-10 11:31:45,809 INFO    : 211.103.220.74 - - [10/Apr/2018 11:31:45] "GET /function/view_project HTTP/1.1" 200 -
2018-04-10 11:31:45,836 INFO    : 211.103.220.74 - - [10/Apr/2018 11:31:45] "GET /function/view_project HTTP/1.1" 200 -
2018-04-10 11:31:45,863 INFO    : 211.103.220.74 - - [10/Apr/2018 11:31:45] "GET /function/view_project HTTP/1.1" 200 -
2018-04-10 11:31:45,892 INFO    : 211.103.220.74 - - [10/Apr/2018 11:31:45] "GET /function/view_project HTTP/1.1" 200 -
2018-04-10 11:31:45,919 INFO    : 211.103.220.74 - - [10/Apr/2018 11:31:45] "GET /function/view_project HTTP/1.1" 200 -
2018-04-10 11:31:45,947 INFO    : 211.103.220.74 - - [10/Apr/2018 11:31:45] "GET /function/view_project HTTP/1.1" 200 -
2018-04-10 11:31:45,974 INFO    : 211.103.220.74 - - [10/Apr/2018 11:31:45] "GET /function/view_project HTTP/1.1" 200 -
2018-04-10 11:31:46,001 INFO    : 211.103.220.74 - - [10/Apr/2018 11:31:46] "GET /function/view_project HTTP/1.1" 200 -
2018-04-10 11:31:46,029 INFO    : 211.103.220.74 - - [10/Apr/2018 11:31:46] "GET /function/view_project HTTP/1.1" 200 -
2018-04-10 11:31:46,057 INFO    : 211.103.220.74 - - [10/Apr/2018 11:31:46] "GET /function/view_project HTTP/1.1" 200 -
2018-04-10 11:31:46,085 INFO    : 211.103.220.74 - - [10/Apr/2018 11:31:46] "GET /function/view_project HTTP/1.1" 200 -
2018-04-10 11:31:46,112 INFO    : 211.103.220.74 - - [10/Apr/2018 11:31:46] "GET /function/view_project HTTP/1.1" 200 -
2018-04-10 11:31:46,140 INFO    : 211.103.220.74 - - [10/Apr/2018 11:31:46] "GET /function/view_project HTTP/1.1" 200 -
2018-04-10 11:31:46,169 INFO    : 211.103.220.74 - - [10/Apr/2018 11:31:46] "GET /function/view_project HTTP/1.1" 200 -
2018-04-10 11:31:46,197 INFO    : 211.103.220.74 - - [10/Apr/2018 11:31:46] "GET /function/view_project HTTP/1.1" 200 -
2018-04-10 11:31:46,226 INFO    : 211.103.220.74 - - [10/Apr/2018 11:31:46] "GET /function/view_project HTTP/1.1" 200 -
2018-04-10 11:31:46,257 INFO    : 211.103.220.74 - - [10/Apr/2018 11:31:46] "GET /function/view_project HTTP/1.1" 200 -
2018-04-10 11:31:46,287 INFO    : 211.103.220.74 - - [10/Apr/2018 11:31:46] "GET /function/view_project HTTP/1.1" 200 -
2018-04-10 11:31:46,315 INFO    : 211.103.220.74 - - [10/Apr/2018 11:31:46] "GET /function/view_project HTTP/1.1" 200 -
2018-04-10 11:31:46,343 INFO    : 211.103.220.74 - - [10/Apr/2018 11:31:46] "GET /function/view_project HTTP/1.1" 200 -
2018-04-10 11:31:46,370 INFO    : 211.103.220.74 - - [10/Apr/2018 11:31:46] "GET /function/view_project HTTP/1.1" 200 -
2018-04-10 11:31:46,399 INFO    : 211.103.220.74 - - [10/Apr/2018 11:31:46] "GET /function/view_project HTTP/1.1" 200 -
2018-04-10 11:31:46,434 INFO    : 211.103.220.74 - - [10/Apr/2018 11:31:46] "GET /function/view_project HTTP/1.1" 200 -
2018-04-10 11:31:46,465 INFO    : 211.103.220.74 - - [10/Apr/2018 11:31:46] "GET /function/view_project HTTP/1.1" 200 -
2018-04-10 11:31:46,493 INFO    : 211.103.220.74 - - [10/Apr/2018 11:31:46] "GET /function/view_project HTTP/1.1" 200 -
2018-04-10 11:31:46,521 INFO    : 211.103.220.74 - - [10/Apr/2018 11:31:46] "GET /function/view_project HTTP/1.1" 200 -
2018-04-10 11:31:46,549 INFO    : 211.103.220.74 - - [10/Apr/2018 11:31:46] "GET /function/view_project HTTP/1.1" 200 -
2018-04-10 11:31:46,577 INFO    : 211.103.220.74 - - [10/Apr/2018 11:31:46] "GET /function/view_project HTTP/1.1" 200 -
2018-04-10 11:31:46,605 INFO    : 211.103.220.74 - - [10/Apr/2018 11:31:46] "GET /function/view_project HTTP/1.1" 200 -
2018-04-10 11:31:46,634 INFO    : 211.103.220.74 - - [10/Apr/2018 11:31:46] "GET /function/view_project HTTP/1.1" 200 -
2018-04-10 11:31:46,662 INFO    : 211.103.220.74 - - [10/Apr/2018 11:31:46] "GET /function/view_project HTTP/1.1" 200 -
2018-04-10 11:31:46,691 INFO    : 211.103.220.74 - - [10/Apr/2018 11:31:46] "GET /function/view_project HTTP/1.1" 200 -
2018-04-10 11:31:46,722 INFO    : 211.103.220.74 - - [10/Apr/2018 11:31:46] "GET /function/view_project HTTP/1.1" 200 -
2018-04-10 11:31:46,752 INFO    : 211.103.220.74 - - [10/Apr/2018 11:31:46] "GET /function/view_project HTTP/1.1" 200 -
2018-04-10 11:31:46,782 INFO    : 211.103.220.74 - - [10/Apr/2018 11:31:46] "GET /function/view_project HTTP/1.1" 200 -
2018-04-10 11:31:46,810 INFO    : 211.103.220.74 - - [10/Apr/2018 11:31:46] "GET /function/view_project HTTP/1.1" 200 -
2018-04-10 11:31:46,838 INFO    : 211.103.220.74 - - [10/Apr/2018 11:31:46] "GET /function/view_project HTTP/1.1" 200 -
2018-04-10 11:31:46,866 INFO    : 211.103.220.74 - - [10/Apr/2018 11:31:46] "GET /function/view_project HTTP/1.1" 200 -
2018-04-10 11:31:46,895 INFO    : 211.103.220.74 - - [10/Apr/2018 11:31:46] "GET /function/view_project HTTP/1.1" 200 -
2018-04-10 11:31:46,923 INFO    : 211.103.220.74 - - [10/Apr/2018 11:31:46] "GET /function/view_project HTTP/1.1" 200 -
2018-04-10 11:31:46,950 INFO    : 211.103.220.74 - - [10/Apr/2018 11:31:46] "GET /function/view_project HTTP/1.1" 200 -
2018-04-10 11:31:46,977 INFO    : 211.103.220.74 - - [10/Apr/2018 11:31:46] "GET /function/view_project HTTP/1.1" 200 -
2018-04-10 11:31:47,004 INFO    : 211.103.220.74 - - [10/Apr/2018 11:31:47] "GET /function/view_project HTTP/1.1" 200 -
2018-04-10 11:31:47,032 INFO    : 211.103.220.74 - - [10/Apr/2018 11:31:47] "GET /function/view_project HTTP/1.1" 200 -
2018-04-10 11:31:47,059 INFO    : 211.103.220.74 - - [10/Apr/2018 11:31:47] "GET /function/view_project HTTP/1.1" 200 -
2018-04-10 11:31:47,086 INFO    : 211.103.220.74 - - [10/Apr/2018 11:31:47] "GET /function/view_project HTTP/1.1" 200 -
2018-04-10 11:31:47,114 INFO    : 211.103.220.74 - - [10/Apr/2018 11:31:47] "GET /function/view_project HTTP/1.1" 200 -
2018-04-10 11:31:47,141 INFO    : 211.103.220.74 - - [10/Apr/2018 11:31:47] "GET /function/view_project HTTP/1.1" 200 -
2018-04-10 11:31:47,169 INFO    : 211.103.220.74 - - [10/Apr/2018 11:31:47] "GET /function/view_project HTTP/1.1" 200 -
2018-04-10 11:31:47,198 INFO    : 211.103.220.74 - - [10/Apr/2018 11:31:47] "GET /function/view_project HTTP/1.1" 200 -
2018-04-10 11:31:47,225 INFO    : 211.103.220.74 - - [10/Apr/2018 11:31:47] "GET /function/view_project HTTP/1.1" 200 -
2018-04-10 11:31:47,253 INFO    : 211.103.220.74 - - [10/Apr/2018 11:31:47] "GET /function/view_project HTTP/1.1" 200 -
2018-04-10 11:31:47,282 INFO    : 211.103.220.74 - - [10/Apr/2018 11:31:47] "GET /function/view_project HTTP/1.1" 200 -
2018-04-10 11:31:47,311 INFO    : 211.103.220.74 - - [10/Apr/2018 11:31:47] "GET /function/view_project HTTP/1.1" 200 -
2018-04-10 11:31:47,339 INFO    : 211.103.220.74 - - [10/Apr/2018 11:31:47] "GET /function/view_project HTTP/1.1" 200 -
2018-04-10 11:31:47,366 INFO    : 211.103.220.74 - - [10/Apr/2018 11:31:47] "GET /function/view_project HTTP/1.1" 200 -
2018-04-10 11:31:47,393 INFO    : 211.103.220.74 - - [10/Apr/2018 11:31:47] "GET /function/view_project HTTP/1.1" 200 -
2018-04-10 11:31:47,420 INFO    : 211.103.220.74 - - [10/Apr/2018 11:31:47] "GET /function/view_project HTTP/1.1" 200 -
2018-04-10 11:31:47,449 INFO    : 211.103.220.74 - - [10/Apr/2018 11:31:47] "GET /function/view_project HTTP/1.1" 200 -
2018-04-10 11:31:47,476 INFO    : 211.103.220.74 - - [10/Apr/2018 11:31:47] "GET /function/view_project HTTP/1.1" 200 -
2018-04-10 11:31:47,506 INFO    : 211.103.220.74 - - [10/Apr/2018 11:31:47] "GET /function/view_project HTTP/1.1" 200 -
2018-04-10 11:31:47,535 INFO    : 211.103.220.74 - - [10/Apr/2018 11:31:47] "GET /function/view_project HTTP/1.1" 200 -
2018-04-10 11:31:47,564 INFO    : 211.103.220.74 - - [10/Apr/2018 11:31:47] "GET /function/view_project HTTP/1.1" 200 -
2018-04-10 11:31:47,592 INFO    : 211.103.220.74 - - [10/Apr/2018 11:31:47] "GET /function/view_project HTTP/1.1" 200 -
2018-04-10 11:31:47,621 INFO    : 211.103.220.74 - - [10/Apr/2018 11:31:47] "GET /function/view_project HTTP/1.1" 200 -
2018-04-10 11:31:47,649 INFO    : 211.103.220.74 - - [10/Apr/2018 11:31:47] "GET /function/view_project HTTP/1.1" 200 -
2018-04-10 11:31:47,677 INFO    : 211.103.220.74 - - [10/Apr/2018 11:31:47] "GET /function/view_project HTTP/1.1" 200 -
2018-04-10 11:31:47,708 INFO    : 211.103.220.74 - - [10/Apr/2018 11:31:47] "GET /function/view_project HTTP/1.1" 200 -
2018-04-10 11:31:47,737 INFO    : 211.103.220.74 - - [10/Apr/2018 11:31:47] "GET /function/view_project HTTP/1.1" 200 -
2018-04-10 11:31:47,766 INFO    : 211.103.220.74 - - [10/Apr/2018 11:31:47] "GET /function/view_project HTTP/1.1" 200 -
2018-04-10 11:31:47,795 INFO    : 211.103.220.74 - - [10/Apr/2018 11:31:47] "GET /function/view_project HTTP/1.1" 200 -
2018-04-10 11:31:47,824 INFO    : 211.103.220.74 - - [10/Apr/2018 11:31:47] "GET /function/view_project HTTP/1.1" 200 -
2018-04-10 11:31:47,852 INFO    : 211.103.220.74 - - [10/Apr/2018 11:31:47] "GET /function/view_project HTTP/1.1" 200 -
2018-04-10 11:31:47,879 INFO    : 211.103.220.74 - - [10/Apr/2018 11:31:47] "GET /function/view_project HTTP/1.1" 200 -
2018-04-10 11:31:47,907 INFO    : 211.103.220.74 - - [10/Apr/2018 11:31:47] "GET /function/view_project HTTP/1.1" 200 -
2018-04-10 11:31:47,935 INFO    : 211.103.220.74 - - [10/Apr/2018 11:31:47] "GET /function/view_project HTTP/1.1" 200 -
2018-04-10 11:31:47,962 INFO    : 211.103.220.74 - - [10/Apr/2018 11:31:47] "GET /function/view_project HTTP/1.1" 200 -
2018-04-10 11:31:47,989 INFO    : 211.103.220.74 - - [10/Apr/2018 11:31:47] "GET /function/view_project HTTP/1.1" 200 -
2018-04-10 11:31:48,016 INFO    : 211.103.220.74 - - [10/Apr/2018 11:31:48] "GET /function/view_project HTTP/1.1" 200 -
2018-04-10 11:31:48,043 INFO    : 211.103.220.74 - - [10/Apr/2018 11:31:48] "GET /function/view_project HTTP/1.1" 200 -
2018-04-10 11:31:48,071 INFO    : 211.103.220.74 - - [10/Apr/2018 11:31:48] "GET /function/view_project HTTP/1.1" 200 -
2018-04-10 11:31:48,099 INFO    : 211.103.220.74 - - [10/Apr/2018 11:31:48] "GET /function/view_project HTTP/1.1" 200 -
2018-04-10 11:31:48,126 INFO    : 211.103.220.74 - - [10/Apr/2018 11:31:48] "GET /function/view_project HTTP/1.1" 200 -
2018-04-10 11:31:48,153 INFO    : 211.103.220.74 - - [10/Apr/2018 11:31:48] "GET /function/view_project HTTP/1.1" 200 -
2018-04-10 11:31:48,181 INFO    : 211.103.220.74 - - [10/Apr/2018 11:31:48] "GET /function/view_project HTTP/1.1" 200 -
2018-04-10 11:31:48,209 INFO    : 211.103.220.74 - - [10/Apr/2018 11:31:48] "GET /function/view_project HTTP/1.1" 200 -
2018-04-10 11:31:48,237 INFO    : 211.103.220.74 - - [10/Apr/2018 11:31:48] "GET /function/view_project HTTP/1.1" 200 -
2018-04-10 11:31:48,264 INFO    : 211.103.220.74 - - [10/Apr/2018 11:31:48] "GET /function/view_project HTTP/1.1" 200 -
2018-04-10 11:31:48,291 INFO    : 211.103.220.74 - - [10/Apr/2018 11:31:48] "GET /function/view_project HTTP/1.1" 200 -
2018-04-10 11:31:48,320 INFO    : 211.103.220.74 - - [10/Apr/2018 11:31:48] "GET /function/view_project HTTP/1.1" 200 -
2018-04-10 11:31:48,348 INFO    : 211.103.220.74 - - [10/Apr/2018 11:31:48] "GET /function/view_project HTTP/1.1" 200 -
2018-04-10 11:31:48,375 INFO    : 211.103.220.74 - - [10/Apr/2018 11:31:48] "GET /function/view_project HTTP/1.1" 200 -
2018-04-10 11:31:48,402 INFO    : 211.103.220.74 - - [10/Apr/2018 11:31:48] "GET /function/view_project HTTP/1.1" 200 -
2018-04-10 11:31:48,429 INFO    : 211.103.220.74 - - [10/Apr/2018 11:31:48] "GET /function/view_project HTTP/1.1" 200 -
2018-04-10 11:31:48,456 INFO    : 211.103.220.74 - - [10/Apr/2018 11:31:48] "GET /function/view_project HTTP/1.1" 200 -
2018-04-10 11:31:48,484 INFO    : 211.103.220.74 - - [10/Apr/2018 11:31:48] "GET /function/view_project HTTP/1.1" 200 -
2018-04-10 11:31:48,512 INFO    : 211.103.220.74 - - [10/Apr/2018 11:31:48] "GET /function/view_project HTTP/1.1" 200 -
2018-04-10 11:31:48,539 INFO    : 211.103.220.74 - - [10/Apr/2018 11:31:48] "GET /function/view_project HTTP/1.1" 200 -
2018-04-10 11:31:48,567 INFO    : 211.103.220.74 - - [10/Apr/2018 11:31:48] "GET /function/view_project HTTP/1.1" 200 -
2018-04-10 11:31:48,595 INFO    : 211.103.220.74 - - [10/Apr/2018 11:31:48] "GET /function/view_project HTTP/1.1" 200 -
2018-04-10 11:31:48,623 INFO    : 211.103.220.74 - - [10/Apr/2018 11:31:48] "GET /function/view_project HTTP/1.1" 200 -
2018-04-10 11:31:48,652 INFO    : 211.103.220.74 - - [10/Apr/2018 11:31:48] "GET /function/view_project HTTP/1.1" 200 -
2018-04-10 11:31:48,681 INFO    : 211.103.220.74 - - [10/Apr/2018 11:31:48] "GET /function/view_project HTTP/1.1" 200 -
2018-04-10 11:31:48,711 INFO    : 211.103.220.74 - - [10/Apr/2018 11:31:48] "GET /function/view_project HTTP/1.1" 200 -
2018-04-10 11:31:48,739 INFO    : 211.103.220.74 - - [10/Apr/2018 11:31:48] "GET /function/view_project HTTP/1.1" 200 -
2018-04-10 11:31:48,767 INFO    : 211.103.220.74 - - [10/Apr/2018 11:31:48] "GET /function/view_project HTTP/1.1" 200 -
2018-04-10 11:31:48,794 INFO    : 211.103.220.74 - - [10/Apr/2018 11:31:48] "GET /function/view_project HTTP/1.1" 200 -
2018-04-10 11:31:48,822 INFO    : 211.103.220.74 - - [10/Apr/2018 11:31:48] "GET /function/view_project HTTP/1.1" 200 -
2018-04-10 11:31:48,852 INFO    : 211.103.220.74 - - [10/Apr/2018 11:31:48] "GET /function/view_project HTTP/1.1" 200 -
2018-04-10 11:31:48,880 INFO    : 211.103.220.74 - - [10/Apr/2018 11:31:48] "GET /function/view_project HTTP/1.1" 200 -
2018-04-10 11:31:48,908 INFO    : 211.103.220.74 - - [10/Apr/2018 11:31:48] "GET /function/view_project HTTP/1.1" 200 -
2018-04-10 11:31:48,936 INFO    : 211.103.220.74 - - [10/Apr/2018 11:31:48] "GET /function/view_project HTTP/1.1" 200 -
2018-04-10 11:31:48,964 INFO    : 211.103.220.74 - - [10/Apr/2018 11:31:48] "GET /function/view_project HTTP/1.1" 200 -
2018-04-10 11:31:48,991 INFO    : 211.103.220.74 - - [10/Apr/2018 11:31:48] "GET /function/view_project HTTP/1.1" 200 -
2018-04-10 11:31:49,019 INFO    : 211.103.220.74 - - [10/Apr/2018 11:31:49] "GET /function/view_project HTTP/1.1" 200 -
2018-04-10 11:31:49,046 INFO    : 211.103.220.74 - - [10/Apr/2018 11:31:49] "GET /function/view_project HTTP/1.1" 200 -
2018-04-10 11:31:49,074 INFO    : 211.103.220.74 - - [10/Apr/2018 11:31:49] "GET /function/view_project HTTP/1.1" 200 -
2018-04-10 11:31:49,102 INFO    : 211.103.220.74 - - [10/Apr/2018 11:31:49] "GET /function/view_project HTTP/1.1" 200 -
2018-04-10 11:31:49,131 INFO    : 211.103.220.74 - - [10/Apr/2018 11:31:49] "GET /function/view_project HTTP/1.1" 200 -
2018-04-10 11:31:49,161 INFO    : 211.103.220.74 - - [10/Apr/2018 11:31:49] "GET /function/view_project HTTP/1.1" 200 -
2018-04-10 11:31:49,191 INFO    : 211.103.220.74 - - [10/Apr/2018 11:31:49] "GET /function/view_project HTTP/1.1" 200 -
2018-04-10 11:31:49,220 INFO    : 211.103.220.74 - - [10/Apr/2018 11:31:49] "GET /function/view_project HTTP/1.1" 200 -
2018-04-10 11:31:49,249 INFO    : 211.103.220.74 - - [10/Apr/2018 11:31:49] "GET /function/view_project HTTP/1.1" 200 -
2018-04-10 11:31:49,278 INFO    : 211.103.220.74 - - [10/Apr/2018 11:31:49] "GET /function/view_project HTTP/1.1" 200 -
2018-04-10 11:31:49,306 INFO    : 211.103.220.74 - - [10/Apr/2018 11:31:49] "GET /function/view_project HTTP/1.1" 200 -
2018-04-10 11:31:49,334 INFO    : 211.103.220.74 - - [10/Apr/2018 11:31:49] "GET /function/view_project HTTP/1.1" 200 -
2018-04-10 11:31:49,362 INFO    : 211.103.220.74 - - [10/Apr/2018 11:31:49] "GET /function/view_project HTTP/1.1" 200 -
2018-04-10 11:31:49,391 INFO    : 211.103.220.74 - - [10/Apr/2018 11:31:49] "GET /function/view_project HTTP/1.1" 200 -
2018-04-10 11:31:49,418 INFO    : 211.103.220.74 - - [10/Apr/2018 11:31:49] "GET /function/view_project HTTP/1.1" 200 -
2018-04-10 11:31:49,445 INFO    : 211.103.220.74 - - [10/Apr/2018 11:31:49] "GET /function/view_project HTTP/1.1" 200 -
2018-04-10 11:31:49,472 INFO    : 211.103.220.74 - - [10/Apr/2018 11:31:49] "GET /function/view_project HTTP/1.1" 200 -
2018-04-10 11:31:49,500 INFO    : 211.103.220.74 - - [10/Apr/2018 11:31:49] "GET /function/view_project HTTP/1.1" 200 -
2018-04-10 11:31:49,527 INFO    : 211.103.220.74 - - [10/Apr/2018 11:31:49] "GET /function/view_project HTTP/1.1" 200 -
2018-04-10 11:31:49,555 INFO    : 211.103.220.74 - - [10/Apr/2018 11:31:49] "GET /function/view_project HTTP/1.1" 200 -
2018-04-10 11:31:49,582 INFO    : 211.103.220.74 - - [10/Apr/2018 11:31:49] "GET /function/view_project HTTP/1.1" 200 -
2018-04-10 11:31:49,611 INFO    : 211.103.220.74 - - [10/Apr/2018 11:31:49] "GET /function/view_project HTTP/1.1" 200 -
2018-04-10 11:31:49,639 INFO    : 211.103.220.74 - - [10/Apr/2018 11:31:49] "GET /function/view_project HTTP/1.1" 200 -
2018-04-10 11:31:49,668 INFO    : 211.103.220.74 - - [10/Apr/2018 11:31:49] "GET /function/view_project HTTP/1.1" 200 -
2018-04-10 11:31:49,697 INFO    : 211.103.220.74 - - [10/Apr/2018 11:31:49] "GET /function/view_project HTTP/1.1" 200 -
2018-04-10 11:31:49,726 INFO    : 211.103.220.74 - - [10/Apr/2018 11:31:49] "GET /function/view_project HTTP/1.1" 200 -
2018-04-10 11:31:49,756 INFO    : 211.103.220.74 - - [10/Apr/2018 11:31:49] "GET /function/view_project HTTP/1.1" 200 -
2018-04-10 11:31:49,785 INFO    : 211.103.220.74 - - [10/Apr/2018 11:31:49] "GET /function/view_project HTTP/1.1" 200 -
2018-04-10 11:31:50,617 INFO    : 211.103.220.74 - - [10/Apr/2018 11:31:50] "GET /function/view_project HTTP/1.1" 200 -
2018-04-10 11:31:50,645 INFO    : 211.103.220.74 - - [10/Apr/2018 11:31:50] "GET /function/view_project HTTP/1.1" 200 -
2018-04-10 11:31:50,674 INFO    : 211.103.220.74 - - [10/Apr/2018 11:31:50] "GET /function/view_project HTTP/1.1" 200 -
2018-04-10 11:31:50,703 INFO    : 211.103.220.74 - - [10/Apr/2018 11:31:50] "GET /function/view_project HTTP/1.1" 200 -
2018-04-10 11:31:50,732 INFO    : 211.103.220.74 - - [10/Apr/2018 11:31:50] "GET /function/view_project HTTP/1.1" 200 -
2018-04-10 11:31:50,762 INFO    : 211.103.220.74 - - [10/Apr/2018 11:31:50] "GET /function/view_project HTTP/1.1" 200 -
2018-04-10 11:31:50,792 INFO    : 211.103.220.74 - - [10/Apr/2018 11:31:50] "GET /function/view_project HTTP/1.1" 200 -
2018-04-10 11:31:51,122 INFO    : 211.103.220.74 - - [10/Apr/2018 11:31:51] "GET /function/view_project HTTP/1.1" 200 -
2018-04-10 11:31:51,151 INFO    : 211.103.220.74 - - [10/Apr/2018 11:31:51] "GET /function/view_project HTTP/1.1" 200 -
2018-04-10 11:31:51,179 INFO    : 211.103.220.74 - - [10/Apr/2018 11:31:51] "GET /function/view_project HTTP/1.1" 200 -
2018-04-10 11:31:51,207 INFO    : 211.103.220.74 - - [10/Apr/2018 11:31:51] "GET /function/view_project HTTP/1.1" 200 -
2018-04-10 11:31:51,234 INFO    : 211.103.220.74 - - [10/Apr/2018 11:31:51] "GET /function/view_project HTTP/1.1" 200 -
2018-04-10 11:31:51,261 INFO    : 211.103.220.74 - - [10/Apr/2018 11:31:51] "GET /function/view_project HTTP/1.1" 200 -
2018-04-10 11:32:15,979 INFO    : 211.103.220.74 - - [10/Apr/2018 11:32:15] "GET /function/view_project HTTP/1.1" 200 -
2018-04-10 11:32:16,006 INFO    : 211.103.220.74 - - [10/Apr/2018 11:32:16] "GET /function/view_project HTTP/1.1" 200 -
2018-04-10 11:32:16,034 INFO    : 211.103.220.74 - - [10/Apr/2018 11:32:16] "GET /function/view_project HTTP/1.1" 200 -
2018-04-10 11:32:16,061 INFO    : 211.103.220.74 - - [10/Apr/2018 11:32:16] "GET /function/view_project HTTP/1.1" 200 -
2018-04-10 11:32:16,088 INFO    : 211.103.220.74 - - [10/Apr/2018 11:32:16] "GET /function/view_project HTTP/1.1" 200 -
2018-04-10 11:32:16,117 INFO    : 211.103.220.74 - - [10/Apr/2018 11:32:16] "GET /function/view_project HTTP/1.1" 200 -
2018-04-10 11:32:16,146 INFO    : 211.103.220.74 - - [10/Apr/2018 11:32:16] "GET /function/view_project HTTP/1.1" 200 -
2018-04-10 11:32:16,174 INFO    : 211.103.220.74 - - [10/Apr/2018 11:32:16] "GET /function/view_project HTTP/1.1" 200 -
2018-04-10 11:32:16,202 INFO    : 211.103.220.74 - - [10/Apr/2018 11:32:16] "GET /function/view_project HTTP/1.1" 200 -
2018-04-10 11:32:16,229 INFO    : 211.103.220.74 - - [10/Apr/2018 11:32:16] "GET /function/view_project HTTP/1.1" 200 -
2018-04-10 11:32:16,257 INFO    : 211.103.220.74 - - [10/Apr/2018 11:32:16] "GET /function/view_project HTTP/1.1" 200 -
2018-04-10 11:32:16,285 INFO    : 211.103.220.74 - - [10/Apr/2018 11:32:16] "GET /function/view_project HTTP/1.1" 200 -
2018-04-10 11:32:16,313 INFO    : 211.103.220.74 - - [10/Apr/2018 11:32:16] "GET /function/view_project HTTP/1.1" 200 -
2018-04-10 11:32:16,341 INFO    : 211.103.220.74 - - [10/Apr/2018 11:32:16] "GET /function/view_project HTTP/1.1" 200 -
2018-04-10 11:32:16,368 INFO    : 211.103.220.74 - - [10/Apr/2018 11:32:16] "GET /function/view_project HTTP/1.1" 200 -
2018-04-10 11:32:16,396 INFO    : 211.103.220.74 - - [10/Apr/2018 11:32:16] "GET /function/view_project HTTP/1.1" 200 -
2018-04-10 11:32:16,423 INFO    : 211.103.220.74 - - [10/Apr/2018 11:32:16] "GET /function/view_project HTTP/1.1" 200 -
2018-04-10 11:32:16,451 INFO    : 211.103.220.74 - - [10/Apr/2018 11:32:16] "GET /function/view_project HTTP/1.1" 200 -
2018-04-10 11:32:16,479 INFO    : 211.103.220.74 - - [10/Apr/2018 11:32:16] "GET /function/view_project HTTP/1.1" 200 -
2018-04-10 11:32:16,506 INFO    : 211.103.220.74 - - [10/Apr/2018 11:32:16] "GET /function/view_project HTTP/1.1" 200 -
2018-04-10 11:32:16,534 INFO    : 211.103.220.74 - - [10/Apr/2018 11:32:16] "GET /function/view_project HTTP/1.1" 200 -
2018-04-10 11:32:16,563 INFO    : 211.103.220.74 - - [10/Apr/2018 11:32:16] "GET /function/view_project HTTP/1.1" 200 -
2018-04-10 11:32:16,593 INFO    : 211.103.220.74 - - [10/Apr/2018 11:32:16] "GET /function/view_project HTTP/1.1" 200 -
2018-04-10 11:32:16,624 INFO    : 211.103.220.74 - - [10/Apr/2018 11:32:16] "GET /function/view_project HTTP/1.1" 200 -
2018-04-10 11:32:16,652 INFO    : 211.103.220.74 - - [10/Apr/2018 11:32:16] "GET /function/view_project HTTP/1.1" 200 -
2018-04-10 11:32:16,681 INFO    : 211.103.220.74 - - [10/Apr/2018 11:32:16] "GET /function/view_project HTTP/1.1" 200 -
2018-04-10 11:32:16,710 INFO    : 211.103.220.74 - - [10/Apr/2018 11:32:16] "GET /function/view_project HTTP/1.1" 200 -
2018-04-10 11:32:16,739 INFO    : 211.103.220.74 - - [10/Apr/2018 11:32:16] "GET /function/view_project HTTP/1.1" 200 -
2018-04-10 11:32:16,767 INFO    : 211.103.220.74 - - [10/Apr/2018 11:32:16] "GET /function/view_project HTTP/1.1" 200 -
2018-04-10 11:32:16,795 INFO    : 211.103.220.74 - - [10/Apr/2018 11:32:16] "GET /function/view_project HTTP/1.1" 200 -
2018-04-10 11:32:16,822 INFO    : 211.103.220.74 - - [10/Apr/2018 11:32:16] "GET /function/view_project HTTP/1.1" 200 -
2018-04-10 11:32:16,849 INFO    : 211.103.220.74 - - [10/Apr/2018 11:32:16] "GET /function/view_project HTTP/1.1" 200 -
2018-04-10 11:32:16,878 INFO    : 211.103.220.74 - - [10/Apr/2018 11:32:16] "GET /function/view_project HTTP/1.1" 200 -
2018-04-10 11:32:16,907 INFO    : 211.103.220.74 - - [10/Apr/2018 11:32:16] "GET /function/view_project HTTP/1.1" 200 -
2018-04-10 11:32:16,938 INFO    : 211.103.220.74 - - [10/Apr/2018 11:32:16] "GET /function/view_project HTTP/1.1" 200 -
2018-04-10 11:32:16,967 INFO    : 211.103.220.74 - - [10/Apr/2018 11:32:16] "GET /function/view_project HTTP/1.1" 200 -
2018-04-10 11:32:16,995 INFO    : 211.103.220.74 - - [10/Apr/2018 11:32:16] "GET /function/view_project HTTP/1.1" 200 -
2018-04-10 11:32:17,022 INFO    : 211.103.220.74 - - [10/Apr/2018 11:32:17] "GET /function/view_project HTTP/1.1" 200 -
2018-04-10 11:32:17,049 INFO    : 211.103.220.74 - - [10/Apr/2018 11:32:17] "GET /function/view_project HTTP/1.1" 200 -
2018-04-10 11:32:17,078 INFO    : 211.103.220.74 - - [10/Apr/2018 11:32:17] "GET /function/view_project HTTP/1.1" 200 -
2018-04-10 11:32:17,105 INFO    : 211.103.220.74 - - [10/Apr/2018 11:32:17] "GET /function/view_project HTTP/1.1" 200 -
2018-04-10 11:32:17,133 INFO    : 211.103.220.74 - - [10/Apr/2018 11:32:17] "GET /function/view_project HTTP/1.1" 200 -
2018-04-10 11:32:17,160 INFO    : 211.103.220.74 - - [10/Apr/2018 11:32:17] "GET /function/view_project HTTP/1.1" 200 -
2018-04-10 11:32:17,187 INFO    : 211.103.220.74 - - [10/Apr/2018 11:32:17] "GET /function/view_project HTTP/1.1" 200 -
2018-04-10 11:32:17,214 INFO    : 211.103.220.74 - - [10/Apr/2018 11:32:17] "GET /function/view_project HTTP/1.1" 200 -
2018-04-10 11:32:17,241 INFO    : 211.103.220.74 - - [10/Apr/2018 11:32:17] "GET /function/view_project HTTP/1.1" 200 -
2018-04-10 11:32:17,269 INFO    : 211.103.220.74 - - [10/Apr/2018 11:32:17] "GET /function/view_project HTTP/1.1" 200 -
2018-04-10 11:32:17,296 INFO    : 211.103.220.74 - - [10/Apr/2018 11:32:17] "GET /function/view_project HTTP/1.1" 200 -
2018-04-10 11:32:17,324 INFO    : 211.103.220.74 - - [10/Apr/2018 11:32:17] "GET /function/view_project HTTP/1.1" 200 -
2018-04-10 11:32:17,352 INFO    : 211.103.220.74 - - [10/Apr/2018 11:32:17] "GET /function/view_project HTTP/1.1" 200 -
2018-04-10 11:32:17,379 INFO    : 211.103.220.74 - - [10/Apr/2018 11:32:17] "GET /function/view_project HTTP/1.1" 200 -
2018-04-10 11:32:17,406 INFO    : 211.103.220.74 - - [10/Apr/2018 11:32:17] "GET /function/view_project HTTP/1.1" 200 -
2018-04-10 11:32:17,433 INFO    : 211.103.220.74 - - [10/Apr/2018 11:32:17] "GET /function/view_project HTTP/1.1" 200 -
2018-04-10 11:32:17,460 INFO    : 211.103.220.74 - - [10/Apr/2018 11:32:17] "GET /function/view_project HTTP/1.1" 200 -
2018-04-10 11:32:17,489 INFO    : 211.103.220.74 - - [10/Apr/2018 11:32:17] "GET /function/view_project HTTP/1.1" 200 -
2018-04-10 11:32:17,516 INFO    : 211.103.220.74 - - [10/Apr/2018 11:32:17] "GET /function/view_project HTTP/1.1" 200 -
2018-04-10 11:32:17,543 INFO    : 211.103.220.74 - - [10/Apr/2018 11:32:17] "GET /function/view_project HTTP/1.1" 200 -
2018-04-10 11:32:17,571 INFO    : 211.103.220.74 - - [10/Apr/2018 11:32:17] "GET /function/view_project HTTP/1.1" 200 -
2018-04-10 11:32:17,600 INFO    : 211.103.220.74 - - [10/Apr/2018 11:32:17] "GET /function/view_project HTTP/1.1" 200 -
2018-04-10 11:32:17,631 INFO    : 211.103.220.74 - - [10/Apr/2018 11:32:17] "GET /function/view_project HTTP/1.1" 200 -
2018-04-10 11:32:17,661 INFO    : 211.103.220.74 - - [10/Apr/2018 11:32:17] "GET /function/view_project HTTP/1.1" 200 -
2018-04-10 11:32:17,690 INFO    : 211.103.220.74 - - [10/Apr/2018 11:32:17] "GET /function/view_project HTTP/1.1" 200 -
2018-04-10 11:32:17,720 INFO    : 211.103.220.74 - - [10/Apr/2018 11:32:17] "GET /function/view_project HTTP/1.1" 200 -
2018-04-10 11:32:17,748 INFO    : 211.103.220.74 - - [10/Apr/2018 11:32:17] "GET /function/view_project HTTP/1.1" 200 -
2018-04-10 11:32:17,776 INFO    : 211.103.220.74 - - [10/Apr/2018 11:32:17] "GET /function/view_project HTTP/1.1" 200 -
2018-04-10 11:32:17,803 INFO    : 211.103.220.74 - - [10/Apr/2018 11:32:17] "GET /function/view_project HTTP/1.1" 200 -
2018-04-10 11:32:17,833 INFO    : 211.103.220.74 - - [10/Apr/2018 11:32:17] "GET /function/view_project HTTP/1.1" 200 -
2018-04-10 11:32:17,861 INFO    : 211.103.220.74 - - [10/Apr/2018 11:32:17] "GET /function/view_project HTTP/1.1" 200 -
2018-04-10 11:32:17,889 INFO    : 211.103.220.74 - - [10/Apr/2018 11:32:17] "GET /function/view_project HTTP/1.1" 200 -
2018-04-10 11:32:17,916 INFO    : 211.103.220.74 - - [10/Apr/2018 11:32:17] "GET /function/view_project HTTP/1.1" 200 -
2018-04-10 11:32:17,944 INFO    : 211.103.220.74 - - [10/Apr/2018 11:32:17] "GET /function/view_project HTTP/1.1" 200 -
2018-04-10 11:32:17,973 INFO    : 211.103.220.74 - - [10/Apr/2018 11:32:17] "GET /function/view_project HTTP/1.1" 200 -
2018-04-10 11:32:18,001 INFO    : 211.103.220.74 - - [10/Apr/2018 11:32:18] "GET /function/view_project HTTP/1.1" 200 -
2018-04-10 11:32:18,029 INFO    : 211.103.220.74 - - [10/Apr/2018 11:32:18] "GET /function/view_project HTTP/1.1" 200 -
2018-04-10 11:32:18,057 INFO    : 211.103.220.74 - - [10/Apr/2018 11:32:18] "GET /function/view_project HTTP/1.1" 200 -
2018-04-10 11:32:18,085 INFO    : 211.103.220.74 - - [10/Apr/2018 11:32:18] "GET /function/view_project HTTP/1.1" 200 -
2018-04-10 11:32:18,113 INFO    : 211.103.220.74 - - [10/Apr/2018 11:32:18] "GET /function/view_project HTTP/1.1" 200 -
2018-04-10 11:32:18,140 INFO    : 211.103.220.74 - - [10/Apr/2018 11:32:18] "GET /function/view_project HTTP/1.1" 200 -
2018-04-10 11:32:18,167 INFO    : 211.103.220.74 - - [10/Apr/2018 11:32:18] "GET /function/view_project HTTP/1.1" 200 -
2018-04-10 11:32:18,194 INFO    : 211.103.220.74 - - [10/Apr/2018 11:32:18] "GET /function/view_project HTTP/1.1" 200 -
2018-04-10 11:32:18,222 INFO    : 211.103.220.74 - - [10/Apr/2018 11:32:18] "GET /function/view_project HTTP/1.1" 200 -
2018-04-10 11:32:18,250 INFO    : 211.103.220.74 - - [10/Apr/2018 11:32:18] "GET /function/view_project HTTP/1.1" 200 -
2018-04-10 11:32:18,278 INFO    : 211.103.220.74 - - [10/Apr/2018 11:32:18] "GET /function/view_project HTTP/1.1" 200 -
2018-04-10 11:32:18,306 INFO    : 211.103.220.74 - - [10/Apr/2018 11:32:18] "GET /function/view_project HTTP/1.1" 200 -
2018-04-10 11:32:18,334 INFO    : 211.103.220.74 - - [10/Apr/2018 11:32:18] "GET /function/view_project HTTP/1.1" 200 -
2018-04-10 11:32:18,361 INFO    : 211.103.220.74 - - [10/Apr/2018 11:32:18] "GET /function/view_project HTTP/1.1" 200 -
2018-04-10 11:32:18,389 INFO    : 211.103.220.74 - - [10/Apr/2018 11:32:18] "GET /function/view_project HTTP/1.1" 200 -
2018-04-10 11:32:18,416 INFO    : 211.103.220.74 - - [10/Apr/2018 11:32:18] "GET /function/view_project HTTP/1.1" 200 -
2018-04-10 11:32:18,444 INFO    : 211.103.220.74 - - [10/Apr/2018 11:32:18] "GET /function/view_project HTTP/1.1" 200 -
2018-04-10 11:32:18,472 INFO    : 211.103.220.74 - - [10/Apr/2018 11:32:18] "GET /function/view_project HTTP/1.1" 200 -
2018-04-10 11:32:18,499 INFO    : 211.103.220.74 - - [10/Apr/2018 11:32:18] "GET /function/view_project HTTP/1.1" 200 -
2018-04-10 11:32:18,529 INFO    : 211.103.220.74 - - [10/Apr/2018 11:32:18] "GET /function/view_project HTTP/1.1" 200 -
2018-04-10 11:32:18,557 INFO    : 211.103.220.74 - - [10/Apr/2018 11:32:18] "GET /function/view_project HTTP/1.1" 200 -
2018-04-10 11:32:18,585 INFO    : 211.103.220.74 - - [10/Apr/2018 11:32:18] "GET /function/view_project HTTP/1.1" 200 -
2018-04-10 11:32:18,614 INFO    : 211.103.220.74 - - [10/Apr/2018 11:32:18] "GET /function/view_project HTTP/1.1" 200 -
2018-04-10 11:32:18,642 INFO    : 211.103.220.74 - - [10/Apr/2018 11:32:18] "GET /function/view_project HTTP/1.1" 200 -
2018-04-10 11:32:18,671 INFO    : 211.103.220.74 - - [10/Apr/2018 11:32:18] "GET /function/view_project HTTP/1.1" 200 -
2018-04-10 11:32:18,700 INFO    : 211.103.220.74 - - [10/Apr/2018 11:32:18] "GET /function/view_project HTTP/1.1" 200 -
2018-04-10 11:32:18,730 INFO    : 211.103.220.74 - - [10/Apr/2018 11:32:18] "GET /function/view_project HTTP/1.1" 200 -
2018-04-10 11:32:18,761 INFO    : 211.103.220.74 - - [10/Apr/2018 11:32:18] "GET /function/view_project HTTP/1.1" 200 -
2018-04-10 11:32:18,790 INFO    : 211.103.220.74 - - [10/Apr/2018 11:32:18] "GET /function/view_project HTTP/1.1" 200 -
2018-04-10 11:32:18,817 INFO    : 211.103.220.74 - - [10/Apr/2018 11:32:18] "GET /function/view_project HTTP/1.1" 200 -
2018-04-10 11:32:18,847 INFO    : 211.103.220.74 - - [10/Apr/2018 11:32:18] "GET /function/view_project HTTP/1.1" 200 -
2018-04-10 11:32:18,876 INFO    : 211.103.220.74 - - [10/Apr/2018 11:32:18] "GET /function/view_project HTTP/1.1" 200 -
2018-04-10 11:32:18,904 INFO    : 211.103.220.74 - - [10/Apr/2018 11:32:18] "GET /function/view_project HTTP/1.1" 200 -
2018-04-10 11:32:18,933 INFO    : 211.103.220.74 - - [10/Apr/2018 11:32:18] "GET /function/view_project HTTP/1.1" 200 -
2018-04-10 11:32:18,960 INFO    : 211.103.220.74 - - [10/Apr/2018 11:32:18] "GET /function/view_project HTTP/1.1" 200 -
2018-04-10 11:32:18,988 INFO    : 211.103.220.74 - - [10/Apr/2018 11:32:18] "GET /function/view_project HTTP/1.1" 200 -
2018-04-10 11:32:19,016 INFO    : 211.103.220.74 - - [10/Apr/2018 11:32:19] "GET /function/view_project HTTP/1.1" 200 -
2018-04-10 11:32:19,044 INFO    : 211.103.220.74 - - [10/Apr/2018 11:32:19] "GET /function/view_project HTTP/1.1" 200 -
2018-04-10 11:32:19,072 INFO    : 211.103.220.74 - - [10/Apr/2018 11:32:19] "GET /function/view_project HTTP/1.1" 200 -
2018-04-10 11:32:19,101 INFO    : 211.103.220.74 - - [10/Apr/2018 11:32:19] "GET /function/view_project HTTP/1.1" 200 -
2018-04-10 11:32:19,128 INFO    : 211.103.220.74 - - [10/Apr/2018 11:32:19] "GET /function/view_project HTTP/1.1" 200 -
2018-04-10 11:32:19,155 INFO    : 211.103.220.74 - - [10/Apr/2018 11:32:19] "GET /function/view_project HTTP/1.1" 200 -
2018-04-10 11:32:19,182 INFO    : 211.103.220.74 - - [10/Apr/2018 11:32:19] "GET /function/view_project HTTP/1.1" 200 -
2018-04-10 11:32:19,209 INFO    : 211.103.220.74 - - [10/Apr/2018 11:32:19] "GET /function/view_project HTTP/1.1" 200 -
2018-04-10 11:32:19,238 INFO    : 211.103.220.74 - - [10/Apr/2018 11:32:19] "GET /function/view_project HTTP/1.1" 200 -
2018-04-10 11:32:19,265 INFO    : 211.103.220.74 - - [10/Apr/2018 11:32:19] "GET /function/view_project HTTP/1.1" 200 -
2018-04-10 11:32:19,293 INFO    : 211.103.220.74 - - [10/Apr/2018 11:32:19] "GET /function/view_project HTTP/1.1" 200 -
2018-04-10 11:32:19,320 INFO    : 211.103.220.74 - - [10/Apr/2018 11:32:19] "GET /function/view_project HTTP/1.1" 200 -
2018-04-10 11:32:19,348 INFO    : 211.103.220.74 - - [10/Apr/2018 11:32:19] "GET /function/view_project HTTP/1.1" 200 -
2018-04-10 11:32:19,376 INFO    : 211.103.220.74 - - [10/Apr/2018 11:32:19] "GET /function/view_project HTTP/1.1" 200 -
2018-04-10 11:32:19,403 INFO    : 211.103.220.74 - - [10/Apr/2018 11:32:19] "GET /function/view_project HTTP/1.1" 200 -
2018-04-10 11:32:19,432 INFO    : 211.103.220.74 - - [10/Apr/2018 11:32:19] "GET /function/view_project HTTP/1.1" 200 -
2018-04-10 11:32:19,461 INFO    : 211.103.220.74 - - [10/Apr/2018 11:32:19] "GET /function/view_project HTTP/1.1" 200 -
2018-04-10 11:32:19,488 INFO    : 211.103.220.74 - - [10/Apr/2018 11:32:19] "GET /function/view_project HTTP/1.1" 200 -
2018-04-10 11:32:19,515 INFO    : 211.103.220.74 - - [10/Apr/2018 11:32:19] "GET /function/view_project HTTP/1.1" 200 -
2018-04-10 11:32:19,544 INFO    : 211.103.220.74 - - [10/Apr/2018 11:32:19] "GET /function/view_project HTTP/1.1" 200 -
2018-04-10 11:32:19,572 INFO    : 211.103.220.74 - - [10/Apr/2018 11:32:19] "GET /function/view_project HTTP/1.1" 200 -
2018-04-10 11:32:19,600 INFO    : 211.103.220.74 - - [10/Apr/2018 11:32:19] "GET /function/view_project HTTP/1.1" 200 -
2018-04-10 11:32:19,628 INFO    : 211.103.220.74 - - [10/Apr/2018 11:32:19] "GET /function/view_project HTTP/1.1" 200 -
2018-04-10 11:32:19,656 INFO    : 211.103.220.74 - - [10/Apr/2018 11:32:19] "GET /function/view_project HTTP/1.1" 200 -
2018-04-10 11:32:19,684 INFO    : 211.103.220.74 - - [10/Apr/2018 11:32:19] "GET /function/view_project HTTP/1.1" 200 -
2018-04-10 11:32:19,713 INFO    : 211.103.220.74 - - [10/Apr/2018 11:32:19] "GET /function/view_project HTTP/1.1" 200 -
2018-04-10 11:32:19,744 INFO    : 211.103.220.74 - - [10/Apr/2018 11:32:19] "GET /function/view_project HTTP/1.1" 200 -
2018-04-10 11:32:19,772 INFO    : 211.103.220.74 - - [10/Apr/2018 11:32:19] "GET /function/view_project HTTP/1.1" 200 -
2018-04-10 11:32:19,801 INFO    : 211.103.220.74 - - [10/Apr/2018 11:32:19] "GET /function/view_project HTTP/1.1" 200 -
2018-04-10 11:32:19,829 INFO    : 211.103.220.74 - - [10/Apr/2018 11:32:19] "GET /function/view_project HTTP/1.1" 200 -
2018-04-10 11:32:19,857 INFO    : 211.103.220.74 - - [10/Apr/2018 11:32:19] "GET /function/view_project HTTP/1.1" 200 -
2018-04-10 11:32:19,885 INFO    : 211.103.220.74 - - [10/Apr/2018 11:32:19] "GET /function/view_project HTTP/1.1" 200 -
2018-04-10 11:32:19,912 INFO    : 211.103.220.74 - - [10/Apr/2018 11:32:19] "GET /function/view_project HTTP/1.1" 200 -
2018-04-10 11:32:19,939 INFO    : 211.103.220.74 - - [10/Apr/2018 11:32:19] "GET /function/view_project HTTP/1.1" 200 -
2018-04-10 11:32:19,966 INFO    : 211.103.220.74 - - [10/Apr/2018 11:32:19] "GET /function/view_project HTTP/1.1" 200 -
2018-04-10 11:32:19,993 INFO    : 211.103.220.74 - - [10/Apr/2018 11:32:19] "GET /function/view_project HTTP/1.1" 200 -
2018-04-10 11:32:20,020 INFO    : 211.103.220.74 - - [10/Apr/2018 11:32:20] "GET /function/view_project HTTP/1.1" 200 -
2018-04-10 11:32:20,047 INFO    : 211.103.220.74 - - [10/Apr/2018 11:32:20] "GET /function/view_project HTTP/1.1" 200 -
2018-04-10 11:32:20,073 INFO    : 211.103.220.74 - - [10/Apr/2018 11:32:20] "GET /function/view_project HTTP/1.1" 200 -
2018-04-10 11:32:20,102 INFO    : 211.103.220.74 - - [10/Apr/2018 11:32:20] "GET /function/view_project HTTP/1.1" 200 -
2018-04-10 11:32:20,130 INFO    : 211.103.220.74 - - [10/Apr/2018 11:32:20] "GET /function/view_project HTTP/1.1" 200 -
2018-04-10 11:32:20,158 INFO    : 211.103.220.74 - - [10/Apr/2018 11:32:20] "GET /function/view_project HTTP/1.1" 200 -
2018-04-10 11:32:20,185 INFO    : 211.103.220.74 - - [10/Apr/2018 11:32:20] "GET /function/view_project HTTP/1.1" 200 -
2018-04-10 11:32:20,214 INFO    : 211.103.220.74 - - [10/Apr/2018 11:32:20] "GET /function/view_project HTTP/1.1" 200 -
2018-04-10 11:32:20,242 INFO    : 211.103.220.74 - - [10/Apr/2018 11:32:20] "GET /function/view_project HTTP/1.1" 200 -
2018-04-10 11:32:20,270 INFO    : 211.103.220.74 - - [10/Apr/2018 11:32:20] "GET /function/view_project HTTP/1.1" 200 -
2018-04-10 11:32:20,299 INFO    : 211.103.220.74 - - [10/Apr/2018 11:32:20] "GET /function/view_project HTTP/1.1" 200 -
2018-04-10 11:32:20,327 INFO    : 211.103.220.74 - - [10/Apr/2018 11:32:20] "GET /function/view_project HTTP/1.1" 200 -
2018-04-10 11:32:20,354 INFO    : 211.103.220.74 - - [10/Apr/2018 11:32:20] "GET /function/view_project HTTP/1.1" 200 -
2018-04-10 11:32:20,382 INFO    : 211.103.220.74 - - [10/Apr/2018 11:32:20] "GET /function/view_project HTTP/1.1" 200 -
2018-04-10 11:32:20,410 INFO    : 211.103.220.74 - - [10/Apr/2018 11:32:20] "GET /function/view_project HTTP/1.1" 200 -
2018-04-10 11:32:20,438 INFO    : 211.103.220.74 - - [10/Apr/2018 11:32:20] "GET /function/view_project HTTP/1.1" 200 -
2018-04-10 11:32:20,465 INFO    : 211.103.220.74 - - [10/Apr/2018 11:32:20] "GET /function/view_project HTTP/1.1" 200 -
2018-04-10 11:32:20,493 INFO    : 211.103.220.74 - - [10/Apr/2018 11:32:20] "GET /function/view_project HTTP/1.1" 200 -
2018-04-10 11:32:20,520 INFO    : 211.103.220.74 - - [10/Apr/2018 11:32:20] "GET /function/view_project HTTP/1.1" 200 -
2018-04-10 11:32:20,548 INFO    : 211.103.220.74 - - [10/Apr/2018 11:32:20] "GET /function/view_project HTTP/1.1" 200 -
2018-04-10 11:32:20,575 INFO    : 211.103.220.74 - - [10/Apr/2018 11:32:20] "GET /function/view_project HTTP/1.1" 200 -
2018-04-10 11:32:20,603 INFO    : 211.103.220.74 - - [10/Apr/2018 11:32:20] "GET /function/view_project HTTP/1.1" 200 -
2018-04-10 11:32:20,632 INFO    : 211.103.220.74 - - [10/Apr/2018 11:32:20] "GET /function/view_project HTTP/1.1" 200 -
2018-04-10 11:32:20,659 INFO    : 211.103.220.74 - - [10/Apr/2018 11:32:20] "GET /function/view_project HTTP/1.1" 200 -
2018-04-10 11:32:20,689 INFO    : 211.103.220.74 - - [10/Apr/2018 11:32:20] "GET /function/view_project HTTP/1.1" 200 -
2018-04-10 11:32:20,719 INFO    : 211.103.220.74 - - [10/Apr/2018 11:32:20] "GET /function/view_project HTTP/1.1" 200 -
2018-04-10 11:32:20,746 INFO    : 211.103.220.74 - - [10/Apr/2018 11:32:20] "GET /function/view_project HTTP/1.1" 200 -
2018-04-10 11:32:20,773 INFO    : 211.103.220.74 - - [10/Apr/2018 11:32:20] "GET /function/view_project HTTP/1.1" 200 -
2018-04-10 11:32:20,801 INFO    : 211.103.220.74 - - [10/Apr/2018 11:32:20] "GET /function/view_project HTTP/1.1" 200 -
2018-04-10 11:32:20,829 INFO    : 211.103.220.74 - - [10/Apr/2018 11:32:20] "GET /function/view_project HTTP/1.1" 200 -
2018-04-10 11:32:20,859 INFO    : 211.103.220.74 - - [10/Apr/2018 11:32:20] "GET /function/view_project HTTP/1.1" 200 -
2018-04-10 11:32:20,887 INFO    : 211.103.220.74 - - [10/Apr/2018 11:32:20] "GET /function/view_project HTTP/1.1" 200 -
2018-04-10 11:32:20,915 INFO    : 211.103.220.74 - - [10/Apr/2018 11:32:20] "GET /function/view_project HTTP/1.1" 200 -
2018-04-10 11:32:20,942 INFO    : 211.103.220.74 - - [10/Apr/2018 11:32:20] "GET /function/view_project HTTP/1.1" 200 -
2018-04-10 11:32:20,970 INFO    : 211.103.220.74 - - [10/Apr/2018 11:32:20] "GET /function/view_project HTTP/1.1" 200 -
2018-04-10 11:32:20,998 INFO    : 211.103.220.74 - - [10/Apr/2018 11:32:20] "GET /function/view_project HTTP/1.1" 200 -
2018-04-10 11:32:21,025 INFO    : 211.103.220.74 - - [10/Apr/2018 11:32:21] "GET /function/view_project HTTP/1.1" 200 -
2018-04-10 11:32:21,052 INFO    : 211.103.220.74 - - [10/Apr/2018 11:32:21] "GET /function/view_project HTTP/1.1" 200 -
2018-04-10 11:32:21,080 INFO    : 211.103.220.74 - - [10/Apr/2018 11:32:21] "GET /function/view_project HTTP/1.1" 200 -
2018-04-10 11:32:21,107 INFO    : 211.103.220.74 - - [10/Apr/2018 11:32:21] "GET /function/view_project HTTP/1.1" 200 -
2018-04-10 11:32:21,134 INFO    : 211.103.220.74 - - [10/Apr/2018 11:32:21] "GET /function/view_project HTTP/1.1" 200 -
2018-04-10 11:32:21,163 INFO    : 211.103.220.74 - - [10/Apr/2018 11:32:21] "GET /function/view_project HTTP/1.1" 200 -
2018-04-10 11:32:21,190 INFO    : 211.103.220.74 - - [10/Apr/2018 11:32:21] "GET /function/view_project HTTP/1.1" 200 -
2018-04-10 11:32:21,217 INFO    : 211.103.220.74 - - [10/Apr/2018 11:32:21] "GET /function/view_project HTTP/1.1" 200 -
2018-04-10 11:32:21,245 INFO    : 211.103.220.74 - - [10/Apr/2018 11:32:21] "GET /function/view_project HTTP/1.1" 200 -
2018-04-10 11:32:21,274 INFO    : 211.103.220.74 - - [10/Apr/2018 11:32:21] "GET /function/view_project HTTP/1.1" 200 -
2018-04-10 11:32:21,301 INFO    : 211.103.220.74 - - [10/Apr/2018 11:32:21] "GET /function/view_project HTTP/1.1" 200 -
2018-04-10 11:32:21,328 INFO    : 211.103.220.74 - - [10/Apr/2018 11:32:21] "GET /function/view_project HTTP/1.1" 200 -
2018-04-10 11:32:21,355 INFO    : 211.103.220.74 - - [10/Apr/2018 11:32:21] "GET /function/view_project HTTP/1.1" 200 -
2018-04-10 11:32:21,382 INFO    : 211.103.220.74 - - [10/Apr/2018 11:32:21] "GET /function/view_project HTTP/1.1" 200 -
2018-04-10 11:32:21,410 INFO    : 211.103.220.74 - - [10/Apr/2018 11:32:21] "GET /function/view_project HTTP/1.1" 200 -
2018-04-10 11:32:21,437 INFO    : 211.103.220.74 - - [10/Apr/2018 11:32:21] "GET /function/view_project HTTP/1.1" 200 -
2018-04-10 11:32:21,464 INFO    : 211.103.220.74 - - [10/Apr/2018 11:32:21] "GET /function/view_project HTTP/1.1" 200 -
2018-04-10 11:32:21,492 INFO    : 211.103.220.74 - - [10/Apr/2018 11:32:21] "GET /function/view_project HTTP/1.1" 200 -
2018-04-10 11:32:21,519 INFO    : 211.103.220.74 - - [10/Apr/2018 11:32:21] "GET /function/view_project HTTP/1.1" 200 -
2018-04-10 11:32:21,547 INFO    : 211.103.220.74 - - [10/Apr/2018 11:32:21] "GET /function/view_project HTTP/1.1" 200 -
2018-04-10 11:32:21,574 INFO    : 211.103.220.74 - - [10/Apr/2018 11:32:21] "GET /function/view_project HTTP/1.1" 200 -
2018-04-10 11:32:21,602 INFO    : 211.103.220.74 - - [10/Apr/2018 11:32:21] "GET /function/view_project HTTP/1.1" 200 -
2018-04-10 11:32:21,630 INFO    : 211.103.220.74 - - [10/Apr/2018 11:32:21] "GET /function/view_project HTTP/1.1" 200 -
2018-04-10 11:32:21,658 INFO    : 211.103.220.74 - - [10/Apr/2018 11:32:21] "GET /function/view_project HTTP/1.1" 200 -
2018-04-10 11:32:21,686 INFO    : 211.103.220.74 - - [10/Apr/2018 11:32:21] "GET /function/view_project HTTP/1.1" 200 -
2018-04-10 11:32:21,715 INFO    : 211.103.220.74 - - [10/Apr/2018 11:32:21] "GET /function/view_project HTTP/1.1" 200 -
2018-04-10 11:32:21,743 INFO    : 211.103.220.74 - - [10/Apr/2018 11:32:21] "GET /function/view_project HTTP/1.1" 200 -
2018-04-10 11:32:21,769 INFO    : 211.103.220.74 - - [10/Apr/2018 11:32:21] "GET /function/view_project HTTP/1.1" 200 -
2018-04-10 11:32:21,796 INFO    : 211.103.220.74 - - [10/Apr/2018 11:32:21] "GET /function/view_project HTTP/1.1" 200 -
2018-04-10 11:32:21,822 INFO    : 211.103.220.74 - - [10/Apr/2018 11:32:21] "GET /function/view_project HTTP/1.1" 200 -
2018-04-10 11:32:21,850 INFO    : 211.103.220.74 - - [10/Apr/2018 11:32:21] "GET /function/view_project HTTP/1.1" 200 -
2018-04-10 11:32:21,877 INFO    : 211.103.220.74 - - [10/Apr/2018 11:32:21] "GET /function/view_project HTTP/1.1" 200 -
2018-04-10 11:32:21,905 INFO    : 211.103.220.74 - - [10/Apr/2018 11:32:21] "GET /function/view_project HTTP/1.1" 200 -
2018-04-10 11:32:21,933 INFO    : 211.103.220.74 - - [10/Apr/2018 11:32:21] "GET /function/view_project HTTP/1.1" 200 -
2018-04-10 11:32:21,961 INFO    : 211.103.220.74 - - [10/Apr/2018 11:32:21] "GET /function/view_project HTTP/1.1" 200 -
2018-04-10 11:32:21,988 INFO    : 211.103.220.74 - - [10/Apr/2018 11:32:21] "GET /function/view_project HTTP/1.1" 200 -
2018-04-10 11:32:22,015 INFO    : 211.103.220.74 - - [10/Apr/2018 11:32:22] "GET /function/view_project HTTP/1.1" 200 -
2018-04-10 11:32:22,043 INFO    : 211.103.220.74 - - [10/Apr/2018 11:32:22] "GET /function/view_project HTTP/1.1" 200 -
2018-04-10 11:32:22,070 INFO    : 211.103.220.74 - - [10/Apr/2018 11:32:22] "GET /function/view_project HTTP/1.1" 200 -
2018-04-10 11:32:22,097 INFO    : 211.103.220.74 - - [10/Apr/2018 11:32:22] "GET /function/view_project HTTP/1.1" 200 -
2018-04-10 11:32:22,124 INFO    : 211.103.220.74 - - [10/Apr/2018 11:32:22] "GET /function/view_project HTTP/1.1" 200 -
2018-04-10 11:32:22,150 INFO    : 211.103.220.74 - - [10/Apr/2018 11:32:22] "GET /function/view_project HTTP/1.1" 200 -
2018-04-10 11:32:22,178 INFO    : 211.103.220.74 - - [10/Apr/2018 11:32:22] "GET /function/view_project HTTP/1.1" 200 -
2018-04-10 11:32:22,206 INFO    : 211.103.220.74 - - [10/Apr/2018 11:32:22] "GET /function/view_project HTTP/1.1" 200 -
2018-04-10 11:32:22,235 INFO    : 211.103.220.74 - - [10/Apr/2018 11:32:22] "GET /function/view_project HTTP/1.1" 200 -
2018-04-10 11:32:22,266 INFO    : 211.103.220.74 - - [10/Apr/2018 11:32:22] "GET /function/view_project HTTP/1.1" 200 -
2018-04-10 11:32:22,298 INFO    : 211.103.220.74 - - [10/Apr/2018 11:32:22] "GET /function/view_project HTTP/1.1" 200 -
2018-04-10 11:32:22,328 INFO    : 211.103.220.74 - - [10/Apr/2018 11:32:22] "GET /function/view_project HTTP/1.1" 200 -
2018-04-10 11:32:22,356 INFO    : 211.103.220.74 - - [10/Apr/2018 11:32:22] "GET /function/view_project HTTP/1.1" 200 -
2018-04-10 11:32:22,385 INFO    : 211.103.220.74 - - [10/Apr/2018 11:32:22] "GET /function/view_project HTTP/1.1" 200 -
2018-04-10 11:32:22,413 INFO    : 211.103.220.74 - - [10/Apr/2018 11:32:22] "GET /function/view_project HTTP/1.1" 200 -
2018-04-10 11:32:22,440 INFO    : 211.103.220.74 - - [10/Apr/2018 11:32:22] "GET /function/view_project HTTP/1.1" 200 -
2018-04-10 11:32:22,468 INFO    : 211.103.220.74 - - [10/Apr/2018 11:32:22] "GET /function/view_project HTTP/1.1" 200 -
2018-04-10 11:32:22,495 INFO    : 211.103.220.74 - - [10/Apr/2018 11:32:22] "GET /function/view_project HTTP/1.1" 200 -
2018-04-10 11:32:22,522 INFO    : 211.103.220.74 - - [10/Apr/2018 11:32:22] "GET /function/view_project HTTP/1.1" 200 -
2018-04-10 11:32:22,550 INFO    : 211.103.220.74 - - [10/Apr/2018 11:32:22] "GET /function/view_project HTTP/1.1" 200 -
2018-04-10 11:32:22,577 INFO    : 211.103.220.74 - - [10/Apr/2018 11:32:22] "GET /function/view_project HTTP/1.1" 200 -
2018-04-10 11:32:22,605 INFO    : 211.103.220.74 - - [10/Apr/2018 11:32:22] "GET /function/view_project HTTP/1.1" 200 -
2018-04-10 11:32:22,634 INFO    : 211.103.220.74 - - [10/Apr/2018 11:32:22] "GET /function/view_project HTTP/1.1" 200 -
2018-04-10 11:32:22,662 INFO    : 211.103.220.74 - - [10/Apr/2018 11:32:22] "GET /function/view_project HTTP/1.1" 200 -
2018-04-10 11:32:22,691 INFO    : 211.103.220.74 - - [10/Apr/2018 11:32:22] "GET /function/view_project HTTP/1.1" 200 -
2018-04-10 11:32:22,720 INFO    : 211.103.220.74 - - [10/Apr/2018 11:32:22] "GET /function/view_project HTTP/1.1" 200 -
2018-04-10 11:32:22,748 INFO    : 211.103.220.74 - - [10/Apr/2018 11:32:22] "GET /function/view_project HTTP/1.1" 200 -
2018-04-10 11:32:22,776 INFO    : 211.103.220.74 - - [10/Apr/2018 11:32:22] "GET /function/view_project HTTP/1.1" 200 -
2018-04-10 11:32:22,804 INFO    : 211.103.220.74 - - [10/Apr/2018 11:32:22] "GET /function/view_project HTTP/1.1" 200 -
2018-04-10 11:32:22,831 INFO    : 211.103.220.74 - - [10/Apr/2018 11:32:22] "GET /function/view_project HTTP/1.1" 200 -
2018-04-10 11:32:22,858 INFO    : 211.103.220.74 - - [10/Apr/2018 11:32:22] "GET /function/view_project HTTP/1.1" 200 -
2018-04-10 11:32:22,885 INFO    : 211.103.220.74 - - [10/Apr/2018 11:32:22] "GET /function/view_project HTTP/1.1" 200 -
2018-04-10 11:32:22,914 INFO    : 211.103.220.74 - - [10/Apr/2018 11:32:22] "GET /function/view_project HTTP/1.1" 200 -
2018-04-10 11:32:22,942 INFO    : 211.103.220.74 - - [10/Apr/2018 11:32:22] "GET /function/view_project HTTP/1.1" 200 -
2018-04-10 11:32:22,970 INFO    : 211.103.220.74 - - [10/Apr/2018 11:32:22] "GET /function/view_project HTTP/1.1" 200 -
2018-04-10 11:32:22,999 INFO    : 211.103.220.74 - - [10/Apr/2018 11:32:22] "GET /function/view_project HTTP/1.1" 200 -
2018-04-10 11:32:23,027 INFO    : 211.103.220.74 - - [10/Apr/2018 11:32:23] "GET /function/view_project HTTP/1.1" 200 -
2018-04-10 11:32:23,054 INFO    : 211.103.220.74 - - [10/Apr/2018 11:32:23] "GET /function/view_project HTTP/1.1" 200 -
2018-04-10 11:32:23,081 INFO    : 211.103.220.74 - - [10/Apr/2018 11:32:23] "GET /function/view_project HTTP/1.1" 200 -
2018-04-10 11:32:23,109 INFO    : 211.103.220.74 - - [10/Apr/2018 11:32:23] "GET /function/view_project HTTP/1.1" 200 -
2018-04-10 11:32:23,136 INFO    : 211.103.220.74 - - [10/Apr/2018 11:32:23] "GET /function/view_project HTTP/1.1" 200 -
2018-04-10 11:32:23,163 INFO    : 211.103.220.74 - - [10/Apr/2018 11:32:23] "GET /function/view_project HTTP/1.1" 200 -
2018-04-10 11:32:23,190 INFO    : 211.103.220.74 - - [10/Apr/2018 11:32:23] "GET /function/view_project HTTP/1.1" 200 -
2018-04-10 11:32:23,219 INFO    : 211.103.220.74 - - [10/Apr/2018 11:32:23] "GET /function/view_project HTTP/1.1" 200 -
2018-04-10 11:32:23,247 INFO    : 211.103.220.74 - - [10/Apr/2018 11:32:23] "GET /function/view_project HTTP/1.1" 200 -
2018-04-10 11:32:23,276 INFO    : 211.103.220.74 - - [10/Apr/2018 11:32:23] "GET /function/view_project HTTP/1.1" 200 -
2018-04-10 11:32:23,304 INFO    : 211.103.220.74 - - [10/Apr/2018 11:32:23] "GET /function/view_project HTTP/1.1" 200 -
2018-04-10 11:32:23,333 INFO    : 211.103.220.74 - - [10/Apr/2018 11:32:23] "GET /function/view_project HTTP/1.1" 200 -
2018-04-10 11:32:23,360 INFO    : 211.103.220.74 - - [10/Apr/2018 11:32:23] "GET /function/view_project HTTP/1.1" 200 -
2018-04-10 11:32:23,388 INFO    : 211.103.220.74 - - [10/Apr/2018 11:32:23] "GET /function/view_project HTTP/1.1" 200 -
2018-04-10 11:32:23,416 INFO    : 211.103.220.74 - - [10/Apr/2018 11:32:23] "GET /function/view_project HTTP/1.1" 200 -
2018-04-10 11:32:23,443 INFO    : 211.103.220.74 - - [10/Apr/2018 11:32:23] "GET /function/view_project HTTP/1.1" 200 -
2018-04-10 11:32:23,470 INFO    : 211.103.220.74 - - [10/Apr/2018 11:32:23] "GET /function/view_project HTTP/1.1" 200 -
2018-04-10 11:32:23,498 INFO    : 211.103.220.74 - - [10/Apr/2018 11:32:23] "GET /function/view_project HTTP/1.1" 200 -
2018-04-10 11:32:23,525 INFO    : 211.103.220.74 - - [10/Apr/2018 11:32:23] "GET /function/view_project HTTP/1.1" 200 -
2018-04-10 11:32:23,553 INFO    : 211.103.220.74 - - [10/Apr/2018 11:32:23] "GET /function/view_project HTTP/1.1" 200 -
2018-04-10 11:32:23,580 INFO    : 211.103.220.74 - - [10/Apr/2018 11:32:23] "GET /function/view_project HTTP/1.1" 200 -
2018-04-10 11:32:23,607 INFO    : 211.103.220.74 - - [10/Apr/2018 11:32:23] "GET /function/view_project HTTP/1.1" 200 -
2018-04-10 11:32:23,634 INFO    : 211.103.220.74 - - [10/Apr/2018 11:32:23] "GET /function/view_project HTTP/1.1" 200 -
2018-04-10 11:32:23,663 INFO    : 211.103.220.74 - - [10/Apr/2018 11:32:23] "GET /function/view_project HTTP/1.1" 200 -
2018-04-10 11:32:23,691 INFO    : 211.103.220.74 - - [10/Apr/2018 11:32:23] "GET /function/view_project HTTP/1.1" 200 -
2018-04-10 11:32:23,720 INFO    : 211.103.220.74 - - [10/Apr/2018 11:32:23] "GET /function/view_project HTTP/1.1" 200 -
2018-04-10 11:32:23,750 INFO    : 211.103.220.74 - - [10/Apr/2018 11:32:23] "GET /function/view_project HTTP/1.1" 200 -
2018-04-10 11:32:23,779 INFO    : 211.103.220.74 - - [10/Apr/2018 11:32:23] "GET /function/view_project HTTP/1.1" 200 -
2018-04-10 11:32:23,807 INFO    : 211.103.220.74 - - [10/Apr/2018 11:32:23] "GET /function/view_project HTTP/1.1" 200 -
2018-04-10 11:32:23,847 INFO    : 211.103.220.74 - - [10/Apr/2018 11:32:23] "GET /function/view_project HTTP/1.1" 200 -
2018-04-10 11:32:23,877 INFO    : 211.103.220.74 - - [10/Apr/2018 11:32:23] "GET /function/view_project HTTP/1.1" 200 -
2018-04-10 11:32:23,904 INFO    : 211.103.220.74 - - [10/Apr/2018 11:32:23] "GET /function/view_project HTTP/1.1" 200 -
2018-04-10 11:32:23,933 INFO    : 211.103.220.74 - - [10/Apr/2018 11:32:23] "GET /function/view_project HTTP/1.1" 200 -
2018-04-10 11:32:23,961 INFO    : 211.103.220.74 - - [10/Apr/2018 11:32:23] "GET /function/view_project HTTP/1.1" 200 -
2018-04-10 11:32:23,989 INFO    : 211.103.220.74 - - [10/Apr/2018 11:32:23] "GET /function/view_project HTTP/1.1" 200 -
2018-04-10 11:32:24,016 INFO    : 211.103.220.74 - - [10/Apr/2018 11:32:24] "GET /function/view_project HTTP/1.1" 200 -
2018-04-10 11:32:24,046 INFO    : 211.103.220.74 - - [10/Apr/2018 11:32:24] "GET /function/view_project HTTP/1.1" 200 -
2018-04-10 11:32:24,074 INFO    : 211.103.220.74 - - [10/Apr/2018 11:32:24] "GET /function/view_project HTTP/1.1" 200 -
2018-04-10 11:32:24,102 INFO    : 211.103.220.74 - - [10/Apr/2018 11:32:24] "GET /function/view_project HTTP/1.1" 200 -
2018-04-10 11:32:24,130 INFO    : 211.103.220.74 - - [10/Apr/2018 11:32:24] "GET /function/view_project HTTP/1.1" 200 -
2018-04-10 11:32:24,158 INFO    : 211.103.220.74 - - [10/Apr/2018 11:32:24] "GET /function/view_project HTTP/1.1" 200 -
2018-04-10 11:32:24,186 INFO    : 211.103.220.74 - - [10/Apr/2018 11:32:24] "GET /function/view_project HTTP/1.1" 200 -
2018-04-10 11:32:24,213 INFO    : 211.103.220.74 - - [10/Apr/2018 11:32:24] "GET /function/view_project HTTP/1.1" 200 -
2018-04-10 11:32:24,240 INFO    : 211.103.220.74 - - [10/Apr/2018 11:32:24] "GET /function/view_project HTTP/1.1" 200 -
2018-04-10 11:32:24,268 INFO    : 211.103.220.74 - - [10/Apr/2018 11:32:24] "GET /function/view_project HTTP/1.1" 200 -
2018-04-10 11:32:24,296 INFO    : 211.103.220.74 - - [10/Apr/2018 11:32:24] "GET /function/view_project HTTP/1.1" 200 -
2018-04-10 11:32:24,322 INFO    : 211.103.220.74 - - [10/Apr/2018 11:32:24] "GET /function/view_project HTTP/1.1" 200 -
2018-04-10 11:32:24,350 INFO    : 211.103.220.74 - - [10/Apr/2018 11:32:24] "GET /function/view_project HTTP/1.1" 200 -
2018-04-10 11:32:24,378 INFO    : 211.103.220.74 - - [10/Apr/2018 11:32:24] "GET /function/view_project HTTP/1.1" 200 -
2018-04-10 11:32:24,407 INFO    : 211.103.220.74 - - [10/Apr/2018 11:32:24] "GET /function/view_project HTTP/1.1" 200 -
2018-04-10 11:32:24,435 INFO    : 211.103.220.74 - - [10/Apr/2018 11:32:24] "GET /function/view_project HTTP/1.1" 200 -
2018-04-10 11:32:24,462 INFO    : 211.103.220.74 - - [10/Apr/2018 11:32:24] "GET /function/view_project HTTP/1.1" 200 -
2018-04-10 11:32:24,488 INFO    : 211.103.220.74 - - [10/Apr/2018 11:32:24] "GET /function/view_project HTTP/1.1" 200 -
2018-04-10 11:32:24,516 INFO    : 211.103.220.74 - - [10/Apr/2018 11:32:24] "GET /function/view_project HTTP/1.1" 200 -
2018-04-10 11:32:24,543 INFO    : 211.103.220.74 - - [10/Apr/2018 11:32:24] "GET /function/view_project HTTP/1.1" 200 -
2018-04-10 11:32:24,570 INFO    : 211.103.220.74 - - [10/Apr/2018 11:32:24] "GET /function/view_project HTTP/1.1" 200 -
2018-04-10 11:32:24,597 INFO    : 211.103.220.74 - - [10/Apr/2018 11:32:24] "GET /function/view_project HTTP/1.1" 200 -
2018-04-10 11:32:24,625 INFO    : 211.103.220.74 - - [10/Apr/2018 11:32:24] "GET /function/view_project HTTP/1.1" 200 -
2018-04-10 11:32:24,653 INFO    : 211.103.220.74 - - [10/Apr/2018 11:32:24] "GET /function/view_project HTTP/1.1" 200 -
2018-04-10 11:32:24,682 INFO    : 211.103.220.74 - - [10/Apr/2018 11:32:24] "GET /function/view_project HTTP/1.1" 200 -
2018-04-10 11:32:24,711 INFO    : 211.103.220.74 - - [10/Apr/2018 11:32:24] "GET /function/view_project HTTP/1.1" 200 -
2018-04-10 11:32:24,740 INFO    : 211.103.220.74 - - [10/Apr/2018 11:32:24] "GET /function/view_project HTTP/1.1" 200 -
2018-04-10 11:32:24,767 INFO    : 211.103.220.74 - - [10/Apr/2018 11:32:24] "GET /function/view_project HTTP/1.1" 200 -
2018-04-10 11:32:24,796 INFO    : 211.103.220.74 - - [10/Apr/2018 11:32:24] "GET /function/view_project HTTP/1.1" 200 -
2018-04-10 11:32:24,823 INFO    : 211.103.220.74 - - [10/Apr/2018 11:32:24] "GET /function/view_project HTTP/1.1" 200 -
2018-04-10 11:32:24,850 INFO    : 211.103.220.74 - - [10/Apr/2018 11:32:24] "GET /function/view_project HTTP/1.1" 200 -
2018-04-10 11:32:24,877 INFO    : 211.103.220.74 - - [10/Apr/2018 11:32:24] "GET /function/view_project HTTP/1.1" 200 -
2018-04-10 11:32:24,905 INFO    : 211.103.220.74 - - [10/Apr/2018 11:32:24] "GET /function/view_project HTTP/1.1" 200 -
2018-04-10 11:32:24,932 INFO    : 211.103.220.74 - - [10/Apr/2018 11:32:24] "GET /function/view_project HTTP/1.1" 200 -
2018-04-10 11:32:24,959 INFO    : 211.103.220.74 - - [10/Apr/2018 11:32:24] "GET /function/view_project HTTP/1.1" 200 -
2018-04-10 11:32:24,987 INFO    : 211.103.220.74 - - [10/Apr/2018 11:32:24] "GET /function/view_project HTTP/1.1" 200 -
2018-04-10 11:32:25,015 INFO    : 211.103.220.74 - - [10/Apr/2018 11:32:25] "GET /function/view_project HTTP/1.1" 200 -
2018-04-10 11:32:25,044 INFO    : 211.103.220.74 - - [10/Apr/2018 11:32:25] "GET /function/view_project HTTP/1.1" 200 -
2018-04-10 11:32:25,071 INFO    : 211.103.220.74 - - [10/Apr/2018 11:32:25] "GET /function/view_project HTTP/1.1" 200 -
2018-04-10 11:32:25,099 INFO    : 211.103.220.74 - - [10/Apr/2018 11:32:25] "GET /function/view_project HTTP/1.1" 200 -
2018-04-10 11:32:25,129 INFO    : 211.103.220.74 - - [10/Apr/2018 11:32:25] "GET /function/view_project HTTP/1.1" 200 -
2018-04-10 11:32:25,157 INFO    : 211.103.220.74 - - [10/Apr/2018 11:32:25] "GET /function/view_project HTTP/1.1" 200 -
2018-04-10 11:32:25,184 INFO    : 211.103.220.74 - - [10/Apr/2018 11:32:25] "GET /function/view_project HTTP/1.1" 200 -
2018-04-10 11:32:25,212 INFO    : 211.103.220.74 - - [10/Apr/2018 11:32:25] "GET /function/view_project HTTP/1.1" 200 -
2018-04-10 11:32:25,241 INFO    : 211.103.220.74 - - [10/Apr/2018 11:32:25] "GET /function/view_project HTTP/1.1" 200 -
2018-04-10 11:32:25,269 INFO    : 211.103.220.74 - - [10/Apr/2018 11:32:25] "GET /function/view_project HTTP/1.1" 200 -
2018-04-10 11:32:25,296 INFO    : 211.103.220.74 - - [10/Apr/2018 11:32:25] "GET /function/view_project HTTP/1.1" 200 -
2018-04-10 11:32:25,324 INFO    : 211.103.220.74 - - [10/Apr/2018 11:32:25] "GET /function/view_project HTTP/1.1" 200 -
2018-04-10 11:32:25,350 INFO    : 211.103.220.74 - - [10/Apr/2018 11:32:25] "GET /function/view_project HTTP/1.1" 200 -
2018-04-10 11:32:25,377 INFO    : 211.103.220.74 - - [10/Apr/2018 11:32:25] "GET /function/view_project HTTP/1.1" 200 -
2018-04-10 11:32:25,405 INFO    : 211.103.220.74 - - [10/Apr/2018 11:32:25] "GET /function/view_project HTTP/1.1" 200 -
2018-04-10 11:32:25,433 INFO    : 211.103.220.74 - - [10/Apr/2018 11:32:25] "GET /function/view_project HTTP/1.1" 200 -
2018-04-10 11:32:25,461 INFO    : 211.103.220.74 - - [10/Apr/2018 11:32:25] "GET /function/view_project HTTP/1.1" 200 -
2018-04-10 11:32:25,489 INFO    : 211.103.220.74 - - [10/Apr/2018 11:32:25] "GET /function/view_project HTTP/1.1" 200 -
2018-04-10 11:32:25,516 INFO    : 211.103.220.74 - - [10/Apr/2018 11:32:25] "GET /function/view_project HTTP/1.1" 200 -
2018-04-10 11:32:25,543 INFO    : 211.103.220.74 - - [10/Apr/2018 11:32:25] "GET /function/view_project HTTP/1.1" 200 -
2018-04-10 11:32:25,570 INFO    : 211.103.220.74 - - [10/Apr/2018 11:32:25] "GET /function/view_project HTTP/1.1" 200 -
2018-04-10 11:32:25,597 INFO    : 211.103.220.74 - - [10/Apr/2018 11:32:25] "GET /function/view_project HTTP/1.1" 200 -
2018-04-10 11:32:25,627 INFO    : 211.103.220.74 - - [10/Apr/2018 11:32:25] "GET /function/view_project HTTP/1.1" 200 -
2018-04-10 11:32:25,655 INFO    : 211.103.220.74 - - [10/Apr/2018 11:32:25] "GET /function/view_project HTTP/1.1" 200 -
2018-04-10 11:32:25,685 INFO    : 211.103.220.74 - - [10/Apr/2018 11:32:25] "GET /function/view_project HTTP/1.1" 200 -
2018-04-10 11:32:25,714 INFO    : 211.103.220.74 - - [10/Apr/2018 11:32:25] "GET /function/view_project HTTP/1.1" 200 -
2018-04-10 11:32:25,742 INFO    : 211.103.220.74 - - [10/Apr/2018 11:32:25] "GET /function/view_project HTTP/1.1" 200 -
2018-04-10 11:32:25,769 INFO    : 211.103.220.74 - - [10/Apr/2018 11:32:25] "GET /function/view_project HTTP/1.1" 200 -
2018-04-10 11:32:25,796 INFO    : 211.103.220.74 - - [10/Apr/2018 11:32:25] "GET /function/view_project HTTP/1.1" 200 -
2018-04-10 11:32:25,824 INFO    : 211.103.220.74 - - [10/Apr/2018 11:32:25] "GET /function/view_project HTTP/1.1" 200 -
2018-04-10 11:32:25,854 INFO    : 211.103.220.74 - - [10/Apr/2018 11:32:25] "GET /function/view_project HTTP/1.1" 200 -
2018-04-10 11:32:25,881 INFO    : 211.103.220.74 - - [10/Apr/2018 11:32:25] "GET /function/view_project HTTP/1.1" 200 -
2018-04-10 11:32:25,909 INFO    : 211.103.220.74 - - [10/Apr/2018 11:32:25] "GET /function/view_project HTTP/1.1" 200 -
2018-04-10 11:32:25,937 INFO    : 211.103.220.74 - - [10/Apr/2018 11:32:25] "GET /function/view_project HTTP/1.1" 200 -
2018-04-10 11:32:25,964 INFO    : 211.103.220.74 - - [10/Apr/2018 11:32:25] "GET /function/view_project HTTP/1.1" 200 -
2018-04-10 11:32:25,991 INFO    : 211.103.220.74 - - [10/Apr/2018 11:32:25] "GET /function/view_project HTTP/1.1" 200 -
2018-04-10 11:32:26,017 INFO    : 211.103.220.74 - - [10/Apr/2018 11:32:26] "GET /function/view_project HTTP/1.1" 200 -
2018-04-10 11:32:26,045 INFO    : 211.103.220.74 - - [10/Apr/2018 11:32:26] "GET /function/view_project HTTP/1.1" 200 -
2018-04-10 11:32:26,072 INFO    : 211.103.220.74 - - [10/Apr/2018 11:32:26] "GET /function/view_project HTTP/1.1" 200 -
2018-04-10 11:32:26,100 INFO    : 211.103.220.74 - - [10/Apr/2018 11:32:26] "GET /function/view_project HTTP/1.1" 200 -
2018-04-10 11:32:26,127 INFO    : 211.103.220.74 - - [10/Apr/2018 11:32:26] "GET /function/view_project HTTP/1.1" 200 -
2018-04-10 11:32:26,156 INFO    : 211.103.220.74 - - [10/Apr/2018 11:32:26] "GET /function/view_project HTTP/1.1" 200 -
2018-04-10 11:32:26,186 INFO    : 211.103.220.74 - - [10/Apr/2018 11:32:26] "GET /function/view_project HTTP/1.1" 200 -
2018-04-10 11:32:26,215 INFO    : 211.103.220.74 - - [10/Apr/2018 11:32:26] "GET /function/view_project HTTP/1.1" 200 -
2018-04-10 11:32:26,243 INFO    : 211.103.220.74 - - [10/Apr/2018 11:32:26] "GET /function/view_project HTTP/1.1" 200 -
2018-04-10 11:32:26,272 INFO    : 211.103.220.74 - - [10/Apr/2018 11:32:26] "GET /function/view_project HTTP/1.1" 200 -
2018-04-10 11:32:26,300 INFO    : 211.103.220.74 - - [10/Apr/2018 11:32:26] "GET /function/view_project HTTP/1.1" 200 -
2018-04-10 11:32:26,327 INFO    : 211.103.220.74 - - [10/Apr/2018 11:32:26] "GET /function/view_project HTTP/1.1" 200 -
2018-04-10 11:32:26,353 INFO    : 211.103.220.74 - - [10/Apr/2018 11:32:26] "GET /function/view_project HTTP/1.1" 200 -
2018-04-10 11:32:26,380 INFO    : 211.103.220.74 - - [10/Apr/2018 11:32:26] "GET /function/view_project HTTP/1.1" 200 -
2018-04-10 11:32:26,407 INFO    : 211.103.220.74 - - [10/Apr/2018 11:32:26] "GET /function/view_project HTTP/1.1" 200 -
2018-04-10 11:32:26,435 INFO    : 211.103.220.74 - - [10/Apr/2018 11:32:26] "GET /function/view_project HTTP/1.1" 200 -
2018-04-10 11:32:26,464 INFO    : 211.103.220.74 - - [10/Apr/2018 11:32:26] "GET /function/view_project HTTP/1.1" 200 -
2018-04-10 11:32:26,492 INFO    : 211.103.220.74 - - [10/Apr/2018 11:32:26] "GET /function/view_project HTTP/1.1" 200 -
2018-04-10 11:32:26,520 INFO    : 211.103.220.74 - - [10/Apr/2018 11:32:26] "GET /function/view_project HTTP/1.1" 200 -
2018-04-10 11:32:26,547 INFO    : 211.103.220.74 - - [10/Apr/2018 11:32:26] "GET /function/view_project HTTP/1.1" 200 -
2018-04-10 11:32:26,575 INFO    : 211.103.220.74 - - [10/Apr/2018 11:32:26] "GET /function/view_project HTTP/1.1" 200 -
2018-04-10 11:32:26,602 INFO    : 211.103.220.74 - - [10/Apr/2018 11:32:26] "GET /function/view_project HTTP/1.1" 200 -
2018-04-10 11:32:26,630 INFO    : 211.103.220.74 - - [10/Apr/2018 11:32:26] "GET /function/view_project HTTP/1.1" 200 -
2018-04-10 11:32:26,658 INFO    : 211.103.220.74 - - [10/Apr/2018 11:32:26] "GET /function/view_project HTTP/1.1" 200 -
2018-04-10 11:32:26,687 INFO    : 211.103.220.74 - - [10/Apr/2018 11:32:26] "GET /function/view_project HTTP/1.1" 200 -
2018-04-10 11:32:26,717 INFO    : 211.103.220.74 - - [10/Apr/2018 11:32:26] "GET /function/view_project HTTP/1.1" 200 -
2018-04-10 11:32:26,746 INFO    : 211.103.220.74 - - [10/Apr/2018 11:32:26] "GET /function/view_project HTTP/1.1" 200 -
2018-04-10 11:32:26,774 INFO    : 211.103.220.74 - - [10/Apr/2018 11:32:26] "GET /function/view_project HTTP/1.1" 200 -
2018-04-10 11:32:26,801 INFO    : 211.103.220.74 - - [10/Apr/2018 11:32:26] "GET /function/view_project HTTP/1.1" 200 -
2018-04-10 11:32:26,828 INFO    : 211.103.220.74 - - [10/Apr/2018 11:32:26] "GET /function/view_project HTTP/1.1" 200 -
2018-04-10 11:32:26,856 INFO    : 211.103.220.74 - - [10/Apr/2018 11:32:26] "GET /function/view_project HTTP/1.1" 200 -
2018-04-10 11:32:26,884 INFO    : 211.103.220.74 - - [10/Apr/2018 11:32:26] "GET /function/view_project HTTP/1.1" 200 -
2018-04-10 11:32:26,912 INFO    : 211.103.220.74 - - [10/Apr/2018 11:32:26] "GET /function/view_project HTTP/1.1" 200 -
2018-04-10 11:32:26,939 INFO    : 211.103.220.74 - - [10/Apr/2018 11:32:26] "GET /function/view_project HTTP/1.1" 200 -
2018-04-10 11:32:26,966 INFO    : 211.103.220.74 - - [10/Apr/2018 11:32:26] "GET /function/view_project HTTP/1.1" 200 -
2018-04-10 11:32:26,994 INFO    : 211.103.220.74 - - [10/Apr/2018 11:32:26] "GET /function/view_project HTTP/1.1" 200 -
2018-04-10 11:32:27,022 INFO    : 211.103.220.74 - - [10/Apr/2018 11:32:27] "GET /function/view_project HTTP/1.1" 200 -
2018-04-10 11:32:27,050 INFO    : 211.103.220.74 - - [10/Apr/2018 11:32:27] "GET /function/view_project HTTP/1.1" 200 -
2018-04-10 11:32:27,076 INFO    : 211.103.220.74 - - [10/Apr/2018 11:32:27] "GET /function/view_project HTTP/1.1" 200 -
2018-04-10 11:32:27,102 INFO    : 211.103.220.74 - - [10/Apr/2018 11:32:27] "GET /function/view_project HTTP/1.1" 200 -
2018-04-10 11:32:27,129 INFO    : 211.103.220.74 - - [10/Apr/2018 11:32:27] "GET /function/view_project HTTP/1.1" 200 -
2018-04-10 11:32:27,158 INFO    : 211.103.220.74 - - [10/Apr/2018 11:32:27] "GET /function/view_project HTTP/1.1" 200 -
2018-04-10 11:32:27,185 INFO    : 211.103.220.74 - - [10/Apr/2018 11:32:27] "GET /function/view_project HTTP/1.1" 200 -
2018-04-10 11:32:27,212 INFO    : 211.103.220.74 - - [10/Apr/2018 11:32:27] "GET /function/view_project HTTP/1.1" 200 -
2018-04-10 11:32:27,241 INFO    : 211.103.220.74 - - [10/Apr/2018 11:32:27] "GET /function/view_project HTTP/1.1" 200 -
2018-04-10 11:32:27,270 INFO    : 211.103.220.74 - - [10/Apr/2018 11:32:27] "GET /function/view_project HTTP/1.1" 200 -
2018-04-10 11:32:27,299 INFO    : 211.103.220.74 - - [10/Apr/2018 11:32:27] "GET /function/view_project HTTP/1.1" 200 -
2018-04-10 11:32:27,327 INFO    : 211.103.220.74 - - [10/Apr/2018 11:32:27] "GET /function/view_project HTTP/1.1" 200 -
2018-04-10 11:32:27,355 INFO    : 211.103.220.74 - - [10/Apr/2018 11:32:27] "GET /function/view_project HTTP/1.1" 200 -
2018-04-10 11:32:27,382 INFO    : 211.103.220.74 - - [10/Apr/2018 11:32:27] "GET /function/view_project HTTP/1.1" 200 -
2018-04-10 11:32:27,410 INFO    : 211.103.220.74 - - [10/Apr/2018 11:32:27] "GET /function/view_project HTTP/1.1" 200 -
2018-04-10 11:32:27,438 INFO    : 211.103.220.74 - - [10/Apr/2018 11:32:27] "GET /function/view_project HTTP/1.1" 200 -
2018-04-10 11:32:27,466 INFO    : 211.103.220.74 - - [10/Apr/2018 11:32:27] "GET /function/view_project HTTP/1.1" 200 -
2018-04-10 11:32:27,494 INFO    : 211.103.220.74 - - [10/Apr/2018 11:32:27] "GET /function/view_project HTTP/1.1" 200 -
2018-04-10 11:32:27,524 INFO    : 211.103.220.74 - - [10/Apr/2018 11:32:27] "GET /function/view_project HTTP/1.1" 200 -
2018-04-10 11:32:27,552 INFO    : 211.103.220.74 - - [10/Apr/2018 11:32:27] "GET /function/view_project HTTP/1.1" 200 -
2018-04-10 11:32:27,580 INFO    : 211.103.220.74 - - [10/Apr/2018 11:32:27] "GET /function/view_project HTTP/1.1" 200 -
2018-04-10 11:32:27,607 INFO    : 211.103.220.74 - - [10/Apr/2018 11:32:27] "GET /function/view_project HTTP/1.1" 200 -
2018-04-10 11:32:27,636 INFO    : 211.103.220.74 - - [10/Apr/2018 11:32:27] "GET /function/view_project HTTP/1.1" 200 -
2018-04-10 11:32:27,664 INFO    : 211.103.220.74 - - [10/Apr/2018 11:32:27] "GET /function/view_project HTTP/1.1" 200 -
2018-04-10 11:32:27,693 INFO    : 211.103.220.74 - - [10/Apr/2018 11:32:27] "GET /function/view_project HTTP/1.1" 200 -
2018-04-10 11:32:27,721 INFO    : 211.103.220.74 - - [10/Apr/2018 11:32:27] "GET /function/view_project HTTP/1.1" 200 -
2018-04-10 11:32:27,750 INFO    : 211.103.220.74 - - [10/Apr/2018 11:32:27] "GET /function/view_project HTTP/1.1" 200 -
2018-04-10 11:32:27,778 INFO    : 211.103.220.74 - - [10/Apr/2018 11:32:27] "GET /function/view_project HTTP/1.1" 200 -
2018-04-10 11:32:27,806 INFO    : 211.103.220.74 - - [10/Apr/2018 11:32:27] "GET /function/view_project HTTP/1.1" 200 -
2018-04-10 11:32:27,835 INFO    : 211.103.220.74 - - [10/Apr/2018 11:32:27] "GET /function/view_project HTTP/1.1" 200 -
2018-04-10 11:32:27,862 INFO    : 211.103.220.74 - - [10/Apr/2018 11:32:27] "GET /function/view_project HTTP/1.1" 200 -
2018-04-10 11:32:27,892 INFO    : 211.103.220.74 - - [10/Apr/2018 11:32:27] "GET /function/view_project HTTP/1.1" 200 -
2018-04-10 11:32:27,919 INFO    : 211.103.220.74 - - [10/Apr/2018 11:32:27] "GET /function/view_project HTTP/1.1" 200 -
2018-04-10 11:32:27,947 INFO    : 211.103.220.74 - - [10/Apr/2018 11:32:27] "GET /function/view_project HTTP/1.1" 200 -
2018-04-10 11:32:27,974 INFO    : 211.103.220.74 - - [10/Apr/2018 11:32:27] "GET /function/view_project HTTP/1.1" 200 -
2018-04-10 11:32:28,001 INFO    : 211.103.220.74 - - [10/Apr/2018 11:32:28] "GET /function/view_project HTTP/1.1" 200 -
2018-04-10 11:32:28,028 INFO    : 211.103.220.74 - - [10/Apr/2018 11:32:28] "GET /function/view_project HTTP/1.1" 200 -
2018-04-10 11:32:28,056 INFO    : 211.103.220.74 - - [10/Apr/2018 11:32:28] "GET /function/view_project HTTP/1.1" 200 -
2018-04-10 11:32:28,084 INFO    : 211.103.220.74 - - [10/Apr/2018 11:32:28] "GET /function/view_project HTTP/1.1" 200 -
2018-04-10 11:32:28,111 INFO    : 211.103.220.74 - - [10/Apr/2018 11:32:28] "GET /function/view_project HTTP/1.1" 200 -
2018-04-10 11:32:28,138 INFO    : 211.103.220.74 - - [10/Apr/2018 11:32:28] "GET /function/view_project HTTP/1.1" 200 -
2018-04-10 11:32:28,165 INFO    : 211.103.220.74 - - [10/Apr/2018 11:32:28] "GET /function/view_project HTTP/1.1" 200 -
2018-04-10 11:32:28,192 INFO    : 211.103.220.74 - - [10/Apr/2018 11:32:28] "GET /function/view_project HTTP/1.1" 200 -
2018-04-10 11:32:28,220 INFO    : 211.103.220.74 - - [10/Apr/2018 11:32:28] "GET /function/view_project HTTP/1.1" 200 -
2018-04-10 11:32:28,249 INFO    : 211.103.220.74 - - [10/Apr/2018 11:32:28] "GET /function/view_project HTTP/1.1" 200 -
2018-04-10 11:32:28,276 INFO    : 211.103.220.74 - - [10/Apr/2018 11:32:28] "GET /function/view_project HTTP/1.1" 200 -
2018-04-10 11:32:28,306 INFO    : 211.103.220.74 - - [10/Apr/2018 11:32:28] "GET /function/view_project HTTP/1.1" 200 -
2018-04-10 11:32:28,335 INFO    : 211.103.220.74 - - [10/Apr/2018 11:32:28] "GET /function/view_project HTTP/1.1" 200 -
2018-04-10 11:32:28,362 INFO    : 211.103.220.74 - - [10/Apr/2018 11:32:28] "GET /function/view_project HTTP/1.1" 200 -
2018-04-10 11:32:28,389 INFO    : 211.103.220.74 - - [10/Apr/2018 11:32:28] "GET /function/view_project HTTP/1.1" 200 -
2018-04-10 11:32:28,416 INFO    : 211.103.220.74 - - [10/Apr/2018 11:32:28] "GET /function/view_project HTTP/1.1" 200 -
2018-04-10 11:32:28,444 INFO    : 211.103.220.74 - - [10/Apr/2018 11:32:28] "GET /function/view_project HTTP/1.1" 200 -
2018-04-10 11:32:28,471 INFO    : 211.103.220.74 - - [10/Apr/2018 11:32:28] "GET /function/view_project HTTP/1.1" 200 -
2018-04-10 11:32:28,498 INFO    : 211.103.220.74 - - [10/Apr/2018 11:32:28] "GET /function/view_project HTTP/1.1" 200 -
2018-04-10 11:32:28,526 INFO    : 211.103.220.74 - - [10/Apr/2018 11:32:28] "GET /function/view_project HTTP/1.1" 200 -
2018-04-10 11:32:28,553 INFO    : 211.103.220.74 - - [10/Apr/2018 11:32:28] "GET /function/view_project HTTP/1.1" 200 -
2018-04-10 11:32:28,581 INFO    : 211.103.220.74 - - [10/Apr/2018 11:32:28] "GET /function/view_project HTTP/1.1" 200 -
2018-04-10 11:32:28,610 INFO    : 211.103.220.74 - - [10/Apr/2018 11:32:28] "GET /function/view_project HTTP/1.1" 200 -
2018-04-10 11:32:28,638 INFO    : 211.103.220.74 - - [10/Apr/2018 11:32:28] "GET /function/view_project HTTP/1.1" 200 -
2018-04-10 11:32:28,665 INFO    : 211.103.220.74 - - [10/Apr/2018 11:32:28] "GET /function/view_project HTTP/1.1" 200 -
2018-04-10 11:32:28,695 INFO    : 211.103.220.74 - - [10/Apr/2018 11:32:28] "GET /function/view_project HTTP/1.1" 200 -
2018-04-10 11:32:28,723 INFO    : 211.103.220.74 - - [10/Apr/2018 11:32:28] "GET /function/view_project HTTP/1.1" 200 -
2018-04-10 11:32:28,752 INFO    : 211.103.220.74 - - [10/Apr/2018 11:32:28] "GET /function/view_project HTTP/1.1" 200 -
2018-04-10 11:32:28,779 INFO    : 211.103.220.74 - - [10/Apr/2018 11:32:28] "GET /function/view_project HTTP/1.1" 200 -
2018-04-10 11:32:28,806 INFO    : 211.103.220.74 - - [10/Apr/2018 11:32:28] "GET /function/view_project HTTP/1.1" 200 -
2018-04-10 11:32:28,833 INFO    : 211.103.220.74 - - [10/Apr/2018 11:32:28] "GET /function/view_project HTTP/1.1" 200 -
2018-04-10 11:32:28,861 INFO    : 211.103.220.74 - - [10/Apr/2018 11:32:28] "GET /function/view_project HTTP/1.1" 200 -
2018-04-10 11:32:28,890 INFO    : 211.103.220.74 - - [10/Apr/2018 11:32:28] "GET /function/view_project HTTP/1.1" 200 -
2018-04-10 11:32:28,918 INFO    : 211.103.220.74 - - [10/Apr/2018 11:32:28] "GET /function/view_project HTTP/1.1" 200 -
2018-04-10 11:32:28,947 INFO    : 211.103.220.74 - - [10/Apr/2018 11:32:28] "GET /function/view_project HTTP/1.1" 200 -
2018-04-10 11:32:28,976 INFO    : 211.103.220.74 - - [10/Apr/2018 11:32:28] "GET /function/view_project HTTP/1.1" 200 -
2018-04-10 11:32:29,004 INFO    : 211.103.220.74 - - [10/Apr/2018 11:32:29] "GET /function/view_project HTTP/1.1" 200 -
2018-04-10 11:32:29,032 INFO    : 211.103.220.74 - - [10/Apr/2018 11:32:29] "GET /function/view_project HTTP/1.1" 200 -
2018-04-10 11:32:29,059 INFO    : 211.103.220.74 - - [10/Apr/2018 11:32:29] "GET /function/view_project HTTP/1.1" 200 -
2018-04-10 11:32:29,086 INFO    : 211.103.220.74 - - [10/Apr/2018 11:32:29] "GET /function/view_project HTTP/1.1" 200 -
2018-04-10 11:32:29,112 INFO    : 211.103.220.74 - - [10/Apr/2018 11:32:29] "GET /function/view_project HTTP/1.1" 200 -
2018-04-10 11:32:29,140 INFO    : 211.103.220.74 - - [10/Apr/2018 11:32:29] "GET /function/view_project HTTP/1.1" 200 -
2018-04-10 11:32:29,167 INFO    : 211.103.220.74 - - [10/Apr/2018 11:32:29] "GET /function/view_project HTTP/1.1" 200 -
2018-04-10 11:32:29,194 INFO    : 211.103.220.74 - - [10/Apr/2018 11:32:29] "GET /function/view_project HTTP/1.1" 200 -
2018-04-10 11:32:29,222 INFO    : 211.103.220.74 - - [10/Apr/2018 11:32:29] "GET /function/view_project HTTP/1.1" 200 -
2018-04-10 11:32:29,250 INFO    : 211.103.220.74 - - [10/Apr/2018 11:32:29] "GET /function/view_project HTTP/1.1" 200 -
2018-04-10 11:32:29,278 INFO    : 211.103.220.74 - - [10/Apr/2018 11:32:29] "GET /function/view_project HTTP/1.1" 200 -
2018-04-10 11:32:29,306 INFO    : 211.103.220.74 - - [10/Apr/2018 11:32:29] "GET /function/view_project HTTP/1.1" 200 -
2018-04-10 11:32:29,334 INFO    : 211.103.220.74 - - [10/Apr/2018 11:32:29] "GET /function/view_project HTTP/1.1" 200 -
2018-04-10 11:32:29,363 INFO    : 211.103.220.74 - - [10/Apr/2018 11:32:29] "GET /function/view_project HTTP/1.1" 200 -
2018-04-10 11:32:29,392 INFO    : 211.103.220.74 - - [10/Apr/2018 11:32:29] "GET /function/view_project HTTP/1.1" 200 -
2018-04-10 11:32:29,420 INFO    : 211.103.220.74 - - [10/Apr/2018 11:32:29] "GET /function/view_project HTTP/1.1" 200 -
2018-04-10 11:32:29,447 INFO    : 211.103.220.74 - - [10/Apr/2018 11:32:29] "GET /function/view_project HTTP/1.1" 200 -
2018-04-10 11:32:29,474 INFO    : 211.103.220.74 - - [10/Apr/2018 11:32:29] "GET /function/view_project HTTP/1.1" 200 -
2018-04-10 11:32:29,501 INFO    : 211.103.220.74 - - [10/Apr/2018 11:32:29] "GET /function/view_project HTTP/1.1" 200 -
2018-04-10 11:32:29,529 INFO    : 211.103.220.74 - - [10/Apr/2018 11:32:29] "GET /function/view_project HTTP/1.1" 200 -
2018-04-10 11:32:29,556 INFO    : 211.103.220.74 - - [10/Apr/2018 11:32:29] "GET /function/view_project HTTP/1.1" 200 -
2018-04-10 11:32:29,582 INFO    : 211.103.220.74 - - [10/Apr/2018 11:32:29] "GET /function/view_project HTTP/1.1" 200 -
2018-04-10 11:32:29,610 INFO    : 211.103.220.74 - - [10/Apr/2018 11:32:29] "GET /function/view_project HTTP/1.1" 200 -
2018-04-10 11:32:29,640 INFO    : 211.103.220.74 - - [10/Apr/2018 11:32:29] "GET /function/view_project HTTP/1.1" 200 -
2018-04-10 11:32:29,668 INFO    : 211.103.220.74 - - [10/Apr/2018 11:32:29] "GET /function/view_project HTTP/1.1" 200 -
2018-04-10 11:32:29,697 INFO    : 211.103.220.74 - - [10/Apr/2018 11:32:29] "GET /function/view_project HTTP/1.1" 200 -
2018-04-10 11:32:29,726 INFO    : 211.103.220.74 - - [10/Apr/2018 11:32:29] "GET /function/view_project HTTP/1.1" 200 -
2018-04-10 11:32:29,755 INFO    : 211.103.220.74 - - [10/Apr/2018 11:32:29] "GET /function/view_project HTTP/1.1" 200 -
2018-04-10 11:32:29,784 INFO    : 211.103.220.74 - - [10/Apr/2018 11:32:29] "GET /function/view_project HTTP/1.1" 200 -
2018-04-10 11:32:29,811 INFO    : 211.103.220.74 - - [10/Apr/2018 11:32:29] "GET /function/view_project HTTP/1.1" 200 -
2018-04-10 11:32:29,839 INFO    : 211.103.220.74 - - [10/Apr/2018 11:32:29] "GET /function/view_project HTTP/1.1" 200 -
2018-04-10 11:32:29,866 INFO    : 211.103.220.74 - - [10/Apr/2018 11:32:29] "GET /function/view_project HTTP/1.1" 200 -
2018-04-10 11:32:29,894 INFO    : 211.103.220.74 - - [10/Apr/2018 11:32:29] "GET /function/view_project HTTP/1.1" 200 -
2018-04-10 11:32:29,921 INFO    : 211.103.220.74 - - [10/Apr/2018 11:32:29] "GET /function/view_project HTTP/1.1" 200 -
2018-04-10 11:32:29,948 INFO    : 211.103.220.74 - - [10/Apr/2018 11:32:29] "GET /function/view_project HTTP/1.1" 200 -
2018-04-10 11:32:29,975 INFO    : 211.103.220.74 - - [10/Apr/2018 11:32:29] "GET /function/view_project HTTP/1.1" 200 -
2018-04-10 11:32:30,002 INFO    : 211.103.220.74 - - [10/Apr/2018 11:32:30] "GET /function/view_project HTTP/1.1" 200 -
2018-04-10 11:32:30,029 INFO    : 211.103.220.74 - - [10/Apr/2018 11:32:30] "GET /function/view_project HTTP/1.1" 200 -
2018-04-10 11:32:30,057 INFO    : 211.103.220.74 - - [10/Apr/2018 11:32:30] "GET /function/view_project HTTP/1.1" 200 -
2018-04-10 11:32:30,084 INFO    : 211.103.220.74 - - [10/Apr/2018 11:32:30] "GET /function/view_project HTTP/1.1" 200 -
2018-04-10 11:32:30,111 INFO    : 211.103.220.74 - - [10/Apr/2018 11:32:30] "GET /function/view_project HTTP/1.1" 200 -
2018-04-10 11:32:30,138 INFO    : 211.103.220.74 - - [10/Apr/2018 11:32:30] "GET /function/view_project HTTP/1.1" 200 -
2018-04-10 11:32:30,166 INFO    : 211.103.220.74 - - [10/Apr/2018 11:32:30] "GET /function/view_project HTTP/1.1" 200 -
2018-04-10 11:32:30,194 INFO    : 211.103.220.74 - - [10/Apr/2018 11:32:30] "GET /function/view_project HTTP/1.1" 200 -
2018-04-10 11:32:30,221 INFO    : 211.103.220.74 - - [10/Apr/2018 11:32:30] "GET /function/view_project HTTP/1.1" 200 -
2018-04-10 11:32:30,250 INFO    : 211.103.220.74 - - [10/Apr/2018 11:32:30] "GET /function/view_project HTTP/1.1" 200 -
2018-04-10 11:32:30,277 INFO    : 211.103.220.74 - - [10/Apr/2018 11:32:30] "GET /function/view_project HTTP/1.1" 200 -
2018-04-10 11:32:30,307 INFO    : 211.103.220.74 - - [10/Apr/2018 11:32:30] "GET /function/view_project HTTP/1.1" 200 -
2018-04-10 11:32:30,334 INFO    : 211.103.220.74 - - [10/Apr/2018 11:32:30] "GET /function/view_project HTTP/1.1" 200 -
2018-04-10 11:32:30,362 INFO    : 211.103.220.74 - - [10/Apr/2018 11:32:30] "GET /function/view_project HTTP/1.1" 200 -
2018-04-10 11:32:30,390 INFO    : 211.103.220.74 - - [10/Apr/2018 11:32:30] "GET /function/view_project HTTP/1.1" 200 -
2018-04-10 11:32:30,419 INFO    : 211.103.220.74 - - [10/Apr/2018 11:32:30] "GET /function/view_project HTTP/1.1" 200 -
2018-04-10 11:32:30,447 INFO    : 211.103.220.74 - - [10/Apr/2018 11:32:30] "GET /function/view_project HTTP/1.1" 200 -
2018-04-10 11:32:30,475 INFO    : 211.103.220.74 - - [10/Apr/2018 11:32:30] "GET /function/view_project HTTP/1.1" 200 -
2018-04-10 11:32:30,503 INFO    : 211.103.220.74 - - [10/Apr/2018 11:32:30] "GET /function/view_project HTTP/1.1" 200 -
2018-04-10 11:32:30,530 INFO    : 211.103.220.74 - - [10/Apr/2018 11:32:30] "GET /function/view_project HTTP/1.1" 200 -
2018-04-10 11:32:30,556 INFO    : 211.103.220.74 - - [10/Apr/2018 11:32:30] "GET /function/view_project HTTP/1.1" 200 -
2018-04-10 11:32:30,583 INFO    : 211.103.220.74 - - [10/Apr/2018 11:32:30] "GET /function/view_project HTTP/1.1" 200 -
2018-04-10 11:32:30,612 INFO    : 211.103.220.74 - - [10/Apr/2018 11:32:30] "GET /function/view_project HTTP/1.1" 200 -
2018-04-10 11:32:30,642 INFO    : 211.103.220.74 - - [10/Apr/2018 11:32:30] "GET /function/view_project HTTP/1.1" 200 -
2018-04-10 11:32:30,672 INFO    : 211.103.220.74 - - [10/Apr/2018 11:32:30] "GET /function/view_project HTTP/1.1" 200 -
2018-04-10 11:32:30,701 INFO    : 211.103.220.74 - - [10/Apr/2018 11:32:30] "GET /function/view_project HTTP/1.1" 200 -
2018-04-10 11:32:30,730 INFO    : 211.103.220.74 - - [10/Apr/2018 11:32:30] "GET /function/view_project HTTP/1.1" 200 -
2018-04-10 11:32:30,759 INFO    : 211.103.220.74 - - [10/Apr/2018 11:32:30] "GET /function/view_project HTTP/1.1" 200 -
2018-04-10 11:32:30,789 INFO    : 211.103.220.74 - - [10/Apr/2018 11:32:30] "GET /function/view_project HTTP/1.1" 200 -
2018-04-10 11:32:30,817 INFO    : 211.103.220.74 - - [10/Apr/2018 11:32:30] "GET /function/view_project HTTP/1.1" 200 -
2018-04-10 11:32:30,844 INFO    : 211.103.220.74 - - [10/Apr/2018 11:32:30] "GET /function/view_project HTTP/1.1" 200 -
2018-04-10 11:32:30,871 INFO    : 211.103.220.74 - - [10/Apr/2018 11:32:30] "GET /function/view_project HTTP/1.1" 200 -
2018-04-10 11:32:30,900 INFO    : 211.103.220.74 - - [10/Apr/2018 11:32:30] "GET /function/view_project HTTP/1.1" 200 -
2018-04-10 11:32:30,927 INFO    : 211.103.220.74 - - [10/Apr/2018 11:32:30] "GET /function/view_project HTTP/1.1" 200 -
2018-04-10 11:32:30,956 INFO    : 211.103.220.74 - - [10/Apr/2018 11:32:30] "GET /function/view_project HTTP/1.1" 200 -
2018-04-10 11:32:30,983 INFO    : 211.103.220.74 - - [10/Apr/2018 11:32:30] "GET /function/view_project HTTP/1.1" 200 -
2018-04-10 11:32:31,011 INFO    : 211.103.220.74 - - [10/Apr/2018 11:32:31] "GET /function/view_project HTTP/1.1" 200 -
2018-04-10 11:32:31,038 INFO    : 211.103.220.74 - - [10/Apr/2018 11:32:31] "GET /function/view_project HTTP/1.1" 200 -
2018-04-10 11:32:31,066 INFO    : 211.103.220.74 - - [10/Apr/2018 11:32:31] "GET /function/view_project HTTP/1.1" 200 -
2018-04-10 11:32:31,092 INFO    : 211.103.220.74 - - [10/Apr/2018 11:32:31] "GET /function/view_project HTTP/1.1" 200 -
2018-04-10 11:32:31,119 INFO    : 211.103.220.74 - - [10/Apr/2018 11:32:31] "GET /function/view_project HTTP/1.1" 200 -
2018-04-10 11:32:31,146 INFO    : 211.103.220.74 - - [10/Apr/2018 11:32:31] "GET /function/view_project HTTP/1.1" 200 -
2018-04-10 11:32:31,173 INFO    : 211.103.220.74 - - [10/Apr/2018 11:32:31] "GET /function/view_project HTTP/1.1" 200 -
2018-04-10 11:32:31,201 INFO    : 211.103.220.74 - - [10/Apr/2018 11:32:31] "GET /function/view_project HTTP/1.1" 200 -
2018-04-10 11:32:31,228 INFO    : 211.103.220.74 - - [10/Apr/2018 11:32:31] "GET /function/view_project HTTP/1.1" 200 -
2018-04-10 11:32:31,255 INFO    : 211.103.220.74 - - [10/Apr/2018 11:32:31] "GET /function/view_project HTTP/1.1" 200 -
2018-04-10 11:32:31,283 INFO    : 211.103.220.74 - - [10/Apr/2018 11:32:31] "GET /function/view_project HTTP/1.1" 200 -
2018-04-10 11:32:31,312 INFO    : 211.103.220.74 - - [10/Apr/2018 11:32:31] "GET /function/view_project HTTP/1.1" 200 -
2018-04-10 11:32:31,339 INFO    : 211.103.220.74 - - [10/Apr/2018 11:32:31] "GET /function/view_project HTTP/1.1" 200 -
2018-04-10 11:32:31,366 INFO    : 211.103.220.74 - - [10/Apr/2018 11:32:31] "GET /function/view_project HTTP/1.1" 200 -
2018-04-10 11:32:31,393 INFO    : 211.103.220.74 - - [10/Apr/2018 11:32:31] "GET /function/view_project HTTP/1.1" 200 -
2018-04-10 11:32:31,422 INFO    : 211.103.220.74 - - [10/Apr/2018 11:32:31] "GET /function/view_project HTTP/1.1" 200 -
2018-04-10 11:32:31,449 INFO    : 211.103.220.74 - - [10/Apr/2018 11:32:31] "GET /function/view_project HTTP/1.1" 200 -
2018-04-10 11:32:31,477 INFO    : 211.103.220.74 - - [10/Apr/2018 11:32:31] "GET /function/view_project HTTP/1.1" 200 -
2018-04-10 11:32:31,506 INFO    : 211.103.220.74 - - [10/Apr/2018 11:32:31] "GET /function/view_project HTTP/1.1" 200 -
2018-04-10 11:32:31,534 INFO    : 211.103.220.74 - - [10/Apr/2018 11:32:31] "GET /function/view_project HTTP/1.1" 200 -
2018-04-10 11:32:31,561 INFO    : 211.103.220.74 - - [10/Apr/2018 11:32:31] "GET /function/view_project HTTP/1.1" 200 -
2018-04-10 11:32:31,588 INFO    : 211.103.220.74 - - [10/Apr/2018 11:32:31] "GET /function/view_project HTTP/1.1" 200 -
2018-04-10 11:32:31,615 INFO    : 211.103.220.74 - - [10/Apr/2018 11:32:31] "GET /function/view_project HTTP/1.1" 200 -
2018-04-10 11:32:31,644 INFO    : 211.103.220.74 - - [10/Apr/2018 11:32:31] "GET /function/view_project HTTP/1.1" 200 -
2018-04-10 11:32:31,672 INFO    : 211.103.220.74 - - [10/Apr/2018 11:32:31] "GET /function/view_project HTTP/1.1" 200 -
2018-04-10 11:32:31,701 INFO    : 211.103.220.74 - - [10/Apr/2018 11:32:31] "GET /function/view_project HTTP/1.1" 200 -
2018-04-10 11:32:31,730 INFO    : 211.103.220.74 - - [10/Apr/2018 11:32:31] "GET /function/view_project HTTP/1.1" 200 -
2018-04-10 11:32:31,759 INFO    : 211.103.220.74 - - [10/Apr/2018 11:32:31] "GET /function/view_project HTTP/1.1" 200 -
2018-04-10 11:32:31,786 INFO    : 211.103.220.74 - - [10/Apr/2018 11:32:31] "GET /function/view_project HTTP/1.1" 200 -
2018-04-10 11:32:31,814 INFO    : 211.103.220.74 - - [10/Apr/2018 11:32:31] "GET /function/view_project HTTP/1.1" 200 -
2018-04-10 11:32:31,842 INFO    : 211.103.220.74 - - [10/Apr/2018 11:32:31] "GET /function/view_project HTTP/1.1" 200 -
2018-04-10 11:32:31,870 INFO    : 211.103.220.74 - - [10/Apr/2018 11:32:31] "GET /function/view_project HTTP/1.1" 200 -
2018-04-10 11:32:31,899 INFO    : 211.103.220.74 - - [10/Apr/2018 11:32:31] "GET /function/view_project HTTP/1.1" 200 -
2018-04-10 11:32:31,927 INFO    : 211.103.220.74 - - [10/Apr/2018 11:32:31] "GET /function/view_project HTTP/1.1" 200 -
2018-04-10 11:32:31,954 INFO    : 211.103.220.74 - - [10/Apr/2018 11:32:31] "GET /function/view_project HTTP/1.1" 200 -
2018-04-10 11:32:31,983 INFO    : 211.103.220.74 - - [10/Apr/2018 11:32:31] "GET /function/view_project HTTP/1.1" 200 -
2018-04-10 11:32:32,011 INFO    : 211.103.220.74 - - [10/Apr/2018 11:32:32] "GET /function/view_project HTTP/1.1" 200 -
2018-04-10 11:32:32,038 INFO    : 211.103.220.74 - - [10/Apr/2018 11:32:32] "GET /function/view_project HTTP/1.1" 200 -
2018-04-10 11:32:32,065 INFO    : 211.103.220.74 - - [10/Apr/2018 11:32:32] "GET /function/view_project HTTP/1.1" 200 -
2018-04-10 11:32:32,092 INFO    : 211.103.220.74 - - [10/Apr/2018 11:32:32] "GET /function/view_project HTTP/1.1" 200 -
2018-04-10 11:32:32,119 INFO    : 211.103.220.74 - - [10/Apr/2018 11:32:32] "GET /function/view_project HTTP/1.1" 200 -
2018-04-10 11:32:32,146 INFO    : 211.103.220.74 - - [10/Apr/2018 11:32:32] "GET /function/view_project HTTP/1.1" 200 -
2018-04-10 11:32:32,174 INFO    : 211.103.220.74 - - [10/Apr/2018 11:32:32] "GET /function/view_project HTTP/1.1" 200 -
2018-04-10 11:32:32,202 INFO    : 211.103.220.74 - - [10/Apr/2018 11:32:32] "GET /function/view_project HTTP/1.1" 200 -
2018-04-10 11:32:32,230 INFO    : 211.103.220.74 - - [10/Apr/2018 11:32:32] "GET /function/view_project HTTP/1.1" 200 -
2018-04-10 11:32:32,257 INFO    : 211.103.220.74 - - [10/Apr/2018 11:32:32] "GET /function/view_project HTTP/1.1" 200 -
2018-04-10 11:32:32,284 INFO    : 211.103.220.74 - - [10/Apr/2018 11:32:32] "GET /function/view_project HTTP/1.1" 200 -
2018-04-10 11:32:32,311 INFO    : 211.103.220.74 - - [10/Apr/2018 11:32:32] "GET /function/view_project HTTP/1.1" 200 -
2018-04-10 11:32:32,338 INFO    : 211.103.220.74 - - [10/Apr/2018 11:32:32] "GET /function/view_project HTTP/1.1" 200 -
2018-04-10 11:32:32,364 INFO    : 211.103.220.74 - - [10/Apr/2018 11:32:32] "GET /function/view_project HTTP/1.1" 200 -
2018-04-10 11:32:32,392 INFO    : 211.103.220.74 - - [10/Apr/2018 11:32:32] "GET /function/view_project HTTP/1.1" 200 -
2018-04-10 11:32:32,421 INFO    : 211.103.220.74 - - [10/Apr/2018 11:32:32] "GET /function/view_project HTTP/1.1" 200 -
2018-04-10 11:32:32,448 INFO    : 211.103.220.74 - - [10/Apr/2018 11:32:32] "GET /function/view_project HTTP/1.1" 200 -
2018-04-10 11:32:32,475 INFO    : 211.103.220.74 - - [10/Apr/2018 11:32:32] "GET /function/view_project HTTP/1.1" 200 -
2018-04-10 11:32:32,504 INFO    : 211.103.220.74 - - [10/Apr/2018 11:32:32] "GET /function/view_project HTTP/1.1" 200 -
2018-04-10 11:32:32,531 INFO    : 211.103.220.74 - - [10/Apr/2018 11:32:32] "GET /function/view_project HTTP/1.1" 200 -
2018-04-10 11:32:32,560 INFO    : 211.103.220.74 - - [10/Apr/2018 11:32:32] "GET /function/view_project HTTP/1.1" 200 -
2018-04-10 11:32:32,589 INFO    : 211.103.220.74 - - [10/Apr/2018 11:32:32] "GET /function/view_project HTTP/1.1" 200 -
2018-04-10 11:32:32,617 INFO    : 211.103.220.74 - - [10/Apr/2018 11:32:32] "GET /function/view_project HTTP/1.1" 200 -
2018-04-10 11:32:32,647 INFO    : 211.103.220.74 - - [10/Apr/2018 11:32:32] "GET /function/view_project HTTP/1.1" 200 -
2018-04-10 11:32:32,675 INFO    : 211.103.220.74 - - [10/Apr/2018 11:32:32] "GET /function/view_project HTTP/1.1" 200 -
2018-04-10 11:32:32,704 INFO    : 211.103.220.74 - - [10/Apr/2018 11:32:32] "GET /function/view_project HTTP/1.1" 200 -
2018-04-10 11:32:32,731 INFO    : 211.103.220.74 - - [10/Apr/2018 11:32:32] "GET /function/view_project HTTP/1.1" 200 -
2018-04-10 11:32:32,759 INFO    : 211.103.220.74 - - [10/Apr/2018 11:32:32] "GET /function/view_project HTTP/1.1" 200 -
2018-04-10 11:32:32,788 INFO    : 211.103.220.74 - - [10/Apr/2018 11:32:32] "GET /function/view_project HTTP/1.1" 200 -
2018-04-10 11:32:32,815 INFO    : 211.103.220.74 - - [10/Apr/2018 11:32:32] "GET /function/view_project HTTP/1.1" 200 -
2018-04-10 11:32:32,843 INFO    : 211.103.220.74 - - [10/Apr/2018 11:32:32] "GET /function/view_project HTTP/1.1" 200 -
2018-04-10 11:32:32,870 INFO    : 211.103.220.74 - - [10/Apr/2018 11:32:32] "GET /function/view_project HTTP/1.1" 200 -
2018-04-10 11:32:32,898 INFO    : 211.103.220.74 - - [10/Apr/2018 11:32:32] "GET /function/view_project HTTP/1.1" 200 -
2018-04-10 11:32:32,926 INFO    : 211.103.220.74 - - [10/Apr/2018 11:32:32] "GET /function/view_project HTTP/1.1" 200 -
2018-04-10 11:32:32,954 INFO    : 211.103.220.74 - - [10/Apr/2018 11:32:32] "GET /function/view_project HTTP/1.1" 200 -
2018-04-10 11:32:32,982 INFO    : 211.103.220.74 - - [10/Apr/2018 11:32:32] "GET /function/view_project HTTP/1.1" 200 -
2018-04-10 11:32:33,009 INFO    : 211.103.220.74 - - [10/Apr/2018 11:32:33] "GET /function/view_project HTTP/1.1" 200 -
2018-04-10 11:32:33,036 INFO    : 211.103.220.74 - - [10/Apr/2018 11:32:33] "GET /function/view_project HTTP/1.1" 200 -
2018-04-10 11:32:33,064 INFO    : 211.103.220.74 - - [10/Apr/2018 11:32:33] "GET /function/view_project HTTP/1.1" 200 -
2018-04-10 11:32:33,091 INFO    : 211.103.220.74 - - [10/Apr/2018 11:32:33] "GET /function/view_project HTTP/1.1" 200 -
2018-04-10 11:32:33,119 INFO    : 211.103.220.74 - - [10/Apr/2018 11:32:33] "GET /function/view_project HTTP/1.1" 200 -
2018-04-10 11:32:33,146 INFO    : 211.103.220.74 - - [10/Apr/2018 11:32:33] "GET /function/view_project HTTP/1.1" 200 -
2018-04-10 11:32:33,173 INFO    : 211.103.220.74 - - [10/Apr/2018 11:32:33] "GET /function/view_project HTTP/1.1" 200 -
2018-04-10 11:32:33,200 INFO    : 211.103.220.74 - - [10/Apr/2018 11:32:33] "GET /function/view_project HTTP/1.1" 200 -
2018-04-10 11:32:33,227 INFO    : 211.103.220.74 - - [10/Apr/2018 11:32:33] "GET /function/view_project HTTP/1.1" 200 -
2018-04-10 11:32:33,255 INFO    : 211.103.220.74 - - [10/Apr/2018 11:32:33] "GET /function/view_project HTTP/1.1" 200 -
2018-04-10 11:32:33,284 INFO    : 211.103.220.74 - - [10/Apr/2018 11:32:33] "GET /function/view_project HTTP/1.1" 200 -
2018-04-10 11:32:33,312 INFO    : 211.103.220.74 - - [10/Apr/2018 11:32:33] "GET /function/view_project HTTP/1.1" 200 -
2018-04-10 11:32:33,339 INFO    : 211.103.220.74 - - [10/Apr/2018 11:32:33] "GET /function/view_project HTTP/1.1" 200 -
2018-04-10 11:32:33,366 INFO    : 211.103.220.74 - - [10/Apr/2018 11:32:33] "GET /function/view_project HTTP/1.1" 200 -
2018-04-10 11:32:33,394 INFO    : 211.103.220.74 - - [10/Apr/2018 11:32:33] "GET /function/view_project HTTP/1.1" 200 -
2018-04-10 11:32:33,421 INFO    : 211.103.220.74 - - [10/Apr/2018 11:32:33] "GET /function/view_project HTTP/1.1" 200 -
2018-04-10 11:32:33,448 INFO    : 211.103.220.74 - - [10/Apr/2018 11:32:33] "GET /function/view_project HTTP/1.1" 200 -
2018-04-10 11:32:33,476 INFO    : 211.103.220.74 - - [10/Apr/2018 11:32:33] "GET /function/view_project HTTP/1.1" 200 -
2018-04-10 11:32:33,503 INFO    : 211.103.220.74 - - [10/Apr/2018 11:32:33] "GET /function/view_project HTTP/1.1" 200 -
2018-04-10 11:32:33,530 INFO    : 211.103.220.74 - - [10/Apr/2018 11:32:33] "GET /function/view_project HTTP/1.1" 200 -
2018-04-10 11:32:33,557 INFO    : 211.103.220.74 - - [10/Apr/2018 11:32:33] "GET /function/view_project HTTP/1.1" 200 -
2018-04-10 11:32:33,584 INFO    : 211.103.220.74 - - [10/Apr/2018 11:32:33] "GET /function/view_project HTTP/1.1" 200 -
2018-04-10 11:32:33,612 INFO    : 211.103.220.74 - - [10/Apr/2018 11:32:33] "GET /function/view_project HTTP/1.1" 200 -
2018-04-10 11:32:33,641 INFO    : 211.103.220.74 - - [10/Apr/2018 11:32:33] "GET /function/view_project HTTP/1.1" 200 -
2018-04-10 11:32:33,669 INFO    : 211.103.220.74 - - [10/Apr/2018 11:32:33] "GET /function/view_project HTTP/1.1" 200 -
2018-04-10 11:32:33,696 INFO    : 211.103.220.74 - - [10/Apr/2018 11:32:33] "GET /function/view_project HTTP/1.1" 200 -
2018-04-10 11:32:33,725 INFO    : 211.103.220.74 - - [10/Apr/2018 11:32:33] "GET /function/view_project HTTP/1.1" 200 -
2018-04-10 11:32:33,754 INFO    : 211.103.220.74 - - [10/Apr/2018 11:32:33] "GET /function/view_project HTTP/1.1" 200 -
2018-04-10 11:32:33,783 INFO    : 211.103.220.74 - - [10/Apr/2018 11:32:33] "GET /function/view_project HTTP/1.1" 200 -
2018-04-10 11:32:33,809 INFO    : 211.103.220.74 - - [10/Apr/2018 11:32:33] "GET /function/view_project HTTP/1.1" 200 -
2018-04-10 11:32:33,837 INFO    : 211.103.220.74 - - [10/Apr/2018 11:32:33] "GET /function/view_project HTTP/1.1" 200 -
2018-04-10 11:32:33,866 INFO    : 211.103.220.74 - - [10/Apr/2018 11:32:33] "GET /function/view_project HTTP/1.1" 200 -
2018-04-10 11:32:33,893 INFO    : 211.103.220.74 - - [10/Apr/2018 11:32:33] "GET /function/view_project HTTP/1.1" 200 -
2018-04-10 11:32:33,921 INFO    : 211.103.220.74 - - [10/Apr/2018 11:32:33] "GET /function/view_project HTTP/1.1" 200 -
2018-04-10 11:32:33,950 INFO    : 211.103.220.74 - - [10/Apr/2018 11:32:33] "GET /function/view_project HTTP/1.1" 200 -
2018-04-10 11:32:33,979 INFO    : 211.103.220.74 - - [10/Apr/2018 11:32:33] "GET /function/view_project HTTP/1.1" 200 -
2018-04-10 11:32:34,006 INFO    : 211.103.220.74 - - [10/Apr/2018 11:32:34] "GET /function/view_project HTTP/1.1" 200 -
2018-04-10 11:32:34,035 INFO    : 211.103.220.74 - - [10/Apr/2018 11:32:34] "GET /function/view_project HTTP/1.1" 200 -
2018-04-10 11:32:34,065 INFO    : 211.103.220.74 - - [10/Apr/2018 11:32:34] "GET /function/view_project HTTP/1.1" 200 -
2018-04-10 11:32:34,094 INFO    : 211.103.220.74 - - [10/Apr/2018 11:32:34] "GET /function/view_project HTTP/1.1" 200 -
2018-04-10 11:32:34,122 INFO    : 211.103.220.74 - - [10/Apr/2018 11:32:34] "GET /function/view_project HTTP/1.1" 200 -
2018-04-10 11:32:34,151 INFO    : 211.103.220.74 - - [10/Apr/2018 11:32:34] "GET /function/view_project HTTP/1.1" 200 -
2018-04-10 11:32:34,178 INFO    : 211.103.220.74 - - [10/Apr/2018 11:32:34] "GET /function/view_project HTTP/1.1" 200 -
2018-04-10 11:32:34,205 INFO    : 211.103.220.74 - - [10/Apr/2018 11:32:34] "GET /function/view_project HTTP/1.1" 200 -
2018-04-10 11:32:34,233 INFO    : 211.103.220.74 - - [10/Apr/2018 11:32:34] "GET /function/view_project HTTP/1.1" 200 -
2018-04-10 11:32:34,261 INFO    : 211.103.220.74 - - [10/Apr/2018 11:32:34] "GET /function/view_project HTTP/1.1" 200 -
2018-04-10 11:32:34,289 INFO    : 211.103.220.74 - - [10/Apr/2018 11:32:34] "GET /function/view_project HTTP/1.1" 200 -
2018-04-10 11:32:34,316 INFO    : 211.103.220.74 - - [10/Apr/2018 11:32:34] "GET /function/view_project HTTP/1.1" 200 -
2018-04-10 11:32:34,342 INFO    : 211.103.220.74 - - [10/Apr/2018 11:32:34] "GET /function/view_project HTTP/1.1" 200 -
2018-04-10 11:32:34,369 INFO    : 211.103.220.74 - - [10/Apr/2018 11:32:34] "GET /function/view_project HTTP/1.1" 200 -
2018-04-10 11:32:34,396 INFO    : 211.103.220.74 - - [10/Apr/2018 11:32:34] "GET /function/view_project HTTP/1.1" 200 -
2018-04-10 11:32:34,424 INFO    : 211.103.220.74 - - [10/Apr/2018 11:32:34] "GET /function/view_project HTTP/1.1" 200 -
2018-04-10 11:32:34,451 INFO    : 211.103.220.74 - - [10/Apr/2018 11:32:34] "GET /function/view_project HTTP/1.1" 200 -
2018-04-10 11:32:34,477 INFO    : 211.103.220.74 - - [10/Apr/2018 11:32:34] "GET /function/view_project HTTP/1.1" 200 -
2018-04-10 11:32:34,504 INFO    : 211.103.220.74 - - [10/Apr/2018 11:32:34] "GET /function/view_project HTTP/1.1" 200 -
2018-04-10 11:32:34,531 INFO    : 211.103.220.74 - - [10/Apr/2018 11:32:34] "GET /function/view_project HTTP/1.1" 200 -
2018-04-10 11:32:34,558 INFO    : 211.103.220.74 - - [10/Apr/2018 11:32:34] "GET /function/view_project HTTP/1.1" 200 -
2018-04-10 11:32:34,586 INFO    : 211.103.220.74 - - [10/Apr/2018 11:32:34] "GET /function/view_project HTTP/1.1" 200 -
2018-04-10 11:32:34,613 INFO    : 211.103.220.74 - - [10/Apr/2018 11:32:34] "GET /function/view_project HTTP/1.1" 200 -
2018-04-10 11:32:34,641 INFO    : 211.103.220.74 - - [10/Apr/2018 11:32:34] "GET /function/view_project HTTP/1.1" 200 -
2018-04-10 11:32:34,669 INFO    : 211.103.220.74 - - [10/Apr/2018 11:32:34] "GET /function/view_project HTTP/1.1" 200 -
2018-04-10 11:32:34,698 INFO    : 211.103.220.74 - - [10/Apr/2018 11:32:34] "GET /function/view_project HTTP/1.1" 200 -
2018-04-10 11:32:34,727 INFO    : 211.103.220.74 - - [10/Apr/2018 11:32:34] "GET /function/view_project HTTP/1.1" 200 -
2018-04-10 11:32:34,755 INFO    : 211.103.220.74 - - [10/Apr/2018 11:32:34] "GET /function/view_project HTTP/1.1" 200 -
2018-04-10 11:32:34,784 INFO    : 211.103.220.74 - - [10/Apr/2018 11:32:34] "GET /function/view_project HTTP/1.1" 200 -
2018-04-10 11:32:34,812 INFO    : 211.103.220.74 - - [10/Apr/2018 11:32:34] "GET /function/view_project HTTP/1.1" 200 -
2018-04-10 11:32:34,839 INFO    : 211.103.220.74 - - [10/Apr/2018 11:32:34] "GET /function/view_project HTTP/1.1" 200 -
2018-04-10 11:32:34,867 INFO    : 211.103.220.74 - - [10/Apr/2018 11:32:34] "GET /function/view_project HTTP/1.1" 200 -
2018-04-10 11:32:34,896 INFO    : 211.103.220.74 - - [10/Apr/2018 11:32:34] "GET /function/view_project HTTP/1.1" 200 -
2018-04-10 11:32:34,924 INFO    : 211.103.220.74 - - [10/Apr/2018 11:32:34] "GET /function/view_project HTTP/1.1" 200 -
2018-04-10 11:32:34,952 INFO    : 211.103.220.74 - - [10/Apr/2018 11:32:34] "GET /function/view_project HTTP/1.1" 200 -
2018-04-10 11:32:34,979 INFO    : 211.103.220.74 - - [10/Apr/2018 11:32:34] "GET /function/view_project HTTP/1.1" 200 -
2018-04-10 11:32:35,006 INFO    : 211.103.220.74 - - [10/Apr/2018 11:32:35] "GET /function/view_project HTTP/1.1" 200 -
2018-04-10 11:32:35,032 INFO    : 211.103.220.74 - - [10/Apr/2018 11:32:35] "GET /function/view_project HTTP/1.1" 200 -
2018-04-10 11:32:35,060 INFO    : 211.103.220.74 - - [10/Apr/2018 11:32:35] "GET /function/view_project HTTP/1.1" 200 -
2018-04-10 11:32:35,088 INFO    : 211.103.220.74 - - [10/Apr/2018 11:32:35] "GET /function/view_project HTTP/1.1" 200 -
2018-04-10 11:32:35,116 INFO    : 211.103.220.74 - - [10/Apr/2018 11:32:35] "GET /function/view_project HTTP/1.1" 200 -
2018-04-10 11:32:35,145 INFO    : 211.103.220.74 - - [10/Apr/2018 11:32:35] "GET /function/view_project HTTP/1.1" 200 -
2018-04-10 11:32:35,173 INFO    : 211.103.220.74 - - [10/Apr/2018 11:32:35] "GET /function/view_project HTTP/1.1" 200 -
2018-04-10 11:32:35,201 INFO    : 211.103.220.74 - - [10/Apr/2018 11:32:35] "GET /function/view_project HTTP/1.1" 200 -
2018-04-10 11:32:35,228 INFO    : 211.103.220.74 - - [10/Apr/2018 11:32:35] "GET /function/view_project HTTP/1.1" 200 -
2018-04-10 11:32:35,256 INFO    : 211.103.220.74 - - [10/Apr/2018 11:32:35] "GET /function/view_project HTTP/1.1" 200 -
2018-04-10 11:32:35,283 INFO    : 211.103.220.74 - - [10/Apr/2018 11:32:35] "GET /function/view_project HTTP/1.1" 200 -
2018-04-10 11:32:35,311 INFO    : 211.103.220.74 - - [10/Apr/2018 11:32:35] "GET /function/view_project HTTP/1.1" 200 -
2018-04-10 11:32:35,338 INFO    : 211.103.220.74 - - [10/Apr/2018 11:32:35] "GET /function/view_project HTTP/1.1" 200 -
2018-04-10 11:32:35,367 INFO    : 211.103.220.74 - - [10/Apr/2018 11:32:35] "GET /function/view_project HTTP/1.1" 200 -
2018-04-10 11:32:35,395 INFO    : 211.103.220.74 - - [10/Apr/2018 11:32:35] "GET /function/view_project HTTP/1.1" 200 -
2018-04-10 11:32:35,422 INFO    : 211.103.220.74 - - [10/Apr/2018 11:32:35] "GET /function/view_project HTTP/1.1" 200 -
2018-04-10 11:32:35,449 INFO    : 211.103.220.74 - - [10/Apr/2018 11:32:35] "GET /function/view_project HTTP/1.1" 200 -
2018-04-10 11:32:35,476 INFO    : 211.103.220.74 - - [10/Apr/2018 11:32:35] "GET /function/view_project HTTP/1.1" 200 -
2018-04-10 11:32:35,503 INFO    : 211.103.220.74 - - [10/Apr/2018 11:32:35] "GET /function/view_project HTTP/1.1" 200 -
2018-04-10 11:32:35,531 INFO    : 211.103.220.74 - - [10/Apr/2018 11:32:35] "GET /function/view_project HTTP/1.1" 200 -
2018-04-10 11:32:35,558 INFO    : 211.103.220.74 - - [10/Apr/2018 11:32:35] "GET /function/view_project HTTP/1.1" 200 -
2018-04-10 11:32:35,584 INFO    : 211.103.220.74 - - [10/Apr/2018 11:32:35] "GET /function/view_project HTTP/1.1" 200 -
2018-04-10 11:32:35,612 INFO    : 211.103.220.74 - - [10/Apr/2018 11:32:35] "GET /function/view_project HTTP/1.1" 200 -
2018-04-10 11:32:35,640 INFO    : 211.103.220.74 - - [10/Apr/2018 11:32:35] "GET /function/view_project HTTP/1.1" 200 -
2018-04-10 11:32:35,668 INFO    : 211.103.220.74 - - [10/Apr/2018 11:32:35] "GET /function/view_project HTTP/1.1" 200 -
2018-04-10 11:32:35,697 INFO    : 211.103.220.74 - - [10/Apr/2018 11:32:35] "GET /function/view_project HTTP/1.1" 200 -
2018-04-10 11:32:35,725 INFO    : 211.103.220.74 - - [10/Apr/2018 11:32:35] "GET /function/view_project HTTP/1.1" 200 -
2018-04-10 11:32:35,757 INFO    : 211.103.220.74 - - [10/Apr/2018 11:32:35] "GET /function/view_project HTTP/1.1" 200 -
2018-04-10 11:32:35,787 INFO    : 211.103.220.74 - - [10/Apr/2018 11:32:35] "GET /function/view_project HTTP/1.1" 200 -
2018-04-10 11:32:35,816 INFO    : 211.103.220.74 - - [10/Apr/2018 11:32:35] "GET /function/view_project HTTP/1.1" 200 -
2018-04-10 11:32:35,845 INFO    : 211.103.220.74 - - [10/Apr/2018 11:32:35] "GET /function/view_project HTTP/1.1" 200 -
2018-04-10 11:32:35,873 INFO    : 211.103.220.74 - - [10/Apr/2018 11:32:35] "GET /function/view_project HTTP/1.1" 200 -
2018-04-10 11:32:35,901 INFO    : 211.103.220.74 - - [10/Apr/2018 11:32:35] "GET /function/view_project HTTP/1.1" 200 -
2018-04-10 11:32:35,929 INFO    : 211.103.220.74 - - [10/Apr/2018 11:32:35] "GET /function/view_project HTTP/1.1" 200 -
2018-04-10 11:32:35,956 INFO    : 211.103.220.74 - - [10/Apr/2018 11:32:35] "GET /function/view_project HTTP/1.1" 200 -
2018-04-10 11:32:35,984 INFO    : 211.103.220.74 - - [10/Apr/2018 11:32:35] "GET /function/view_project HTTP/1.1" 200 -
2018-04-10 11:32:36,012 INFO    : 211.103.220.74 - - [10/Apr/2018 11:32:36] "GET /function/view_project HTTP/1.1" 200 -
2018-04-10 11:32:36,041 INFO    : 211.103.220.74 - - [10/Apr/2018 11:32:36] "GET /function/view_project HTTP/1.1" 200 -
2018-04-10 11:32:36,070 INFO    : 211.103.220.74 - - [10/Apr/2018 11:32:36] "GET /function/view_project HTTP/1.1" 200 -
2018-04-10 11:32:36,098 INFO    : 211.103.220.74 - - [10/Apr/2018 11:32:36] "GET /function/view_project HTTP/1.1" 200 -
2018-04-10 11:32:36,127 INFO    : 211.103.220.74 - - [10/Apr/2018 11:32:36] "GET /function/view_project HTTP/1.1" 200 -
2018-04-10 11:32:36,355 INFO    : 211.103.220.74 - - [10/Apr/2018 11:32:36] "GET /function/view_project HTTP/1.1" 200 -
2018-04-10 11:32:36,384 INFO    : 211.103.220.74 - - [10/Apr/2018 11:32:36] "GET /function/view_project HTTP/1.1" 200 -
2018-04-10 11:32:36,412 INFO    : 211.103.220.74 - - [10/Apr/2018 11:32:36] "GET /function/view_project HTTP/1.1" 200 -
2018-04-10 11:32:36,442 INFO    : 211.103.220.74 - - [10/Apr/2018 11:32:36] "GET /function/view_project HTTP/1.1" 200 -
2018-04-10 11:32:36,470 INFO    : 211.103.220.74 - - [10/Apr/2018 11:32:36] "GET /function/view_project HTTP/1.1" 200 -
2018-04-10 11:32:36,497 INFO    : 211.103.220.74 - - [10/Apr/2018 11:32:36] "GET /function/view_project HTTP/1.1" 200 -
2018-04-10 11:32:36,525 INFO    : 211.103.220.74 - - [10/Apr/2018 11:32:36] "GET /function/view_project HTTP/1.1" 200 -
2018-04-10 11:32:36,552 INFO    : 211.103.220.74 - - [10/Apr/2018 11:32:36] "GET /function/view_project HTTP/1.1" 200 -
2018-04-10 11:32:36,579 INFO    : 211.103.220.74 - - [10/Apr/2018 11:32:36] "GET /function/view_project HTTP/1.1" 200 -
2018-04-10 11:32:36,606 INFO    : 211.103.220.74 - - [10/Apr/2018 11:32:36] "GET /function/view_project HTTP/1.1" 200 -
2018-04-10 11:32:36,634 INFO    : 211.103.220.74 - - [10/Apr/2018 11:32:36] "GET /function/view_project HTTP/1.1" 200 -
2018-04-10 11:32:36,661 INFO    : 211.103.220.74 - - [10/Apr/2018 11:32:36] "GET /function/view_project HTTP/1.1" 200 -
2018-04-10 11:32:36,690 INFO    : 211.103.220.74 - - [10/Apr/2018 11:32:36] "GET /function/view_project HTTP/1.1" 200 -
2018-04-10 11:32:36,718 INFO    : 211.103.220.74 - - [10/Apr/2018 11:32:36] "GET /function/view_project HTTP/1.1" 200 -
2018-04-10 11:32:36,747 INFO    : 211.103.220.74 - - [10/Apr/2018 11:32:36] "GET /function/view_project HTTP/1.1" 200 -
2018-04-10 11:32:36,777 INFO    : 211.103.220.74 - - [10/Apr/2018 11:32:36] "GET /function/view_project HTTP/1.1" 200 -
2018-04-10 11:32:36,811 INFO    : 211.103.220.74 - - [10/Apr/2018 11:32:36] "GET /function/view_project HTTP/1.1" 200 -
2018-04-10 11:32:36,839 INFO    : 211.103.220.74 - - [10/Apr/2018 11:32:36] "GET /function/view_project HTTP/1.1" 200 -
2018-04-10 11:32:36,867 INFO    : 211.103.220.74 - - [10/Apr/2018 11:32:36] "GET /function/view_project HTTP/1.1" 200 -
2018-04-10 11:32:36,895 INFO    : 211.103.220.74 - - [10/Apr/2018 11:32:36] "GET /function/view_project HTTP/1.1" 200 -
2018-04-10 11:32:36,922 INFO    : 211.103.220.74 - - [10/Apr/2018 11:32:36] "GET /function/view_project HTTP/1.1" 200 -
2018-04-10 11:32:36,948 INFO    : 211.103.220.74 - - [10/Apr/2018 11:32:36] "GET /function/view_project HTTP/1.1" 200 -
2018-04-10 11:32:36,975 INFO    : 211.103.220.74 - - [10/Apr/2018 11:32:36] "GET /function/view_project HTTP/1.1" 200 -
2018-04-10 11:32:37,003 INFO    : 211.103.220.74 - - [10/Apr/2018 11:32:37] "GET /function/view_project HTTP/1.1" 200 -
2018-04-10 11:32:37,031 INFO    : 211.103.220.74 - - [10/Apr/2018 11:32:37] "GET /function/view_project HTTP/1.1" 200 -
2018-04-10 11:32:37,058 INFO    : 211.103.220.74 - - [10/Apr/2018 11:32:37] "GET /function/view_project HTTP/1.1" 200 -
2018-04-10 11:32:37,087 INFO    : 211.103.220.74 - - [10/Apr/2018 11:32:37] "GET /function/view_project HTTP/1.1" 200 -
2018-04-10 11:32:37,113 INFO    : 211.103.220.74 - - [10/Apr/2018 11:32:37] "GET /function/view_project HTTP/1.1" 200 -
2018-04-10 11:32:37,141 INFO    : 211.103.220.74 - - [10/Apr/2018 11:32:37] "GET /function/view_project HTTP/1.1" 200 -
2018-04-10 11:32:37,168 INFO    : 211.103.220.74 - - [10/Apr/2018 11:32:37] "GET /function/view_project HTTP/1.1" 200 -
2018-04-10 11:32:37,195 INFO    : 211.103.220.74 - - [10/Apr/2018 11:32:37] "GET /function/view_project HTTP/1.1" 200 -
2018-04-10 11:32:37,223 INFO    : 211.103.220.74 - - [10/Apr/2018 11:32:37] "GET /function/view_project HTTP/1.1" 200 -
2018-04-10 11:32:37,252 INFO    : 211.103.220.74 - - [10/Apr/2018 11:32:37] "GET /function/view_project HTTP/1.1" 200 -
2018-04-10 11:32:37,281 INFO    : 211.103.220.74 - - [10/Apr/2018 11:32:37] "GET /function/view_project HTTP/1.1" 200 -
2018-04-10 11:32:37,309 INFO    : 211.103.220.74 - - [10/Apr/2018 11:32:37] "GET /function/view_project HTTP/1.1" 200 -
2018-04-10 11:32:37,339 INFO    : 211.103.220.74 - - [10/Apr/2018 11:32:37] "GET /function/view_project HTTP/1.1" 200 -
2018-04-10 11:32:37,367 INFO    : 211.103.220.74 - - [10/Apr/2018 11:32:37] "GET /function/view_project HTTP/1.1" 200 -
2018-04-10 11:32:37,398 INFO    : 211.103.220.74 - - [10/Apr/2018 11:32:37] "GET /function/view_project HTTP/1.1" 200 -
2018-04-10 11:32:37,426 INFO    : 211.103.220.74 - - [10/Apr/2018 11:32:37] "GET /function/view_project HTTP/1.1" 200 -
2018-04-10 11:32:37,454 INFO    : 211.103.220.74 - - [10/Apr/2018 11:32:37] "GET /function/view_project HTTP/1.1" 200 -
2018-04-10 11:32:37,482 INFO    : 211.103.220.74 - - [10/Apr/2018 11:32:37] "GET /function/view_project HTTP/1.1" 200 -
2018-04-10 11:32:37,509 INFO    : 211.103.220.74 - - [10/Apr/2018 11:32:37] "GET /function/view_project HTTP/1.1" 200 -
2018-04-10 11:32:37,536 INFO    : 211.103.220.74 - - [10/Apr/2018 11:32:37] "GET /function/view_project HTTP/1.1" 200 -
2018-04-10 11:32:37,563 INFO    : 211.103.220.74 - - [10/Apr/2018 11:32:37] "GET /function/view_project HTTP/1.1" 200 -
2018-04-10 11:32:37,590 INFO    : 211.103.220.74 - - [10/Apr/2018 11:32:37] "GET /function/view_project HTTP/1.1" 200 -
2018-04-10 11:32:37,617 INFO    : 211.103.220.74 - - [10/Apr/2018 11:32:37] "GET /function/view_project HTTP/1.1" 200 -
2018-04-10 11:32:37,645 INFO    : 211.103.220.74 - - [10/Apr/2018 11:32:37] "GET /function/view_project HTTP/1.1" 200 -
2018-04-10 11:32:37,674 INFO    : 211.103.220.74 - - [10/Apr/2018 11:32:37] "GET /function/view_project HTTP/1.1" 200 -
2018-04-10 11:32:37,702 INFO    : 211.103.220.74 - - [10/Apr/2018 11:32:37] "GET /function/view_project HTTP/1.1" 200 -
2018-04-10 11:32:37,731 INFO    : 211.103.220.74 - - [10/Apr/2018 11:32:37] "GET /function/view_project HTTP/1.1" 200 -
2018-04-10 11:32:37,757 INFO    : 211.103.220.74 - - [10/Apr/2018 11:32:37] "GET /function/view_project HTTP/1.1" 200 -
2018-04-10 11:32:37,784 INFO    : 211.103.220.74 - - [10/Apr/2018 11:32:37] "GET /function/view_project HTTP/1.1" 200 -
2018-04-10 11:32:37,812 INFO    : 211.103.220.74 - - [10/Apr/2018 11:32:37] "GET /function/view_project HTTP/1.1" 200 -
2018-04-10 11:32:37,840 INFO    : 211.103.220.74 - - [10/Apr/2018 11:32:37] "GET /function/view_project HTTP/1.1" 200 -
2018-04-10 11:32:37,868 INFO    : 211.103.220.74 - - [10/Apr/2018 11:32:37] "GET /function/view_project HTTP/1.1" 200 -
2018-04-10 11:32:37,896 INFO    : 211.103.220.74 - - [10/Apr/2018 11:32:37] "GET /function/view_project HTTP/1.1" 200 -
2018-04-10 11:32:37,924 INFO    : 211.103.220.74 - - [10/Apr/2018 11:32:37] "GET /function/view_project HTTP/1.1" 200 -
2018-04-10 11:32:37,952 INFO    : 211.103.220.74 - - [10/Apr/2018 11:32:37] "GET /function/view_project HTTP/1.1" 200 -
2018-04-10 11:32:37,980 INFO    : 211.103.220.74 - - [10/Apr/2018 11:32:37] "GET /function/view_project HTTP/1.1" 200 -
2018-04-10 11:32:38,008 INFO    : 211.103.220.74 - - [10/Apr/2018 11:32:38] "GET /function/view_project HTTP/1.1" 200 -
2018-04-10 11:32:38,036 INFO    : 211.103.220.74 - - [10/Apr/2018 11:32:38] "GET /function/view_project HTTP/1.1" 200 -
2018-04-10 11:32:38,064 INFO    : 211.103.220.74 - - [10/Apr/2018 11:32:38] "GET /function/view_project HTTP/1.1" 200 -
2018-04-10 11:32:38,092 INFO    : 211.103.220.74 - - [10/Apr/2018 11:32:38] "GET /function/view_project HTTP/1.1" 200 -
2018-04-10 11:32:38,120 INFO    : 211.103.220.74 - - [10/Apr/2018 11:32:38] "GET /function/view_project HTTP/1.1" 200 -
2018-04-10 11:32:38,148 INFO    : 211.103.220.74 - - [10/Apr/2018 11:32:38] "GET /function/view_project HTTP/1.1" 200 -
2018-04-10 11:32:38,175 INFO    : 211.103.220.74 - - [10/Apr/2018 11:32:38] "GET /function/view_project HTTP/1.1" 200 -
2018-04-10 11:32:38,202 INFO    : 211.103.220.74 - - [10/Apr/2018 11:32:38] "GET /function/view_project HTTP/1.1" 200 -
2018-04-10 11:32:38,230 INFO    : 211.103.220.74 - - [10/Apr/2018 11:32:38] "GET /function/view_project HTTP/1.1" 200 -
2018-04-10 11:32:38,257 INFO    : 211.103.220.74 - - [10/Apr/2018 11:32:38] "GET /function/view_project HTTP/1.1" 200 -
2018-04-10 11:32:38,284 INFO    : 211.103.220.74 - - [10/Apr/2018 11:32:38] "GET /function/view_project HTTP/1.1" 200 -
2018-04-10 11:32:38,311 INFO    : 211.103.220.74 - - [10/Apr/2018 11:32:38] "GET /function/view_project HTTP/1.1" 200 -
2018-04-10 11:32:38,338 INFO    : 211.103.220.74 - - [10/Apr/2018 11:32:38] "GET /function/view_project HTTP/1.1" 200 -
2018-04-10 11:32:38,365 INFO    : 211.103.220.74 - - [10/Apr/2018 11:32:38] "GET /function/view_project HTTP/1.1" 200 -
2018-04-10 11:32:38,393 INFO    : 211.103.220.74 - - [10/Apr/2018 11:32:38] "GET /function/view_project HTTP/1.1" 200 -
2018-04-10 11:32:38,420 INFO    : 211.103.220.74 - - [10/Apr/2018 11:32:38] "GET /function/view_project HTTP/1.1" 200 -
2018-04-10 11:32:38,448 INFO    : 211.103.220.74 - - [10/Apr/2018 11:32:38] "GET /function/view_project HTTP/1.1" 200 -
2018-04-10 11:32:38,474 INFO    : 211.103.220.74 - - [10/Apr/2018 11:32:38] "GET /function/view_project HTTP/1.1" 200 -
2018-04-10 11:32:38,501 INFO    : 211.103.220.74 - - [10/Apr/2018 11:32:38] "GET /function/view_project HTTP/1.1" 200 -
2018-04-10 11:32:38,528 INFO    : 211.103.220.74 - - [10/Apr/2018 11:32:38] "GET /function/view_project HTTP/1.1" 200 -
2018-04-10 11:32:38,555 INFO    : 211.103.220.74 - - [10/Apr/2018 11:32:38] "GET /function/view_project HTTP/1.1" 200 -
2018-04-10 11:32:38,583 INFO    : 211.103.220.74 - - [10/Apr/2018 11:32:38] "GET /function/view_project HTTP/1.1" 200 -
2018-04-10 11:32:38,612 INFO    : 211.103.220.74 - - [10/Apr/2018 11:32:38] "GET /function/view_project HTTP/1.1" 200 -
2018-04-10 11:32:38,641 INFO    : 211.103.220.74 - - [10/Apr/2018 11:32:38] "GET /function/view_project HTTP/1.1" 200 -
2018-04-10 11:32:38,669 INFO    : 211.103.220.74 - - [10/Apr/2018 11:32:38] "GET /function/view_project HTTP/1.1" 200 -
2018-04-10 11:32:38,698 INFO    : 211.103.220.74 - - [10/Apr/2018 11:32:38] "GET /function/view_project HTTP/1.1" 200 -
2018-04-10 11:32:38,726 INFO    : 211.103.220.74 - - [10/Apr/2018 11:32:38] "GET /function/view_project HTTP/1.1" 200 -
2018-04-10 11:32:38,754 INFO    : 211.103.220.74 - - [10/Apr/2018 11:32:38] "GET /function/view_project HTTP/1.1" 200 -
2018-04-10 11:32:38,782 INFO    : 211.103.220.74 - - [10/Apr/2018 11:32:38] "GET /function/view_project HTTP/1.1" 200 -
2018-04-10 11:32:38,810 INFO    : 211.103.220.74 - - [10/Apr/2018 11:32:38] "GET /function/view_project HTTP/1.1" 200 -
2018-04-10 11:32:38,839 INFO    : 211.103.220.74 - - [10/Apr/2018 11:32:38] "GET /function/view_project HTTP/1.1" 200 -
2018-04-10 11:32:38,866 INFO    : 211.103.220.74 - - [10/Apr/2018 11:32:38] "GET /function/view_project HTTP/1.1" 200 -
2018-04-10 11:32:38,893 INFO    : 211.103.220.74 - - [10/Apr/2018 11:32:38] "GET /function/view_project HTTP/1.1" 200 -
2018-04-10 11:32:38,922 INFO    : 211.103.220.74 - - [10/Apr/2018 11:32:38] "GET /function/view_project HTTP/1.1" 200 -
2018-04-10 11:32:38,950 INFO    : 211.103.220.74 - - [10/Apr/2018 11:32:38] "GET /function/view_project HTTP/1.1" 200 -
2018-04-10 11:32:38,979 INFO    : 211.103.220.74 - - [10/Apr/2018 11:32:38] "GET /function/view_project HTTP/1.1" 200 -
2018-04-10 11:32:39,007 INFO    : 211.103.220.74 - - [10/Apr/2018 11:32:39] "GET /function/view_project HTTP/1.1" 200 -
2018-04-10 11:32:39,036 INFO    : 211.103.220.74 - - [10/Apr/2018 11:32:39] "GET /function/view_project HTTP/1.1" 200 -
2018-04-10 11:32:39,063 INFO    : 211.103.220.74 - - [10/Apr/2018 11:32:39] "GET /function/view_project HTTP/1.1" 200 -
2018-04-10 11:32:39,092 INFO    : 211.103.220.74 - - [10/Apr/2018 11:32:39] "GET /function/view_project HTTP/1.1" 200 -
2018-04-10 11:32:39,120 INFO    : 211.103.220.74 - - [10/Apr/2018 11:32:39] "GET /function/view_project HTTP/1.1" 200 -
2018-04-10 11:32:39,148 INFO    : 211.103.220.74 - - [10/Apr/2018 11:32:39] "GET /function/view_project HTTP/1.1" 200 -
2018-04-10 11:32:39,176 INFO    : 211.103.220.74 - - [10/Apr/2018 11:32:39] "GET /function/view_project HTTP/1.1" 200 -
2018-04-10 11:32:39,204 INFO    : 211.103.220.74 - - [10/Apr/2018 11:32:39] "GET /function/view_project HTTP/1.1" 200 -
2018-04-10 11:32:39,233 INFO    : 211.103.220.74 - - [10/Apr/2018 11:32:39] "GET /function/view_project HTTP/1.1" 200 -
2018-04-10 11:32:39,263 INFO    : 211.103.220.74 - - [10/Apr/2018 11:32:39] "GET /function/view_project HTTP/1.1" 200 -
2018-04-10 11:32:39,292 INFO    : 211.103.220.74 - - [10/Apr/2018 11:32:39] "GET /function/view_project HTTP/1.1" 200 -
2018-04-10 11:32:39,323 INFO    : 211.103.220.74 - - [10/Apr/2018 11:32:39] "GET /function/view_project HTTP/1.1" 200 -
2018-04-10 11:32:39,352 INFO    : 211.103.220.74 - - [10/Apr/2018 11:32:39] "GET /function/view_project HTTP/1.1" 200 -
2018-04-10 11:32:39,380 INFO    : 211.103.220.74 - - [10/Apr/2018 11:32:39] "GET /function/view_project HTTP/1.1" 200 -
2018-04-10 11:32:39,409 INFO    : 211.103.220.74 - - [10/Apr/2018 11:32:39] "GET /function/view_project HTTP/1.1" 200 -
2018-04-10 11:32:39,439 INFO    : 211.103.220.74 - - [10/Apr/2018 11:32:39] "GET /function/view_project HTTP/1.1" 200 -
2018-04-10 11:32:39,467 INFO    : 211.103.220.74 - - [10/Apr/2018 11:32:39] "GET /function/view_project HTTP/1.1" 200 -
2018-04-10 11:32:39,497 INFO    : 211.103.220.74 - - [10/Apr/2018 11:32:39] "GET /function/view_project HTTP/1.1" 200 -
2018-04-10 11:32:39,525 INFO    : 211.103.220.74 - - [10/Apr/2018 11:32:39] "GET /function/view_project HTTP/1.1" 200 -
2018-04-10 11:32:39,552 INFO    : 211.103.220.74 - - [10/Apr/2018 11:32:39] "GET /function/view_project HTTP/1.1" 200 -
2018-04-10 11:32:39,580 INFO    : 211.103.220.74 - - [10/Apr/2018 11:32:39] "GET /function/view_project HTTP/1.1" 200 -
2018-04-10 11:32:39,609 INFO    : 211.103.220.74 - - [10/Apr/2018 11:32:39] "GET /function/view_project HTTP/1.1" 200 -
2018-04-10 11:32:39,638 INFO    : 211.103.220.74 - - [10/Apr/2018 11:32:39] "GET /function/view_project HTTP/1.1" 200 -
2018-04-10 11:32:39,666 INFO    : 211.103.220.74 - - [10/Apr/2018 11:32:39] "GET /function/view_project HTTP/1.1" 200 -
2018-04-10 11:32:39,693 INFO    : 211.103.220.74 - - [10/Apr/2018 11:32:39] "GET /function/view_project HTTP/1.1" 200 -
2018-04-10 11:32:39,723 INFO    : 211.103.220.74 - - [10/Apr/2018 11:32:39] "GET /function/view_project HTTP/1.1" 200 -
2018-04-10 11:32:39,753 INFO    : 211.103.220.74 - - [10/Apr/2018 11:32:39] "GET /function/view_project HTTP/1.1" 200 -
2018-04-10 11:32:39,782 INFO    : 211.103.220.74 - - [10/Apr/2018 11:32:39] "GET /function/view_project HTTP/1.1" 200 -
2018-04-10 11:32:39,811 INFO    : 211.103.220.74 - - [10/Apr/2018 11:32:39] "GET /function/view_project HTTP/1.1" 200 -
2018-04-10 11:32:39,838 INFO    : 211.103.220.74 - - [10/Apr/2018 11:32:39] "GET /function/view_project HTTP/1.1" 200 -
2018-04-10 11:32:39,866 INFO    : 211.103.220.74 - - [10/Apr/2018 11:32:39] "GET /function/view_project HTTP/1.1" 200 -
2018-04-10 11:32:39,895 INFO    : 211.103.220.74 - - [10/Apr/2018 11:32:39] "GET /function/view_project HTTP/1.1" 200 -
2018-04-10 11:32:39,923 INFO    : 211.103.220.74 - - [10/Apr/2018 11:32:39] "GET /function/view_project HTTP/1.1" 200 -
2018-04-10 11:32:39,950 INFO    : 211.103.220.74 - - [10/Apr/2018 11:32:39] "GET /function/view_project HTTP/1.1" 200 -
2018-04-10 11:32:39,979 INFO    : 211.103.220.74 - - [10/Apr/2018 11:32:39] "GET /function/view_project HTTP/1.1" 200 -
2018-04-10 11:32:40,006 INFO    : 211.103.220.74 - - [10/Apr/2018 11:32:40] "GET /function/view_project HTTP/1.1" 200 -
2018-04-10 11:32:40,034 INFO    : 211.103.220.74 - - [10/Apr/2018 11:32:40] "GET /function/view_project HTTP/1.1" 200 -
2018-04-10 11:32:40,062 INFO    : 211.103.220.74 - - [10/Apr/2018 11:32:40] "GET /function/view_project HTTP/1.1" 200 -
2018-04-10 11:32:40,090 INFO    : 211.103.220.74 - - [10/Apr/2018 11:32:40] "GET /function/view_project HTTP/1.1" 200 -
2018-04-10 11:32:40,118 INFO    : 211.103.220.74 - - [10/Apr/2018 11:32:40] "GET /function/view_project HTTP/1.1" 200 -
2018-04-10 11:32:40,145 INFO    : 211.103.220.74 - - [10/Apr/2018 11:32:40] "GET /function/view_project HTTP/1.1" 200 -
2018-04-10 11:32:40,172 INFO    : 211.103.220.74 - - [10/Apr/2018 11:32:40] "GET /function/view_project HTTP/1.1" 200 -
2018-04-10 11:32:40,201 INFO    : 211.103.220.74 - - [10/Apr/2018 11:32:40] "GET /function/view_project HTTP/1.1" 200 -
2018-04-10 11:32:40,229 INFO    : 211.103.220.74 - - [10/Apr/2018 11:32:40] "GET /function/view_project HTTP/1.1" 200 -
2018-04-10 11:32:40,256 INFO    : 211.103.220.74 - - [10/Apr/2018 11:32:40] "GET /function/view_project HTTP/1.1" 200 -
2018-04-10 11:32:40,284 INFO    : 211.103.220.74 - - [10/Apr/2018 11:32:40] "GET /function/view_project HTTP/1.1" 200 -
2018-04-10 11:32:40,311 INFO    : 211.103.220.74 - - [10/Apr/2018 11:32:40] "GET /function/view_project HTTP/1.1" 200 -
2018-04-10 11:32:40,339 INFO    : 211.103.220.74 - - [10/Apr/2018 11:32:40] "GET /function/view_project HTTP/1.1" 200 -
2018-04-10 11:32:40,367 INFO    : 211.103.220.74 - - [10/Apr/2018 11:32:40] "GET /function/view_project HTTP/1.1" 200 -
2018-04-10 11:32:40,395 INFO    : 211.103.220.74 - - [10/Apr/2018 11:32:40] "GET /function/view_project HTTP/1.1" 200 -
2018-04-10 11:32:40,423 INFO    : 211.103.220.74 - - [10/Apr/2018 11:32:40] "GET /function/view_project HTTP/1.1" 200 -
2018-04-10 11:32:40,451 INFO    : 211.103.220.74 - - [10/Apr/2018 11:32:40] "GET /function/view_project HTTP/1.1" 200 -
2018-04-10 11:32:40,478 INFO    : 211.103.220.74 - - [10/Apr/2018 11:32:40] "GET /function/view_project HTTP/1.1" 200 -
2018-04-10 11:32:40,505 INFO    : 211.103.220.74 - - [10/Apr/2018 11:32:40] "GET /function/view_project HTTP/1.1" 200 -
2018-04-10 11:32:40,532 INFO    : 211.103.220.74 - - [10/Apr/2018 11:32:40] "GET /function/view_project HTTP/1.1" 200 -
2018-04-10 11:32:40,559 INFO    : 211.103.220.74 - - [10/Apr/2018 11:32:40] "GET /function/view_project HTTP/1.1" 200 -
2018-04-10 11:32:40,586 INFO    : 211.103.220.74 - - [10/Apr/2018 11:32:40] "GET /function/view_project HTTP/1.1" 200 -
2018-04-10 11:32:40,614 INFO    : 211.103.220.74 - - [10/Apr/2018 11:32:40] "GET /function/view_project HTTP/1.1" 200 -
2018-04-10 11:32:40,641 INFO    : 211.103.220.74 - - [10/Apr/2018 11:32:40] "GET /function/view_project HTTP/1.1" 200 -
2018-04-10 11:32:40,669 INFO    : 211.103.220.74 - - [10/Apr/2018 11:32:40] "GET /function/view_project HTTP/1.1" 200 -
2018-04-10 11:32:40,699 INFO    : 211.103.220.74 - - [10/Apr/2018 11:32:40] "GET /function/view_project HTTP/1.1" 200 -
2018-04-10 11:32:40,726 INFO    : 211.103.220.74 - - [10/Apr/2018 11:32:40] "GET /function/view_project HTTP/1.1" 200 -
2018-04-10 11:32:40,754 INFO    : 211.103.220.74 - - [10/Apr/2018 11:32:40] "GET /function/view_project HTTP/1.1" 200 -
2018-04-10 11:32:40,782 INFO    : 211.103.220.74 - - [10/Apr/2018 11:32:40] "GET /function/view_project HTTP/1.1" 200 -
2018-04-10 11:32:40,810 INFO    : 211.103.220.74 - - [10/Apr/2018 11:32:40] "GET /function/view_project HTTP/1.1" 200 -
2018-04-10 11:32:40,838 INFO    : 211.103.220.74 - - [10/Apr/2018 11:32:40] "GET /function/view_project HTTP/1.1" 200 -
2018-04-10 11:32:40,866 INFO    : 211.103.220.74 - - [10/Apr/2018 11:32:40] "GET /function/view_project HTTP/1.1" 200 -
2018-04-20 11:55:03,116 INFO    :  * Running on http://0.0.0.0:6000/ (Press CTRL+C to quit)
2018-04-20 12:13:31,916 INFO    :  * Running on http://0.0.0.0:6000/ (Press CTRL+C to quit)
2018-04-20 12:15:12,658 INFO    :  * Running on http://0.0.0.0:6000/ (Press CTRL+C to quit)
2018-04-20 12:15:15,436 INFO    :  * Running on http://0.0.0.0:6000/ (Press CTRL+C to quit)
2018-04-20 12:15:33,523 INFO    : 211.103.220.74 - - [20/Apr/2018 12:15:33] "GET /function/view_project HTTP/1.1" 200 -
2018-04-20 12:15:49,887 ERROR   : Exception on /function/test [POST]
Traceback (most recent call last):
  File "/usr/lib/python2.7/dist-packages/flask/app.py", line 1817, in wsgi_app
    response = self.full_dispatch_request()
  File "/usr/lib/python2.7/dist-packages/flask/app.py", line 1477, in full_dispatch_request
    rv = self.handle_user_exception(e)
  File "/usr/lib/python2.7/dist-packages/flask/app.py", line 1381, in handle_user_exception
    reraise(exc_type, exc_value, tb)
  File "/usr/lib/python2.7/dist-packages/flask/app.py", line 1475, in full_dispatch_request
    rv = self.dispatch_request()
  File "/usr/lib/python2.7/dist-packages/flask/app.py", line 1461, in dispatch_request
    return self.view_functions[rule.endpoint](**req.view_args)
  File "main.py", line 115, in test
    return json.dumps(resp_dict,sort_keys=True,indent=4,mimetype='application/json')
  File "/usr/lib/python2.7/json/__init__.py", line 251, in dumps
    sort_keys=sort_keys, **kw).encode(obj)
TypeError: __init__() got an unexpected keyword argument 'mimetype'
2018-04-20 12:15:49,890 INFO    : 211.103.220.74 - - [20/Apr/2018 12:15:49] "POST /function/test HTTP/1.1" 500 -
2018-04-20 12:15:56,846 INFO    : new_project request
2018-04-20 12:15:56,846 INFO    : get id and name
2018-04-20 12:15:56,846 INFO    : success
2018-04-20 12:15:56,846 INFO    : check id
2018-04-20 12:15:56,862 INFO    : check_id.sh done
2018-04-20 12:15:56,862 INFO    : id not exsit
2018-04-20 12:15:56,862 WARNING : new_project ok
2018-04-20 12:15:56,863 INFO    : 211.103.220.74 - - [20/Apr/2018 12:15:56] "POST /ctl/new_project HTTP/1.1" 200 -
2018-04-20 12:15:58,368 INFO    : new_project request
2018-04-20 12:15:58,368 INFO    : get id and name
2018-04-20 12:15:58,368 INFO    : success
2018-04-20 12:15:58,368 INFO    : check id
2018-04-20 12:15:58,383 INFO    : check_id.sh done
2018-04-20 12:15:58,383 INFO    : id not exsit
2018-04-20 12:15:58,383 WARNING : new_project ok
2018-04-20 12:15:58,383 INFO    : 211.103.220.74 - - [20/Apr/2018 12:15:58] "POST /ctl/new_project HTTP/1.1" 200 -
2018-04-20 12:15:59,128 INFO    : new_project request
2018-04-20 12:15:59,129 INFO    : get id and name
2018-04-20 12:15:59,129 INFO    : success
2018-04-20 12:15:59,129 INFO    : check id
2018-04-20 12:15:59,144 INFO    : check_id.sh done
2018-04-20 12:15:59,144 INFO    : id not exsit
2018-04-20 12:15:59,144 WARNING : new_project ok
2018-04-20 12:15:59,145 INFO    : 211.103.220.74 - - [20/Apr/2018 12:15:59] "POST /ctl/new_project HTTP/1.1" 200 -
2018-04-20 12:15:59,487 INFO    : new_project request
2018-04-20 12:15:59,487 INFO    : get id and name
2018-04-20 12:15:59,487 INFO    : success
2018-04-20 12:15:59,487 INFO    : check id
2018-04-20 12:15:59,502 INFO    : check_id.sh done
2018-04-20 12:15:59,502 INFO    : id not exsit
2018-04-20 12:15:59,502 WARNING : new_project ok
2018-04-20 12:15:59,503 INFO    : 211.103.220.74 - - [20/Apr/2018 12:15:59] "POST /ctl/new_project HTTP/1.1" 200 -
2018-04-20 12:15:59,826 INFO    : new_project request
2018-04-20 12:15:59,827 INFO    : get id and name
2018-04-20 12:15:59,827 INFO    : success
2018-04-20 12:15:59,827 INFO    : check id
2018-04-20 12:15:59,842 INFO    : check_id.sh done
2018-04-20 12:15:59,842 INFO    : id not exsit
2018-04-20 12:15:59,842 WARNING : new_project ok
2018-04-20 12:15:59,842 INFO    : 211.103.220.74 - - [20/Apr/2018 12:15:59] "POST /ctl/new_project HTTP/1.1" 200 -
2018-04-20 12:16:00,242 INFO    : new_project request
2018-04-20 12:16:00,242 INFO    : get id and name
2018-04-20 12:16:00,242 INFO    : success
2018-04-20 12:16:00,242 INFO    : check id
2018-04-20 12:16:00,256 INFO    : check_id.sh done
2018-04-20 12:16:00,257 INFO    : id not exsit
2018-04-20 12:16:00,257 WARNING : new_project ok
2018-04-20 12:16:00,257 INFO    : 211.103.220.74 - - [20/Apr/2018 12:16:00] "POST /ctl/new_project HTTP/1.1" 200 -
2018-04-20 12:16:00,614 INFO    : new_project request
2018-04-20 12:16:00,614 INFO    : get id and name
2018-04-20 12:16:00,614 INFO    : success
2018-04-20 12:16:00,614 INFO    : check id
2018-04-20 12:16:00,629 INFO    : check_id.sh done
2018-04-20 12:16:00,630 INFO    : id not exsit
2018-04-20 12:16:00,630 WARNING : new_project ok
2018-04-20 12:16:00,630 INFO    : 211.103.220.74 - - [20/Apr/2018 12:16:00] "POST /ctl/new_project HTTP/1.1" 200 -
2018-04-20 12:16:01,058 INFO    : new_project request
2018-04-20 12:16:01,058 INFO    : get id and name
2018-04-20 12:16:01,058 INFO    : success
2018-04-20 12:16:01,058 INFO    : check id
2018-04-20 12:16:01,073 INFO    : check_id.sh done
2018-04-20 12:16:01,073 INFO    : id not exsit
2018-04-20 12:16:01,073 WARNING : new_project ok
2018-04-20 12:16:01,074 INFO    : 211.103.220.74 - - [20/Apr/2018 12:16:01] "POST /ctl/new_project HTTP/1.1" 200 -
2018-04-20 18:35:48,692 INFO    :  * Running on http://0.0.0.0:6000/ (Press CTRL+C to quit)
2018-04-20 18:36:04,346 INFO    : <<=============== new_project request
2018-04-20 18:36:04,347 INFO    : get id and name
2018-04-20 18:36:04,347 INFO    : get id ok
2018-04-20 18:36:04,347 INFO    : get name ok
2018-04-20 18:36:04,347 INFO    : check id
2018-04-20 18:36:04,368 INFO    : check_id.sh done
2018-04-20 18:36:04,368 WARNING : id already exsit
2018-04-20 18:36:04,368 WARNING : new_project failed
2018-04-20 18:36:04,369 INFO    : 211.103.220.74 - - [20/Apr/2018 18:36:04] "POST /ctl/new_project HTTP/1.1" 200 -
2018-04-20 18:36:13,265 INFO    : <<=============== new_project request
2018-04-20 18:36:13,266 INFO    : get id and name
2018-04-20 18:36:13,266 INFO    : get id ok
2018-04-20 18:36:13,266 INFO    : get name ok
2018-04-20 18:36:13,266 INFO    : check id
2018-04-20 18:36:13,287 INFO    : check_id.sh done
2018-04-20 18:36:13,287 WARNING : id already exsit
2018-04-20 18:36:13,287 WARNING : new_project failed
2018-04-20 18:36:13,288 INFO    : 211.103.220.74 - - [20/Apr/2018 18:36:13] "POST /ctl/new_project HTTP/1.1" 200 -
2018-04-20 18:36:57,453 INFO    :  * Running on http://0.0.0.0:6000/ (Press CTRL+C to quit)
2018-04-20 18:37:01,577 INFO    : <<=============== new_project request
2018-04-20 18:37:01,577 INFO    : get id and name
2018-04-20 18:37:01,577 INFO    : get id ok
2018-04-20 18:37:01,578 INFO    : get name ok
2018-04-20 18:37:01,578 INFO    : check id
2018-04-20 18:37:01,598 INFO    : check_id.sh done
2018-04-20 18:37:01,599 INFO    : id not exsit
2018-04-20 18:37:01,599 INFO    : new_project ok
2018-04-20 18:37:01,768 ERROR   : Exception on /ctl/new_project [POST]
Traceback (most recent call last):
  File "/usr/lib/python2.7/dist-packages/flask/app.py", line 1817, in wsgi_app
    response = self.full_dispatch_request()
  File "/usr/lib/python2.7/dist-packages/flask/app.py", line 1477, in full_dispatch_request
    rv = self.handle_user_exception(e)
  File "/usr/lib/python2.7/dist-packages/flask/app.py", line 1381, in handle_user_exception
    reraise(exc_type, exc_value, tb)
  File "/usr/lib/python2.7/dist-packages/flask/app.py", line 1475, in full_dispatch_request
    rv = self.dispatch_request()
  File "/usr/lib/python2.7/dist-packages/flask/app.py", line 1461, in dispatch_request
    return self.view_functions[rule.endpoint](**req.view_args)
  File "main.py", line 52, in new_project
    (c_status, c_result) = commands.getstatusoutput('./shell/new_project.sh %s %s'%(id,name))
NameError: global name 'name' is not defined
2018-04-20 18:37:02,062 INFO    : 211.103.220.74 - - [20/Apr/2018 18:37:02] "POST /ctl/new_project HTTP/1.1" 500 -
2018-04-20 18:37:45,481 INFO    :  * Running on http://0.0.0.0:6000/ (Press CTRL+C to quit)
2018-04-20 18:37:50,840 INFO    : <<=============== new_project request
2018-04-20 18:37:50,841 INFO    : get id and name
2018-04-20 18:37:50,841 INFO    : get id ok
2018-04-20 18:37:50,841 INFO    : get name ok
2018-04-20 18:37:50,841 INFO    : check id
2018-04-20 18:37:50,861 INFO    : check_id.sh done
2018-04-20 18:37:50,861 INFO    : id not exsit
2018-04-20 18:37:50,861 INFO    : new_project ok
2018-04-20 18:37:50,862 INFO    : 211.103.220.74 - - [20/Apr/2018 18:37:50] "POST /ctl/new_project HTTP/1.1" 200 -
2018-04-20 18:37:55,713 INFO    : <<=============== new_project request
2018-04-20 18:37:55,713 INFO    : get id and name
2018-04-20 18:37:55,713 INFO    : get id ok
2018-04-20 18:37:55,713 INFO    : get name ok
2018-04-20 18:37:55,713 INFO    : check id
2018-04-20 18:37:55,735 INFO    : check_id.sh done
2018-04-20 18:37:55,735 INFO    : id not exsit
2018-04-20 18:37:55,735 INFO    : new_project ok
2018-04-20 18:37:55,735 INFO    : 211.103.220.74 - - [20/Apr/2018 18:37:55] "POST /ctl/new_project HTTP/1.1" 200 -
2018-04-20 18:38:00,767 INFO    : <<=============== new_project request
2018-04-20 18:38:00,768 INFO    : get id and name
2018-04-20 18:38:00,768 INFO    : get id ok
2018-04-20 18:38:00,768 INFO    : get name ok
2018-04-20 18:38:00,768 INFO    : check id
2018-04-20 18:38:00,788 INFO    : check_id.sh done
2018-04-20 18:38:00,788 WARNING : id already exsit
2018-04-20 18:38:00,788 WARNING : new_project failed
2018-04-20 18:38:00,789 INFO    : 211.103.220.74 - - [20/Apr/2018 18:38:00] "POST /ctl/new_project HTTP/1.1" 200 -
2018-04-20 18:38:07,352 INFO    : <<=============== new_project request
2018-04-20 18:38:07,352 INFO    : get id and name
2018-04-20 18:38:07,353 INFO    : get id ok
2018-04-20 18:38:07,353 INFO    : get name ok
2018-04-20 18:38:07,353 INFO    : check id
2018-04-20 18:38:07,371 INFO    : check_id.sh done
2018-04-20 18:38:07,371 WARNING : id already exsit
2018-04-20 18:38:07,371 WARNING : new_project failed
2018-04-20 18:38:07,372 INFO    : 211.103.220.74 - - [20/Apr/2018 18:38:07] "POST /ctl/new_project HTTP/1.1" 200 -
2018-04-20 18:38:16,711 INFO    : <<=============== new_project request
2018-04-20 18:38:16,711 INFO    : get id and name
2018-04-20 18:38:16,711 INFO    : get id ok
2018-04-20 18:38:16,711 INFO    : get name ok
2018-04-20 18:38:16,711 INFO    : check id
2018-04-20 18:38:16,733 INFO    : check_id.sh done
2018-04-20 18:38:16,734 INFO    : id not exsit
2018-04-20 18:38:16,734 INFO    : new_project ok
2018-04-20 18:38:16,734 INFO    : 211.103.220.74 - - [20/Apr/2018 18:38:16] "POST /ctl/new_project HTTP/1.1" 200 -
2018-04-20 18:41:07,260 INFO    :  * Running on http://0.0.0.0:6000/ (Press CTRL+C to quit)
2018-04-20 18:41:14,479 INFO    : <<=============== new_project request
2018-04-20 18:41:14,480 INFO    : get id and name
2018-04-20 18:41:14,480 INFO    : get id ok
2018-04-20 18:41:14,480 INFO    : get name ok
2018-04-20 18:41:14,480 INFO    : check id
2018-04-20 18:41:15,421 INFO    : check_id.sh done
2018-04-20 18:41:15,422 WARNING : id already exsit
2018-04-20 18:41:15,422 WARNING : new_project failed
2018-04-20 18:41:15,422 INFO    : 211.103.220.74 - - [20/Apr/2018 18:41:15] "POST /ctl/new_project HTTP/1.1" 200 -
2018-04-20 18:41:21,623 INFO    : <<=============== new_project request
2018-04-20 18:41:21,624 INFO    : get id and name
2018-04-20 18:41:21,624 INFO    : get id ok
2018-04-20 18:41:21,624 INFO    : get name ok
2018-04-20 18:41:21,624 INFO    : check id
2018-04-20 18:41:21,645 INFO    : check_id.sh done
2018-04-20 18:41:21,645 INFO    : id not exsit
2018-04-20 18:41:21,645 INFO    : new_project ok
2018-04-20 18:41:31,855 INFO    : 211.103.220.74 - - [20/Apr/2018 18:41:31] "POST /ctl/new_project HTTP/1.1" 200 -
